12-01 21:17:13.060  5389  5389 I Telephony: AccountEntry: Registered phoneAccount: [[ ] PhoneAccount: ComponentInfo{com.android.phone/com.android.services.telephony.TelephonyConnectionService}, [****], UserHandle{0} Capabilities: CallProvider MultiUser PlaceEmerg SimSub  Audio Routes: BESW Schemes: tel voicemail  Extras: Bundle[{android.telecom.extra.SUPPORTS_VIDEO_CALLING_FALLBACK=true}] GroupId: [****]] with handle: ComponentInfo{com.android.phone/com.android.services.telephony.TelephonyConnectionService}, [****], UserHandle{0}
12-01 21:17:13.060  5389  5389 I Telephony: PstnIncomingCallNotifier: Registering: Handler (com.android.internal.telephony.GsmCdmaPhone) {15d1a80}
12-01 21:17:13.063  5389  5389 I Telephony: PstnPhoneCapabilitiesNotifier: handleVideoCapabilitesChanged. Video capability - false
12-01 21:17:13.078  4622  7619 I chatty  : uid=1000(system) Binder:4622_7 expire 9 lines
12-01 21:18:06.730  5389  5389 I Telephony: PstnIncomingCallNotifier: Unregistering: Handler (com.android.internal.telephony.GsmCdmaPhone) {15d1a80}
12-01 21:18:06.746  5389  5389 I Telephony: AccountEntry: Registered phoneAccount: [[ ] PhoneAccount: ComponentInfo{com.android.phone/com.android.services.telephony.TelephonyConnectionService}, [****], UserHandle{0} Capabilities: CallProvider MultiUser PlaceEmerg SimSub  Audio Routes: BESW Schemes: tel voicemail  Extras: Bundle[{android.telecom.extra.SUPPORTS_VIDEO_CALLING_FALLBACK=true}] GroupId: [****]] with handle: ComponentInfo{com.android.phone/com.android.services.telephony.TelephonyConnectionService}, [****], UserHandle{0}
12-01 21:18:06.747  5389  5389 I Telephony: PstnIncomingCallNotifier: Registering: Handler (com.android.internal.telephony.GsmCdmaPhone) {15d1a80}
12-01 21:18:06.787  5389  5389 I Telephony: PstnPhoneCapabilitiesNotifier: handleVideoCapabilitesChanged. Video capability - false
12-01 21:18:27.610  5389  5389 D MccTable: updateMccMncConfiguration mccmnc='23420' fromServiceState=true
12-01 21:18:27.611  5389  5389 D MccTable: updateMccMncConfiguration defaultMccMnc=23420
12-01 21:18:27.611  5389  5389 D MccTable: updateMccMncConfiguration: mcc=234, mnc=20
12-01 21:18:27.611  5389  5389 D MccTable: WIFI_COUNTRY_CODE set to gb
12-01 21:18:27.701  5389  5389 I Telephony: PstnIncomingCallNotifier: Unregistering: Handler (com.android.internal.telephony.GsmCdmaPhone) {15d1a80}
12-01 21:18:27.717  5389  5389 I Telephony: AccountEntry: Registered phoneAccount: [[ ] PhoneAccount: ComponentInfo{com.android.phone/com.android.services.telephony.TelephonyConnectionService}, [****], UserHandle{0} Capabilities: CallProvider MultiUser PlaceEmerg SimSub  Audio Routes: BESW Schemes: tel voicemail  Extras: Bundle[{android.telecom.extra.SUPPORTS_VIDEO_CALLING_FALLBACK=true}] GroupId: [****]] with handle: ComponentInfo{com.android.phone/com.android.services.telephony.TelephonyConnectionService}, [****], UserHandle{0}
12-01 21:18:27.717  5389  5389 I Telephony: PstnIncomingCallNotifier: Registering: Handler (com.android.internal.telephony.GsmCdmaPhone) {15d1a80}
12-01 21:18:27.722  5389  5389 I Telephony: PstnIncomingCallNotifier: Unregistering: Handler (com.android.internal.telephony.GsmCdmaPhone) {15d1a80}
12-01 21:18:27.740  5389  5389 I Telephony: AccountEntry: Registered phoneAccount: [[ ] PhoneAccount: ComponentInfo{com.android.phone/com.android.services.telephony.TelephonyConnectionService}, [****], UserHandle{0} Capabilities: CallProvider MultiUser PlaceEmerg SimSub  Audio Routes: BESW Schemes: tel voicemail  Extras: Bundle[{android.telecom.extra.SUPPORTS_VIDEO_CALLING_FALLBACK=true}] GroupId: [****]] with handle: ComponentInfo{com.android.phone/com.android.services.telephony.TelephonyConnectionService}, [****], UserHandle{0}
12-01 21:18:27.741  5389  5389 I Telephony: PstnIncomingCallNotifier: Registering: Handler (com.android.internal.telephony.GsmCdmaPhone) {15d1a80}
12-01 21:19:02.978  5389  5389 I Telephony: PstnPhoneCapabilitiesNotifier: handleVideoCapabilitesChanged. Video capability - false
12-01 21:19:02.978  5389  5389 I Telephony: PstnPhoneCapabilitiesNotifier: handleVideoCapabilitesChanged. Video capability - false
12-01 21:19:03.033  5389  5389 D MccTable: updateMccMncConfiguration mccmnc='' fromServiceState=true
12-01 21:19:03.033  5389  5389 D MccTable: WIFI_COUNTRY_CODE set to 
12-01 21:19:03.117  5389  5389 I Telephony: PstnIncomingCallNotifier: Unregistering: Handler (com.android.internal.telephony.GsmCdmaPhone) {15d1a80}
12-01 21:19:03.142  5389  5389 I Telephony: AccountEntry: Registered phoneAccount: [[ ] PhoneAccount: ComponentInfo{com.android.phone/com.android.services.telephony.TelephonyConnectionService}, [****], UserHandle{0} Capabilities: CallProvider MultiUser PlaceEmerg SimSub  Audio Routes: BESW Schemes: tel voicemail  Extras: Bundle[{android.telecom.extra.SUPPORTS_VIDEO_CALLING_FALLBACK=true}] GroupId: [****]] with handle: ComponentInfo{com.android.phone/com.android.services.telephony.TelephonyConnectionService}, [****], UserHandle{0}
12-01 21:19:03.142  5389  5389 I Telephony: PstnIncomingCallNotifier: Registering: Handler (com.android.internal.telephony.GsmCdmaPhone) {15d1a80}
12-01 21:19:03.151  5389  5389 I Telephony: PstnPhoneCapabilitiesNotifier: handleVideoCapabilitesChanged. Video capability - false
12-01 21:20:32.781  5389  5389 I Telephony: PstnIncomingCallNotifier: Unregistering: Handler (com.android.internal.telephony.GsmCdmaPhone) {15d1a80}
12-01 21:20:32.803  5389  5389 I Telephony: AccountEntry: Registered phoneAccount: [[ ] PhoneAccount: ComponentInfo{com.android.phone/com.android.services.telephony.TelephonyConnectionService}, [****], UserHandle{0} Capabilities: CallProvider MultiUser PlaceEmerg SimSub  Audio Routes: BESW Schemes: tel voicemail  Extras: Bundle[{android.telecom.extra.SUPPORTS_VIDEO_CALLING_FALLBACK=true}] GroupId: [****]] with handle: ComponentInfo{com.android.phone/com.android.services.telephony.TelephonyConnectionService}, [****], UserHandle{0}
12-01 21:20:32.804  5389  5389 I Telephony: PstnIncomingCallNotifier: Registering: Handler (com.android.internal.telephony.GsmCdmaPhone) {15d1a80}
12-01 21:20:32.872  5389  5389 I Telephony: PstnPhoneCapabilitiesNotifier: handleVideoCapabilitesChanged. Video capability - false
12-01 21:26:42.901  3857  3857 I chatty  : uid=1010(wifi) /system/bin/wificond expire 12 lines
12-01 21:30:01.420  5389  5389 D MccTable: updateMccMncConfiguration mccmnc='23420' fromServiceState=true
12-01 21:30:01.421  5389  5389 D MccTable: updateMccMncConfiguration defaultMccMnc=23420
12-01 21:30:01.421  5389  5389 D MccTable: updateMccMncConfiguration: mcc=234, mnc=20
12-01 21:30:01.421  5389  5389 D MccTable: WIFI_COUNTRY_CODE set to gb
12-01 21:30:01.523  5389  5389 I Telephony: PstnIncomingCallNotifier: Unregistering: Handler (com.android.internal.telephony.GsmCdmaPhone) {15d1a80}
12-01 21:30:01.543  5389  5389 I Telephony: AccountEntry: Registered phoneAccount: [[ ] PhoneAccount: ComponentInfo{com.android.phone/com.android.services.telephony.TelephonyConnectionService}, [****], UserHandle{0} Capabilities: CallProvider MultiUser PlaceEmerg SimSub  Audio Routes: BESW Schemes: tel voicemail  Extras: Bundle[{android.telecom.extra.SUPPORTS_VIDEO_CALLING_FALLBACK=true}] GroupId: [****]] with handle: ComponentInfo{com.android.phone/com.android.services.telephony.TelephonyConnectionService}, [****], UserHandle{0}
12-01 21:30:01.543  5389  5389 I Telephony: PstnIncomingCallNotifier: Registering: Handler (com.android.internal.telephony.GsmCdmaPhone) {15d1a80}
12-01 21:30:01.547  5389  5389 I Telephony: PstnIncomingCallNotifier: Unregistering: Handler (com.android.internal.telephony.GsmCdmaPhone) {15d1a80}
12-01 21:30:01.566  5389  5389 I Telephony: AccountEntry: Registered phoneAccount: [[ ] PhoneAccount: ComponentInfo{com.android.phone/com.android.services.telephony.TelephonyConnectionService}, [****], UserHandle{0} Capabilities: CallProvider MultiUser PlaceEmerg SimSub  Audio Routes: BESW Schemes: tel voicemail  Extras: Bundle[{android.telecom.extra.SUPPORTS_VIDEO_CALLING_FALLBACK=true}] GroupId: [****]] with handle: ComponentInfo{com.android.phone/com.android.services.telephony.TelephonyConnectionService}, [****], UserHandle{0}
12-01 21:30:01.566  5389  5389 I Telephony: PstnIncomingCallNotifier: Registering: Handler (com.android.internal.telephony.GsmCdmaPhone) {15d1a80}
12-01 21:30:37.892  5389  5389 I Telephony: PstnPhoneCapabilitiesNotifier: handleVideoCapabilitesChanged. Video capability - false
12-01 21:30:37.892  5389  5389 I Telephony: PstnPhoneCapabilitiesNotifier: handleVideoCapabilitesChanged. Video capability - false
12-01 21:33:06.835  5389  5389 D MccTable: updateMccMncConfiguration mccmnc='' fromServiceState=true
12-01 21:33:06.835  5389  5389 D MccTable: WIFI_COUNTRY_CODE set to 
12-01 21:33:06.927  5389  5389 I Telephony: PstnIncomingCallNotifier: Unregistering: Handler (com.android.internal.telephony.GsmCdmaPhone) {15d1a80}
12-01 21:33:06.945  5389  5389 I Telephony: AccountEntry: Registered phoneAccount: [[ ] PhoneAccount: ComponentInfo{com.android.phone/com.android.services.telephony.TelephonyConnectionService}, [****], UserHandle{0} Capabilities: CallProvider MultiUser PlaceEmerg SimSub  Audio Routes: BESW Schemes: tel voicemail  Extras: Bundle[{android.telecom.extra.SUPPORTS_VIDEO_CALLING_FALLBACK=true}] GroupId: [****]] with handle: ComponentInfo{com.android.phone/com.android.services.telephony.TelephonyConnectionService}, [****], UserHandle{0}
12-01 21:33:06.946  5389  5389 I Telephony: PstnIncomingCallNotifier: Registering: Handler (com.android.internal.telephony.GsmCdmaPhone) {15d1a80}
12-01 21:33:06.956  5389  5389 I Telephony: PstnPhoneCapabilitiesNotifier: handleVideoCapabilitesChanged. Video capability - false
12-01 21:33:15.136  4622  4862 I chatty  : uid=1000(system) android.display expire 12 lines
12-01 21:33:16.590  5389  5389 I Telephony: PstnIncomingCallNotifier: Unregistering: Handler (com.android.internal.telephony.GsmCdmaPhone) {15d1a80}
12-01 21:33:16.609  5389  5389 I Telephony: AccountEntry: Registered phoneAccount: [[ ] PhoneAccount: ComponentInfo{com.android.phone/com.android.services.telephony.TelephonyConnectionService}, [****], UserHandle{0} Capabilities: CallProvider MultiUser PlaceEmerg SimSub  Audio Routes: BESW Schemes: tel voicemail  Extras: Bundle[{android.telecom.extra.SUPPORTS_VIDEO_CALLING_FALLBACK=true}] GroupId: [****]] with handle: ComponentInfo{com.android.phone/com.android.services.telephony.TelephonyConnectionService}, [****], UserHandle{0}
12-01 21:33:16.609  5389  5389 I Telephony: PstnIncomingCallNotifier: Registering: Handler (com.android.internal.telephony.GsmCdmaPhone) {15d1a80}
12-01 21:33:16.655  5389  5389 I Telephony: PstnPhoneCapabilitiesNotifier: handleVideoCapabilitesChanged. Video capability - false
12-01 21:33:21.472  4622  4806 I chatty  : uid=1000(system) ActivityManager expire 13 lines
12-01 21:33:26.748  5242  5242 V DeadZone: consuming errant click: (64.0,24.0)
12-01 21:33:33.657  5242  5242 V DeadZone: consuming errant click: (106.0,22.0)
12-01 21:34:03.015  5389  5389 I Telephony: PstnIncomingCallNotifier: Unregistering: Handler (com.android.internal.telephony.GsmCdmaPhone) {15d1a80}
12-01 21:34:03.038  5389  5389 I Telephony: AccountEntry: Registered phoneAccount: [[ ] PhoneAccount: ComponentInfo{com.android.phone/com.android.services.telephony.TelephonyConnectionService}, [****], UserHandle{0} Capabilities: CallProvider MultiUser PlaceEmerg SimSub  Audio Routes: BESW Schemes: tel voicemail  Extras: Bundle[{android.telecom.extra.SUPPORTS_VIDEO_CALLING_FALLBACK=true}] GroupId: [****]] with handle: ComponentInfo{com.android.phone/com.android.services.telephony.TelephonyConnectionService}, [****], UserHandle{0}
12-01 21:34:03.038  5389  5389 I Telephony: PstnIncomingCallNotifier: Registering: Handler (com.android.internal.telephony.GsmCdmaPhone) {15d1a80}
12-01 21:34:03.047  5389  5389 I Telephony: PstnPhoneCapabilitiesNotifier: handleVideoCapabilitesChanged. Video capability - false
12-01 21:36:15.130  3857  3857 I chatty  : uid=1010(wifi) /system/bin/wificond expire 14 lines
12-01 21:36:17.909  4622  4860 I chatty  : uid=1000(system) android.fg expire 2 lines
12-01 21:36:23.767  4622 22120 I chatty  : uid=1000(system) Binder:4622_18 expire 12 lines
12-01 21:36:24.588  4622  4818 I chatty  : uid=1000(system) android.ui expire 10 lines
12-01 21:36:28.640  4622  5432 I chatty  : uid=1000(system) Binder:4622_6 expire 7 lines
12-01 21:36:38.204  4622 22115 I chatty  : uid=1000(system) Binder:4622_16 expire 5 lines
12-01 21:36:49.089  4622  4864 I chatty  : uid=1000(system) PowerManagerSer expire 15 lines
12-01 21:37:02.944   388   404 D VoldCryptCmdListener: cryptfs getpwtype
12-01 21:41:09.782  4622  5095 I chatty  : uid=1000(system) NetworkPolicy expire 19 lines
12-01 21:47:50.815  3857  3857 I chatty  : uid=1010(wifi) /system/bin/wificond expire 10 lines
12-01 21:50:52.651  5389  5389 D MccTable: updateMccMncConfiguration mccmnc='23420' fromServiceState=true
12-01 21:50:52.652  5389  5389 D MccTable: updateMccMncConfiguration defaultMccMnc=23420
12-01 21:50:52.652  5389  5389 D MccTable: updateMccMncConfiguration: mcc=234, mnc=20
12-01 21:50:52.652  5389  5389 D MccTable: WIFI_COUNTRY_CODE set to gb
12-01 21:50:52.728  5389  5389 I Telephony: PstnIncomingCallNotifier: Unregistering: Handler (com.android.internal.telephony.GsmCdmaPhone) {15d1a80}
12-01 21:50:52.792  5389  5389 I Telephony: AccountEntry: Registered phoneAccount: [[ ] PhoneAccount: ComponentInfo{com.android.phone/com.android.services.telephony.TelephonyConnectionService}, [****], UserHandle{0} Capabilities: CallProvider MultiUser PlaceEmerg SimSub  Audio Routes: BESW Schemes: tel voicemail  Extras: Bundle[{android.telecom.extra.SUPPORTS_VIDEO_CALLING_FALLBACK=true}] GroupId: [****]] with handle: ComponentInfo{com.android.phone/com.android.services.telephony.TelephonyConnectionService}, [****], UserHandle{0}
12-01 21:50:52.792  5389  5389 I Telephony: PstnIncomingCallNotifier: Registering: Handler (com.android.internal.telephony.GsmCdmaPhone) {15d1a80}
12-01 21:50:52.798  5389  5389 I Telephony: PstnIncomingCallNotifier: Unregistering: Handler (com.android.internal.telephony.GsmCdmaPhone) {15d1a80}
12-01 21:50:52.815  5389  5389 I Telephony: AccountEntry: Registered phoneAccount: [[ ] PhoneAccount: ComponentInfo{com.android.phone/com.android.services.telephony.TelephonyConnectionService}, [****], UserHandle{0} Capabilities: CallProvider MultiUser PlaceEmerg SimSub  Audio Routes: BESW Schemes: tel voicemail  Extras: Bundle[{android.telecom.extra.SUPPORTS_VIDEO_CALLING_FALLBACK=true}] GroupId: [****]] with handle: ComponentInfo{com.android.phone/com.android.services.telephony.TelephonyConnectionService}, [****], UserHandle{0}
12-01 21:50:52.815  5389  5389 I Telephony: PstnIncomingCallNotifier: Registering: Handler (com.android.internal.telephony.GsmCdmaPhone) {15d1a80}
12-01 21:50:52.974  5389  5389 I Telephony: PstnPhoneCapabilitiesNotifier: handleVideoCapabilitesChanged. Video capability - false
12-01 21:50:52.975  5389  5389 I Telephony: PstnPhoneCapabilitiesNotifier: handleVideoCapabilitesChanged. Video capability - false
12-01 21:54:26.845  5389  5389 D MccTable: updateMccMncConfiguration mccmnc='' fromServiceState=true
12-01 21:54:26.845  5389  5389 D MccTable: WIFI_COUNTRY_CODE set to 
12-01 21:54:26.906  5389  5389 I Telephony: PstnIncomingCallNotifier: Unregistering: Handler (com.android.internal.telephony.GsmCdmaPhone) {15d1a80}
12-01 21:54:26.919  5389  5389 I Telephony: AccountEntry: Registered phoneAccount: [[ ] PhoneAccount: ComponentInfo{com.android.phone/com.android.services.telephony.TelephonyConnectionService}, [****], UserHandle{0} Capabilities: CallProvider MultiUser PlaceEmerg SimSub  Audio Routes: BESW Schemes: tel voicemail  Extras: Bundle[{android.telecom.extra.SUPPORTS_VIDEO_CALLING_FALLBACK=true}] GroupId: [****]] with handle: ComponentInfo{com.android.phone/com.android.services.telephony.TelephonyConnectionService}, [****], UserHandle{0}
12-01 21:54:26.920  5389  5389 I Telephony: PstnIncomingCallNotifier: Registering: Handler (com.android.internal.telephony.GsmCdmaPhone) {15d1a80}
12-01 21:54:26.926  5389  5389 I Telephony: PstnPhoneCapabilitiesNotifier: handleVideoCapabilitesChanged. Video capability - false
12-01 21:55:18.273  5389  5389 I Telephony: PstnIncomingCallNotifier: Unregistering: Handler (com.android.internal.telephony.GsmCdmaPhone) {15d1a80}
12-01 21:55:18.292  5389  5389 I Telephony: AccountEntry: Registered phoneAccount: [[ ] PhoneAccount: ComponentInfo{com.android.phone/com.android.services.telephony.TelephonyConnectionService}, [****], UserHandle{0} Capabilities: CallProvider MultiUser PlaceEmerg SimSub  Audio Routes: BESW Schemes: tel voicemail  Extras: Bundle[{android.telecom.extra.SUPPORTS_VIDEO_CALLING_FALLBACK=true}] GroupId: [****]] with handle: ComponentInfo{com.android.phone/com.android.services.telephony.TelephonyConnectionService}, [****], UserHandle{0}
12-01 21:55:18.292  5389  5389 I Telephony: PstnIncomingCallNotifier: Registering: Handler (com.android.internal.telephony.GsmCdmaPhone) {15d1a80}
12-01 21:55:18.333  5389  5389 I Telephony: PstnPhoneCapabilitiesNotifier: handleVideoCapabilitesChanged. Video capability - false
12-01 21:55:21.538  5389  5389 I Telephony: PstnIncomingCallNotifier: Unregistering: Handler (com.android.internal.telephony.GsmCdmaPhone) {15d1a80}
12-01 21:55:21.554  5389  5389 I Telephony: AccountEntry: Registered phoneAccount: [[ ] PhoneAccount: ComponentInfo{com.android.phone/com.android.services.telephony.TelephonyConnectionService}, [****], UserHandle{0} Capabilities: CallProvider MultiUser PlaceEmerg SimSub  Audio Routes: BESW Schemes: tel voicemail  Extras: Bundle[{android.telecom.extra.SUPPORTS_VIDEO_CALLING_FALLBACK=true}] GroupId: [****]] with handle: ComponentInfo{com.android.phone/com.android.services.telephony.TelephonyConnectionService}, [****], UserHandle{0}
12-01 21:55:21.554  5389  5389 I Telephony: PstnIncomingCallNotifier: Registering: Handler (com.android.internal.telephony.GsmCdmaPhone) {15d1a80}
12-01 21:55:21.559  5389  5389 I Telephony: PstnPhoneCapabilitiesNotifier: handleVideoCapabilitesChanged. Video capability - false
12-01 21:56:46.282  5389  5389 I Telephony: PstnIncomingCallNotifier: Unregistering: Handler (com.android.internal.telephony.GsmCdmaPhone) {15d1a80}
12-01 21:56:46.307  5389  5389 I Telephony: AccountEntry: Registered phoneAccount: [[ ] PhoneAccount: ComponentInfo{com.android.phone/com.android.services.telephony.TelephonyConnectionService}, [****], UserHandle{0} Capabilities: CallProvider MultiUser PlaceEmerg SimSub  Audio Routes: BESW Schemes: tel voicemail  Extras: Bundle[{android.telecom.extra.SUPPORTS_VIDEO_CALLING_FALLBACK=true}] GroupId: [****]] with handle: ComponentInfo{com.android.phone/com.android.services.telephony.TelephonyConnectionService}, [****], UserHandle{0}
12-01 21:56:46.307  5389  5389 I Telephony: PstnIncomingCallNotifier: Registering: Handler (com.android.internal.telephony.GsmCdmaPhone) {15d1a80}
12-01 21:56:46.313  5389  5389 I Telephony: PstnPhoneCapabilitiesNotifier: handleVideoCapabilitesChanged. Video capability - false
12-01 21:56:46.518  5389  5389 D MccTable: updateMccMncConfiguration mccmnc='23420' fromServiceState=true
12-01 21:56:46.520  5389  5389 D MccTable: updateMccMncConfiguration defaultMccMnc=23420
12-01 21:56:46.520  5389  5389 D MccTable: updateMccMncConfiguration: mcc=234, mnc=20
12-01 21:56:46.520  5389  5389 D MccTable: WIFI_COUNTRY_CODE set to gb
12-01 21:56:46.617  5389  5389 I Telephony: PstnIncomingCallNotifier: Unregistering: Handler (com.android.internal.telephony.GsmCdmaPhone) {15d1a80}
12-01 21:56:46.638  5389  5389 I Telephony: AccountEntry: Registered phoneAccount: [[ ] PhoneAccount: ComponentInfo{com.android.phone/com.android.services.telephony.TelephonyConnectionService}, [****], UserHandle{0} Capabilities: CallProvider MultiUser PlaceEmerg SimSub  Audio Routes: BESW Schemes: tel voicemail  Extras: Bundle[{android.telecom.extra.SUPPORTS_VIDEO_CALLING_FALLBACK=true}] GroupId: [****]] with handle: ComponentInfo{com.android.phone/com.android.services.telephony.TelephonyConnectionService}, [****], UserHandle{0}
12-01 21:56:46.638  5389  5389 I Telephony: PstnIncomingCallNotifier: Registering: Handler (com.android.internal.telephony.GsmCdmaPhone) {15d1a80}
12-01 21:56:46.641  5389  5389 I Telephony: PstnIncomingCallNotifier: Unregistering: Handler (com.android.internal.telephony.GsmCdmaPhone) {15d1a80}
12-01 21:56:46.671  5389  5389 I Telephony: AccountEntry: Registered phoneAccount: [[ ] PhoneAccount: ComponentInfo{com.android.phone/com.android.services.telephony.TelephonyConnectionService}, [****], UserHandle{0} Capabilities: CallProvider MultiUser PlaceEmerg SimSub  Audio Routes: BESW Schemes: tel voicemail  Extras: Bundle[{android.telecom.extra.SUPPORTS_VIDEO_CALLING_FALLBACK=true}] GroupId: [****]] with handle: ComponentInfo{com.android.phone/com.android.services.telephony.TelephonyConnectionService}, [****], UserHandle{0}
12-01 21:56:46.671  5389  5389 I Telephony: PstnIncomingCallNotifier: Registering: Handler (com.android.internal.telephony.GsmCdmaPhone) {15d1a80}
12-01 21:56:46.703  5389  5389 I Telephony: PstnPhoneCapabilitiesNotifier: handleVideoCapabilitesChanged. Video capability - false
12-01 21:56:46.703  5389  5389 I Telephony: PstnPhoneCapabilitiesNotifier: handleVideoCapabilitesChanged. Video capability - false
12-01 21:59:06.710  5389  5389 D MccTable: updateMccMncConfiguration mccmnc='' fromServiceState=true
12-01 21:59:06.711  5389  5389 D MccTable: WIFI_COUNTRY_CODE set to 
12-01 21:59:06.783  5389  5389 I Telephony: PstnIncomingCallNotifier: Unregistering: Handler (com.android.internal.telephony.GsmCdmaPhone) {15d1a80}
12-01 21:59:06.802  5389  5389 I Telephony: AccountEntry: Registered phoneAccount: [[ ] PhoneAccount: ComponentInfo{com.android.phone/com.android.services.telephony.TelephonyConnectionService}, [****], UserHandle{0} Capabilities: CallProvider MultiUser PlaceEmerg SimSub  Audio Routes: BESW Schemes: tel voicemail  Extras: Bundle[{android.telecom.extra.SUPPORTS_VIDEO_CALLING_FALLBACK=true}] GroupId: [****]] with handle: ComponentInfo{com.android.phone/com.android.services.telephony.TelephonyConnectionService}, [****], UserHandle{0}
12-01 21:59:06.802  5389  5389 I Telephony: PstnIncomingCallNotifier: Registering: Handler (com.android.internal.telephony.GsmCdmaPhone) {15d1a80}
12-01 21:59:06.811  5389  5389 I Telephony: PstnPhoneCapabilitiesNotifier: handleVideoCapabilitesChanged. Video capability - false
12-01 21:59:26.690  5389  5389 D MccTable: updateMccMncConfiguration mccmnc='23420' fromServiceState=true
12-01 21:59:26.691  5389  5389 D MccTable: updateMccMncConfiguration defaultMccMnc=23420
12-01 21:59:26.691  5389  5389 D MccTable: updateMccMncConfiguration: mcc=234, mnc=20
12-01 21:59:26.691  5389  5389 D MccTable: WIFI_COUNTRY_CODE set to gb
12-01 21:59:26.755  4622  4622 I chatty  : uid=1000 system_server expire 13 lines
12-01 21:59:26.774  5389  5389 I Telephony: PstnIncomingCallNotifier: Unregistering: Handler (com.android.internal.telephony.GsmCdmaPhone) {15d1a80}
12-01 21:59:26.790  4622 22104 I chatty  : uid=1000(system) Binder:4622_10 expire 4 lines
12-01 21:59:26.793  5389  5389 I Telephony: AccountEntry: Registered phoneAccount: [[ ] PhoneAccount: ComponentInfo{com.android.phone/com.android.services.telephony.TelephonyConnectionService}, [****], UserHandle{0} Capabilities: CallProvider MultiUser PlaceEmerg SimSub  Audio Routes: BESW Schemes: tel voicemail  Extras: Bundle[{android.telecom.extra.SUPPORTS_VIDEO_CALLING_FALLBACK=true}] GroupId: [****]] with handle: ComponentInfo{com.android.phone/com.android.services.telephony.TelephonyConnectionService}, [****], UserHandle{0}
12-01 21:59:26.794  5389  5389 I Telephony: PstnIncomingCallNotifier: Registering: Handler (com.android.internal.telephony.GsmCdmaPhone) {15d1a80}
12-01 21:59:26.797  5389  5389 I Telephony: PstnIncomingCallNotifier: Unregistering: Handler (com.android.internal.telephony.GsmCdmaPhone) {15d1a80}
12-01 21:59:26.812  5389  5389 I Telephony: AccountEntry: Registered phoneAccount: [[ ] PhoneAccount: ComponentInfo{com.android.phone/com.android.services.telephony.TelephonyConnectionService}, [****], UserHandle{0} Capabilities: CallProvider MultiUser PlaceEmerg SimSub  Audio Routes: BESW Schemes: tel voicemail  Extras: Bundle[{android.telecom.extra.SUPPORTS_VIDEO_CALLING_FALLBACK=true}] GroupId: [****]] with handle: ComponentInfo{com.android.phone/com.android.services.telephony.TelephonyConnectionService}, [****], UserHandle{0}
12-01 21:59:26.812  5389  5389 I Telephony: PstnIncomingCallNotifier: Registering: Handler (com.android.internal.telephony.GsmCdmaPhone) {15d1a80}
12-01 21:59:48.783  5389  5389 I Telephony: PstnPhoneCapabilitiesNotifier: handleVideoCapabilitesChanged. Video capability - false
12-01 21:59:48.783  5389  5389 I Telephony: PstnPhoneCapabilitiesNotifier: handleVideoCapabilitesChanged. Video capability - false
12-01 21:59:53.507  4622  4806 I chatty  : uid=1000(system) ActivityManager expire 11 lines
12-01 21:59:56.197  4622 22110 I chatty  : uid=1000(system) Binder:4622_15 expire 3 lines
12-01 22:00:31.424  5389  5389 D MccTable: updateMccMncConfiguration mccmnc='' fromServiceState=true
12-01 22:00:31.424  5389  5389 D MccTable: WIFI_COUNTRY_CODE set to 
12-01 22:00:31.533  5389  5389 I Telephony: PstnIncomingCallNotifier: Unregistering: Handler (com.android.internal.telephony.GsmCdmaPhone) {15d1a80}
12-01 22:00:31.555  5389  5389 I Telephony: AccountEntry: Registered phoneAccount: [[ ] PhoneAccount: ComponentInfo{com.android.phone/com.android.services.telephony.TelephonyConnectionService}, [****], UserHandle{0} Capabilities: CallProvider MultiUser PlaceEmerg SimSub  Audio Routes: BESW Schemes: tel voicemail  Extras: Bundle[{android.telecom.extra.SUPPORTS_VIDEO_CALLING_FALLBACK=true}] GroupId: [****]] with handle: ComponentInfo{com.android.phone/com.android.services.telephony.TelephonyConnectionService}, [****], UserHandle{0}
12-01 22:00:31.555  5389  5389 I Telephony: PstnIncomingCallNotifier: Registering: Handler (com.android.internal.telephony.GsmCdmaPhone) {15d1a80}
12-01 22:00:31.569  5389  5389 I Telephony: PstnPhoneCapabilitiesNotifier: handleVideoCapabilitesChanged. Video capability - false
12-01 22:00:33.447  5389  5389 I Telephony: PstnIncomingCallNotifier: Unregistering: Handler (com.android.internal.telephony.GsmCdmaPhone) {15d1a80}
12-01 22:00:33.469  5389  5389 I Telephony: AccountEntry: Registered phoneAccount: [[ ] PhoneAccount: ComponentInfo{com.android.phone/com.android.services.telephony.TelephonyConnectionService}, [****], UserHandle{0} Capabilities: CallProvider MultiUser PlaceEmerg SimSub  Audio Routes: BESW Schemes: tel voicemail  Extras: Bundle[{android.telecom.extra.SUPPORTS_VIDEO_CALLING_FALLBACK=true}] GroupId: [****]] with handle: ComponentInfo{com.android.phone/com.android.services.telephony.TelephonyConnectionService}, [****], UserHandle{0}
12-01 22:00:33.469  5389  5389 I Telephony: PstnIncomingCallNotifier: Registering: Handler (com.android.internal.telephony.GsmCdmaPhone) {15d1a80}
12-01 22:00:33.518  5389  5389 I Telephony: PstnPhoneCapabilitiesNotifier: handleVideoCapabilitesChanged. Video capability - false
12-01 22:00:45.320  5389  5389 D MccTable: updateMccMncConfiguration mccmnc='23420' fromServiceState=true
12-01 22:00:45.322  5389  5389 D MccTable: updateMccMncConfiguration defaultMccMnc=23420
12-01 22:00:45.322  5389  5389 D MccTable: updateMccMncConfiguration: mcc=234, mnc=20
12-01 22:00:45.322  5389  5389 D MccTable: WIFI_COUNTRY_CODE set to gb
12-01 22:00:45.414  5389  5389 I Telephony: PstnIncomingCallNotifier: Unregistering: Handler (com.android.internal.telephony.GsmCdmaPhone) {15d1a80}
12-01 22:00:45.434  5389  5389 I Telephony: AccountEntry: Registered phoneAccount: [[ ] PhoneAccount: ComponentInfo{com.android.phone/com.android.services.telephony.TelephonyConnectionService}, [****], UserHandle{0} Capabilities: CallProvider MultiUser PlaceEmerg SimSub  Audio Routes: BESW Schemes: tel voicemail  Extras: Bundle[{android.telecom.extra.SUPPORTS_VIDEO_CALLING_FALLBACK=true}] GroupId: [****]] with handle: ComponentInfo{com.android.phone/com.android.services.telephony.TelephonyConnectionService}, [****], UserHandle{0}
12-01 22:00:45.435  5389  5389 I Telephony: PstnIncomingCallNotifier: Registering: Handler (com.android.internal.telephony.GsmCdmaPhone) {15d1a80}
12-01 22:00:45.441  5389  5389 I Telephony: PstnIncomingCallNotifier: Unregistering: Handler (com.android.internal.telephony.GsmCdmaPhone) {15d1a80}
12-01 22:00:45.460  5389  5389 I Telephony: AccountEntry: Registered phoneAccount: [[ ] PhoneAccount: ComponentInfo{com.android.phone/com.android.services.telephony.TelephonyConnectionService}, [****], UserHandle{0} Capabilities: CallProvider MultiUser PlaceEmerg SimSub  Audio Routes: BESW Schemes: tel voicemail  Extras: Bundle[{android.telecom.extra.SUPPORTS_VIDEO_CALLING_FALLBACK=true}] GroupId: [****]] with handle: ComponentInfo{com.android.phone/com.android.services.telephony.TelephonyConnectionService}, [****], UserHandle{0}
12-01 22:00:45.460  5389  5389 I Telephony: PstnIncomingCallNotifier: Registering: Handler (com.android.internal.telephony.GsmCdmaPhone) {15d1a80}
12-01 22:00:45.638  5389  5389 I Telephony: PstnPhoneCapabilitiesNotifier: handleVideoCapabilitesChanged. Video capability - false
12-01 22:00:45.638  5389  5389 I Telephony: PstnPhoneCapabilitiesNotifier: handleVideoCapabilitesChanged. Video capability - false
12-01 22:00:52.847  4622 22105 I chatty  : uid=1000(system) Binder:4622_11 expire 4 lines
12-01 22:00:52.917  4622  5043 I chatty  : uid=1000(system) android.anim expire 4 lines
12-01 22:00:54.860 19518 19536 E ActivityThread: Failed to find provider info for com.facebook.katana.provider.AttributionIdProvider
12-01 22:01:11.020  3857  3857 I chatty  : uid=1010(wifi) /system/bin/wificond expire 10 lines
12-01 22:01:21.159  4622  5062 I chatty  : uid=1000(system) InputReader expire 5 lines
12-01 22:04:22.050  4622  7620 I chatty  : uid=1000(system) Binder:4622_8 expire 1 line
12-01 22:04:22.057  5389  5389 D MccTable: updateMccMncConfiguration mccmnc='' fromServiceState=true
12-01 22:04:22.057  5389  5389 D MccTable: WIFI_COUNTRY_CODE set to 
12-01 22:04:22.116  5389  5389 I Telephony: PstnIncomingCallNotifier: Unregistering: Handler (com.android.internal.telephony.GsmCdmaPhone) {15d1a80}
12-01 22:04:22.133  5389  5389 I Telephony: AccountEntry: Registered phoneAccount: [[ ] PhoneAccount: ComponentInfo{com.android.phone/com.android.services.telephony.TelephonyConnectionService}, [****], UserHandle{0} Capabilities: CallProvider MultiUser PlaceEmerg SimSub  Audio Routes: BESW Schemes: tel voicemail  Extras: Bundle[{android.telecom.extra.SUPPORTS_VIDEO_CALLING_FALLBACK=true}] GroupId: [****]] with handle: ComponentInfo{com.android.phone/com.android.services.telephony.TelephonyConnectionService}, [****], UserHandle{0}
12-01 22:04:22.133  5389  5389 I Telephony: PstnIncomingCallNotifier: Registering: Handler (com.android.internal.telephony.GsmCdmaPhone) {15d1a80}
12-01 22:04:22.142  5389  5389 I Telephony: PstnPhoneCapabilitiesNotifier: handleVideoCapabilitesChanged. Video capability - false
12-01 22:05:32.221  5389  5389 I Telephony: PstnIncomingCallNotifier: Unregistering: Handler (com.android.internal.telephony.GsmCdmaPhone) {15d1a80}
12-01 22:05:32.240  5389  5389 I Telephony: AccountEntry: Registered phoneAccount: [[ ] PhoneAccount: ComponentInfo{com.android.phone/com.android.services.telephony.TelephonyConnectionService}, [****], UserHandle{0} Capabilities: CallProvider MultiUser PlaceEmerg SimSub  Audio Routes: BESW Schemes: tel voicemail  Extras: Bundle[{android.telecom.extra.SUPPORTS_VIDEO_CALLING_FALLBACK=true}] GroupId: [****]] with handle: ComponentInfo{com.android.phone/com.android.services.telephony.TelephonyConnectionService}, [****], UserHandle{0}
12-01 22:05:32.240  5389  5389 I Telephony: PstnIncomingCallNotifier: Registering: Handler (com.android.internal.telephony.GsmCdmaPhone) {15d1a80}
12-01 22:05:32.279  5389  5389 I Telephony: PstnPhoneCapabilitiesNotifier: handleVideoCapabilitesChanged. Video capability - false
12-01 22:08:53.845  3857  3857 I chatty  : uid=1010(wifi) /system/bin/wificond expire 12 lines
12-01 22:10:05.835  5389  5389 D MccTable: updateMccMncConfiguration mccmnc='23420' fromServiceState=true
12-01 22:10:05.837  5389  5389 D MccTable: updateMccMncConfiguration defaultMccMnc=23420
12-01 22:10:05.837  5389  5389 D MccTable: updateMccMncConfiguration: mcc=234, mnc=20
12-01 22:10:05.837  5389  5389 D MccTable: WIFI_COUNTRY_CODE set to gb
12-01 22:10:05.838  4622 22106 I chatty  : uid=1000(system) Binder:4622_12 expire 4 lines
12-01 22:10:05.919  5389  5389 I Telephony: PstnIncomingCallNotifier: Unregistering: Handler (com.android.internal.telephony.GsmCdmaPhone) {15d1a80}
12-01 22:10:05.933  4622  5430 I chatty  : uid=1000(system) Binder:4622_5 expire 2 lines
12-01 22:10:05.937  5389  5389 I Telephony: AccountEntry: Registered phoneAccount: [[ ] PhoneAccount: ComponentInfo{com.android.phone/com.android.services.telephony.TelephonyConnectionService}, [****], UserHandle{0} Capabilities: CallProvider MultiUser PlaceEmerg SimSub  Audio Routes: BESW Schemes: tel voicemail  Extras: Bundle[{android.telecom.extra.SUPPORTS_VIDEO_CALLING_FALLBACK=true}] GroupId: [****]] with handle: ComponentInfo{com.android.phone/com.android.services.telephony.TelephonyConnectionService}, [****], UserHandle{0}
12-01 22:10:05.937  5389  5389 I Telephony: PstnIncomingCallNotifier: Registering: Handler (com.android.internal.telephony.GsmCdmaPhone) {15d1a80}
12-01 22:10:05.941  5389  5389 I Telephony: PstnIncomingCallNotifier: Unregistering: Handler (com.android.internal.telephony.GsmCdmaPhone) {15d1a80}
12-01 22:10:05.962  5389  5389 I Telephony: AccountEntry: Registered phoneAccount: [[ ] PhoneAccount: ComponentInfo{com.android.phone/com.android.services.telephony.TelephonyConnectionService}, [****], UserHandle{0} Capabilities: CallProvider MultiUser PlaceEmerg SimSub  Audio Routes: BESW Schemes: tel voicemail  Extras: Bundle[{android.telecom.extra.SUPPORTS_VIDEO_CALLING_FALLBACK=true}] GroupId: [****]] with handle: ComponentInfo{com.android.phone/com.android.services.telephony.TelephonyConnectionService}, [****], UserHandle{0}
12-01 22:10:05.962  5389  5389 I Telephony: PstnIncomingCallNotifier: Registering: Handler (com.android.internal.telephony.GsmCdmaPhone) {15d1a80}
12-01 22:10:06.169  5389  5389 I Telephony: PstnPhoneCapabilitiesNotifier: handleVideoCapabilitesChanged. Video capability - false
12-01 22:10:06.169  5389  5389 I Telephony: PstnPhoneCapabilitiesNotifier: handleVideoCapabilitesChanged. Video capability - false
12-01 22:10:06.189  4622 10090 I chatty  : uid=1000(system) Binder:4622_D expire 3 lines
12-01 22:11:44.677  5389  5389 D MccTable: updateMccMncConfiguration mccmnc='' fromServiceState=true
12-01 22:11:44.677  5389  5389 D MccTable: WIFI_COUNTRY_CODE set to 
12-01 22:11:44.748  5389  5389 I Telephony: PstnIncomingCallNotifier: Unregistering: Handler (com.android.internal.telephony.GsmCdmaPhone) {15d1a80}
12-01 22:11:44.767  5389  5389 I Telephony: AccountEntry: Registered phoneAccount: [[ ] PhoneAccount: ComponentInfo{com.android.phone/com.android.services.telephony.TelephonyConnectionService}, [****], UserHandle{0} Capabilities: CallProvider MultiUser PlaceEmerg SimSub  Audio Routes: BESW Schemes: tel voicemail  Extras: Bundle[{android.telecom.extra.SUPPORTS_VIDEO_CALLING_FALLBACK=true}] GroupId: [****]] with handle: ComponentInfo{com.android.phone/com.android.services.telephony.TelephonyConnectionService}, [****], UserHandle{0}
12-01 22:11:44.767  5389  5389 I Telephony: PstnIncomingCallNotifier: Registering: Handler (com.android.internal.telephony.GsmCdmaPhone) {15d1a80}
12-01 22:11:44.775  5389  5389 I Telephony: PstnPhoneCapabilitiesNotifier: handleVideoCapabilitesChanged. Video capability - false
12-01 22:12:51.586  5389  5389 D MccTable: updateMccMncConfiguration mccmnc='23420' fromServiceState=true
12-01 22:12:51.589  5389  5389 D MccTable: updateMccMncConfiguration defaultMccMnc=23420
12-01 22:12:51.589  5389  5389 D MccTable: updateMccMncConfiguration: mcc=234, mnc=20
12-01 22:12:51.589  5389  5389 D MccTable: WIFI_COUNTRY_CODE set to gb
12-01 22:12:51.590  4622  7830 I chatty  : uid=1000(system) Binder:4622_B expire 4 lines
12-01 22:12:51.662  5389  5389 I Telephony: PstnIncomingCallNotifier: Unregistering: Handler (com.android.internal.telephony.GsmCdmaPhone) {15d1a80}
12-01 22:12:51.676  4622 22122 I chatty  : uid=1000(system) Binder:4622_1A expire 8 lines
12-01 22:12:51.680  5389  5389 I Telephony: AccountEntry: Registered phoneAccount: [[ ] PhoneAccount: ComponentInfo{com.android.phone/com.android.services.telephony.TelephonyConnectionService}, [****], UserHandle{0} Capabilities: CallProvider MultiUser PlaceEmerg SimSub  Audio Routes: BESW Schemes: tel voicemail  Extras: Bundle[{android.telecom.extra.SUPPORTS_VIDEO_CALLING_FALLBACK=true}] GroupId: [****]] with handle: ComponentInfo{com.android.phone/com.android.services.telephony.TelephonyConnectionService}, [****], UserHandle{0}
12-01 22:12:51.680  5389  5389 I Telephony: PstnIncomingCallNotifier: Registering: Handler (com.android.internal.telephony.GsmCdmaPhone) {15d1a80}
12-01 22:12:51.684  5389  5389 I Telephony: PstnIncomingCallNotifier: Unregistering: Handler (com.android.internal.telephony.GsmCdmaPhone) {15d1a80}
12-01 22:12:51.702  5389  5389 I Telephony: AccountEntry: Registered phoneAccount: [[ ] PhoneAccount: ComponentInfo{com.android.phone/com.android.services.telephony.TelephonyConnectionService}, [****], UserHandle{0} Capabilities: CallProvider MultiUser PlaceEmerg SimSub  Audio Routes: BESW Schemes: tel voicemail  Extras: Bundle[{android.telecom.extra.SUPPORTS_VIDEO_CALLING_FALLBACK=true}] GroupId: [****]] with handle: ComponentInfo{com.android.phone/com.android.services.telephony.TelephonyConnectionService}, [****], UserHandle{0}
12-01 22:12:51.702  5389  5389 I Telephony: PstnIncomingCallNotifier: Registering: Handler (com.android.internal.telephony.GsmCdmaPhone) {15d1a80}
12-01 22:12:51.708  5389  5389 I Telephony: PstnPhoneCapabilitiesNotifier: handleVideoCapabilitesChanged. Video capability - false
12-01 22:12:51.708  5389  5389 I Telephony: PstnPhoneCapabilitiesNotifier: handleVideoCapabilitesChanged. Video capability - false
12-01 22:13:25.985  5389  5389 D MccTable: updateMccMncConfiguration mccmnc='' fromServiceState=true
12-01 22:13:25.985  5389  5389 D MccTable: WIFI_COUNTRY_CODE set to 
12-01 22:13:26.058  5389  5389 I Telephony: PstnIncomingCallNotifier: Unregistering: Handler (com.android.internal.telephony.GsmCdmaPhone) {15d1a80}
12-01 22:13:26.074  5389  5389 I Telephony: AccountEntry: Registered phoneAccount: [[ ] PhoneAccount: ComponentInfo{com.android.phone/com.android.services.telephony.TelephonyConnectionService}, [****], UserHandle{0} Capabilities: CallProvider MultiUser PlaceEmerg SimSub  Audio Routes: BESW Schemes: tel voicemail  Extras: Bundle[{android.telecom.extra.SUPPORTS_VIDEO_CALLING_FALLBACK=true}] GroupId: [****]] with handle: ComponentInfo{com.android.phone/com.android.services.telephony.TelephonyConnectionService}, [****], UserHandle{0}
12-01 22:13:26.074  5389  5389 I Telephony: PstnIncomingCallNotifier: Registering: Handler (com.android.internal.telephony.GsmCdmaPhone) {15d1a80}
12-01 22:13:26.081  5389  5389 I Telephony: PstnPhoneCapabilitiesNotifier: handleVideoCapabilitesChanged. Video capability - false
12-01 22:13:26.095  4622 22123 I chatty  : uid=1000(system) Binder:4622_1B expire 3 lines
12-01 22:14:35.291  5389  5389 D MccTable: updateMccMncConfiguration mccmnc='23420' fromServiceState=true
12-01 22:14:35.293  5389  5389 D MccTable: updateMccMncConfiguration defaultMccMnc=23420
12-01 22:14:35.294  5389  5389 D MccTable: updateMccMncConfiguration: mcc=234, mnc=20
12-01 22:14:35.294  5389  5389 D MccTable: WIFI_COUNTRY_CODE set to gb
12-01 22:14:35.377  5389  5389 I Telephony: PstnIncomingCallNotifier: Unregistering: Handler (com.android.internal.telephony.GsmCdmaPhone) {15d1a80}
12-01 22:14:35.393  5389  5389 I Telephony: AccountEntry: Registered phoneAccount: [[ ] PhoneAccount: ComponentInfo{com.android.phone/com.android.services.telephony.TelephonyConnectionService}, [****], UserHandle{0} Capabilities: CallProvider MultiUser PlaceEmerg SimSub  Audio Routes: BESW Schemes: tel voicemail  Extras: Bundle[{android.telecom.extra.SUPPORTS_VIDEO_CALLING_FALLBACK=true}] GroupId: [****]] with handle: ComponentInfo{com.android.phone/com.android.services.telephony.TelephonyConnectionService}, [****], UserHandle{0}
12-01 22:14:35.394  5389  5389 I Telephony: PstnIncomingCallNotifier: Registering: Handler (com.android.internal.telephony.GsmCdmaPhone) {15d1a80}
12-01 22:14:35.397  5389  5389 I Telephony: PstnIncomingCallNotifier: Unregistering: Handler (com.android.internal.telephony.GsmCdmaPhone) {15d1a80}
12-01 22:14:35.414  5389  5389 I Telephony: AccountEntry: Registered phoneAccount: [[ ] PhoneAccount: ComponentInfo{com.android.phone/com.android.services.telephony.TelephonyConnectionService}, [****], UserHandle{0} Capabilities: CallProvider MultiUser PlaceEmerg SimSub  Audio Routes: BESW Schemes: tel voicemail  Extras: Bundle[{android.telecom.extra.SUPPORTS_VIDEO_CALLING_FALLBACK=true}] GroupId: [****]] with handle: ComponentInfo{com.android.phone/com.android.services.telephony.TelephonyConnectionService}, [****], UserHandle{0}
12-01 22:14:35.415  5389  5389 I Telephony: PstnIncomingCallNotifier: Registering: Handler (com.android.internal.telephony.GsmCdmaPhone) {15d1a80}
12-01 22:14:35.422  5389  5389 I Telephony: PstnPhoneCapabilitiesNotifier: handleVideoCapabilitesChanged. Video capability - false
12-01 22:14:35.423  5389  5389 I Telephony: PstnPhoneCapabilitiesNotifier: handleVideoCapabilitesChanged. Video capability - false
12-01 22:17:51.052  4622  4855 I chatty  : uid=1000(system) batterystats-wo expire 4 lines
12-01 22:18:11.114  4622  5055 I chatty  : uid=1000(system) AlarmManager expire 1 line
12-01 22:20:06.678  5389  5389 D MccTable: updateMccMncConfiguration mccmnc='' fromServiceState=true
12-01 22:20:06.678  5389  5389 D MccTable: WIFI_COUNTRY_CODE set to 
12-01 22:20:06.749  5389  5389 I Telephony: PstnIncomingCallNotifier: Unregistering: Handler (com.android.internal.telephony.GsmCdmaPhone) {15d1a80}
12-01 22:20:06.767  5389  5389 I Telephony: AccountEntry: Registered phoneAccount: [[ ] PhoneAccount: ComponentInfo{com.android.phone/com.android.services.telephony.TelephonyConnectionService}, [****], UserHandle{0} Capabilities: CallProvider MultiUser PlaceEmerg SimSub  Audio Routes: BESW Schemes: tel voicemail  Extras: Bundle[{android.telecom.extra.SUPPORTS_VIDEO_CALLING_FALLBACK=true}] GroupId: [****]] with handle: ComponentInfo{com.android.phone/com.android.services.telephony.TelephonyConnectionService}, [****], UserHandle{0}
12-01 22:20:06.767  5389  5389 I Telephony: PstnIncomingCallNotifier: Registering: Handler (com.android.internal.telephony.GsmCdmaPhone) {15d1a80}
12-01 22:20:06.776  5389  5389 I Telephony: PstnPhoneCapabilitiesNotifier: handleVideoCapabilitesChanged. Video capability - false
12-01 22:20:08.712  5389  5389 I Telephony: PstnIncomingCallNotifier: Unregistering: Handler (com.android.internal.telephony.GsmCdmaPhone) {15d1a80}
12-01 22:20:08.734  5389  5389 I Telephony: AccountEntry: Registered phoneAccount: [[ ] PhoneAccount: ComponentInfo{com.android.phone/com.android.services.telephony.TelephonyConnectionService}, [****], UserHandle{0} Capabilities: CallProvider MultiUser PlaceEmerg SimSub  Audio Routes: BESW Schemes: tel voicemail  Extras: Bundle[{android.telecom.extra.SUPPORTS_VIDEO_CALLING_FALLBACK=true}] GroupId: [****]] with handle: ComponentInfo{com.android.phone/com.android.services.telephony.TelephonyConnectionService}, [****], UserHandle{0}
12-01 22:20:08.734  5389  5389 I Telephony: PstnIncomingCallNotifier: Registering: Handler (com.android.internal.telephony.GsmCdmaPhone) {15d1a80}
12-01 22:20:08.772  5389  5389 I Telephony: PstnPhoneCapabilitiesNotifier: handleVideoCapabilitesChanged. Video capability - false
12-01 22:20:54.826  5389  5389 I Telephony: PstnIncomingCallNotifier: Unregistering: Handler (com.android.internal.telephony.GsmCdmaPhone) {15d1a80}
12-01 22:20:54.851  5389  5389 I Telephony: AccountEntry: Registered phoneAccount: [[ ] PhoneAccount: ComponentInfo{com.android.phone/com.android.services.telephony.TelephonyConnectionService}, [****], UserHandle{0} Capabilities: CallProvider MultiUser PlaceEmerg SimSub  Audio Routes: BESW Schemes: tel voicemail  Extras: Bundle[{android.telecom.extra.SUPPORTS_VIDEO_CALLING_FALLBACK=true}] GroupId: [****]] with handle: ComponentInfo{com.android.phone/com.android.services.telephony.TelephonyConnectionService}, [****], UserHandle{0}
12-01 22:20:54.851  5389  5389 I Telephony: PstnIncomingCallNotifier: Registering: Handler (com.android.internal.telephony.GsmCdmaPhone) {15d1a80}
12-01 22:20:54.859  5389  5389 I Telephony: PstnPhoneCapabilitiesNotifier: handleVideoCapabilitesChanged. Video capability - false
12-01 22:21:15.921  5389  5389 D MccTable: updateMccMncConfiguration mccmnc='23420' fromServiceState=true
12-01 22:21:15.923  5389  5389 D MccTable: updateMccMncConfiguration defaultMccMnc=23420
12-01 22:21:15.923  5389  5389 D MccTable: updateMccMncConfiguration: mcc=234, mnc=20
12-01 22:21:15.924  5389  5389 D MccTable: WIFI_COUNTRY_CODE set to gb
12-01 22:21:16.005  5389  5389 I Telephony: PstnIncomingCallNotifier: Unregistering: Handler (com.android.internal.telephony.GsmCdmaPhone) {15d1a80}
12-01 22:21:16.023  5389  5389 I Telephony: AccountEntry: Registered phoneAccount: [[ ] PhoneAccount: ComponentInfo{com.android.phone/com.android.services.telephony.TelephonyConnectionService}, [****], UserHandle{0} Capabilities: CallProvider MultiUser PlaceEmerg SimSub  Audio Routes: BESW Schemes: tel voicemail  Extras: Bundle[{android.telecom.extra.SUPPORTS_VIDEO_CALLING_FALLBACK=true}] GroupId: [****]] with handle: ComponentInfo{com.android.phone/com.android.services.telephony.TelephonyConnectionService}, [****], UserHandle{0}
12-01 22:21:16.023  5389  5389 I Telephony: PstnIncomingCallNotifier: Registering: Handler (com.android.internal.telephony.GsmCdmaPhone) {15d1a80}
12-01 22:21:16.028  5389  5389 I Telephony: PstnIncomingCallNotifier: Unregistering: Handler (com.android.internal.telephony.GsmCdmaPhone) {15d1a80}
12-01 22:21:16.047  5389  5389 I Telephony: AccountEntry: Registered phoneAccount: [[ ] PhoneAccount: ComponentInfo{com.android.phone/com.android.services.telephony.TelephonyConnectionService}, [****], UserHandle{0} Capabilities: CallProvider MultiUser PlaceEmerg SimSub  Audio Routes: BESW Schemes: tel voicemail  Extras: Bundle[{android.telecom.extra.SUPPORTS_VIDEO_CALLING_FALLBACK=true}] GroupId: [****]] with handle: ComponentInfo{com.android.phone/com.android.services.telephony.TelephonyConnectionService}, [****], UserHandle{0}
12-01 22:21:16.047  5389  5389 I Telephony: PstnIncomingCallNotifier: Registering: Handler (com.android.internal.telephony.GsmCdmaPhone) {15d1a80}
12-01 22:22:53.797  5389  5389 I Telephony: PstnPhoneCapabilitiesNotifier: handleVideoCapabilitesChanged. Video capability - false
12-01 22:22:53.798  5389  5389 I Telephony: PstnPhoneCapabilitiesNotifier: handleVideoCapabilitesChanged. Video capability - false
12-01 22:23:54.854  3857  3857 I chatty  : uid=1010(wifi) /system/bin/wificond expire 18 lines
12-01 22:24:47.066  4622  5095 I chatty  : uid=1000(system) NetworkPolicy expire 20 lines
12-01 22:27:51.535  4622  4864 I chatty  : uid=1000(system) PowerManagerSer expire 6 lines
12-01 22:27:51.538  4622  4862 I chatty  : uid=1000(system) android.display expire 3 lines
12-01 22:27:51.868  4622  5383 I chatty  : uid=1000(system) Binder:4622_4 expire 1 line
12-01 22:28:31.848  3857  3857 I wificond: Pno scan result ready event
12-01 22:28:31.851  3857  3857 I wificond: Pno scan stopped
12-01 22:28:31.863  3857  3857 W wificond: Scan is not started. Ignore abort request
12-01 22:28:31.991  4622  5121 I chatty  : uid=1000(system) ConnectivitySer expire 13 lines
12-01 22:28:33.562  4622  5095 I chatty  : uid=1000(system) NetworkPolicy expire 17 lines
12-01 22:28:33.658  4622 22120 I chatty  : uid=1000(system) Binder:4622_18 expire 1 line
12-01 22:28:33.702  4622  4622 I chatty  : uid=1000 system_server expire 1 line
12-01 22:28:33.823  4622  4806 I chatty  : uid=1000(system) ActivityManager expire 7 lines
12-01 22:29:19.647  3857  3857 W wificond: Skip match ssid for pno scan: _Heathrow Wi-Fi, VM4724179, TP-LINK_Extender_2.4GHz, InfoDriverWiFi-CAN, German-Arms-Guest, Any, ODEON_WiFi, CMCC-WEB, Lookers Hawkins Rd, -Free  SYD WiFi-, DXB Free WiFi, BigPond429425, _The QUADRANT Free WiFi, Lounge Room, -Free SYD WiFi-, AIRPORT-FREE-WIFI, first-wi-fi, Darling Harbour Hotel2, _Brewery Free WiFi, _PizzaExpressWiFi, German Arms Guest, Adelaide Virgin Lounge, Trilogy 106, Customer-wifi, studentcom, CommBankFreeWiFi, Chromecast2097, TheManor67, Boingo_Hotspot, Abellio GA WiFi, Connectify-tayla, SmithS, Wireless Network, GA Slate, Airport_Free_WiFi, SouthwestTrainsWiFi, Internode
12-01 22:29:19.659  4622  5095 I chatty  : uid=1000(system) NetworkPolicy expire 17 lines
12-01 22:29:19.669  3857  3857 I wificond: Pno scan started
12-01 22:29:27.404  4622 22121 I chatty  : uid=1000(system) Binder:4622_19 expire 1 line
12-01 22:29:34.581  4622  4683 I chatty  : uid=1000(system) Binder:4622_1 expire 1 line
12-01 22:31:31.839  3857  3857 I wificond: Pno scan stopped
