12-02 23:18:14.666 15300 25840 I Icing   : Indexing com.google.android.gms-internal.3p:Photograph from com.google.android.gms
12-02 23:18:14.675 15300 25840 I Icing   : Indexing com.google.android.gms-internal.3p:MusicRecording from com.google.android.gms
12-02 23:18:14.690 15300 25840 I Icing   : Indexing done com.google.android.gms-internal.3p:MobileApplication
12-02 23:18:14.695 15300 25840 I Icing   : Indexing done com.google.android.gms-internal.3p:MusicGroup
12-02 23:18:14.699  4471  4503 D NetworkSecurityConfig: No Network Security Config specified, using platform default
12-02 23:18:14.700  4471  4503 I ProviderInstaller: Installed default security provider GmsCore_OpenSSL
12-02 23:18:14.701 15300 25840 I Icing   : Indexing done com.google.android.gms-internal.3p:Thing
12-02 23:18:14.706 15300 25840 I Icing   : Indexing done com.google.android.gms-internal.3p:DigitalDocument
12-02 23:18:14.710 15300 25840 I Icing   : Indexing done com.google.android.gms-internal.3p:Message
12-02 23:18:14.715 15300 25840 I Icing   : Indexing done com.google.android.gms-internal.3p:Event
12-02 23:18:14.719 15300 25840 I Icing   : Indexing done com.google.android.gms-internal.3p:Photograph
12-02 23:18:14.724 15300 25840 I Icing   : Indexing done com.google.android.gms-internal.3p:MusicRecording
12-02 23:18:17.420  3816  3908 E QC-QMI  : linux_qmi_qmux_io_wake_lock: Err in writing wakelock=qmuxd_port_wl_0, error [1:Operation not permitted]
12-02 23:18:17.420  3816  3908 E QC-QMI  : linux_qmi_qmux_io_wake_unlock: Err in writing wakelock=qmuxd_port_wl_0, error [1:Operation not permitted]
12-02 23:18:17.459  4622 10078 I chatty  : uid=1000(system) Binder:4622_C expire 3 lines
12-02 23:18:17.466  4622 22266 I chatty  : uid=1000(system) Binder:4622_1E expire 4 lines
12-02 23:18:17.473  5800  8116 I Places  : Converted 15 out of 15 WiFi scans
12-02 23:18:17.474  4622  9699 I chatty  : uid=1000(system) Binder:4622_1F expire 2 lines
12-02 23:18:17.493   501   548 I CarrierServices: [6473] bhj.a: FiST: Wifi connectivity status true
12-02 23:18:17.495  4622  5430 I chatty  : uid=1000(system) Binder:4622_5 expire 2 lines
12-02 23:18:17.498  4622  7619 I chatty  : uid=1000(system) Binder:4622_7 expire 2 lines
12-02 23:18:17.503   501  4376 I CarrierServices: [6509] cjv.a: CarrierServices.apk is not sim call manager. Not enabling MMTel.
12-02 23:18:17.504   501  4376 I CarrierServices: [6509] asu.e: Should not enable MMTel, not starting CallEngine.
12-02 23:18:17.508   501   548 I CarrierServices: [6473] bho.d: Connected state: [1], networkType: [WIFI]
12-02 23:18:17.509   501  4376 I CarrierServices: [6509] cjv.a: CarrierServices.apk is not sim call manager. Not enabling MMTel.
12-02 23:18:17.509   501  4376 I CarrierServices: [6509] apx.run: (MMTel): Ignoring Network Change based on IMS preferences
12-02 23:18:17.512  5800  4029 I GCoreUlr: Successfully inserted 1 locations
12-02 23:18:20.503  4622 22104 I chatty  : uid=1000(system) Binder:4622_10 expire 1 line
12-02 23:18:20.534   501   548 I CarrierServices: [6473] bhj.a: FiST: Wifi connectivity status true
12-02 23:18:20.549   501  4517 I CarrierServices: [6510] cjv.a: CarrierServices.apk is not sim call manager. Not enabling MMTel.
12-02 23:18:20.550   501  4517 I CarrierServices: [6510] asu.e: Should not enable MMTel, not starting CallEngine.
12-02 23:18:20.554   501  4517 I CarrierServices: [6510] cjv.a: CarrierServices.apk is not sim call manager. Not enabling MMTel.
12-02 23:18:20.554   501  4517 I CarrierServices: [6510] apx.run: (MMTel): Ignoring Network Change based on IMS preferences
12-02 23:18:20.556   501   548 I CarrierServices: [6473] bho.d: Connected state: [1], networkType: [WIFI]
12-02 23:18:21.586  4622  5430 I ActivityManager: Killing 2623:mega.privacy.android.app/u0a139 (adj 906): empty #17
12-02 23:18:21.602  5223  5223 I GoogleInputMethod: onFinishInput() : Dummy InputConnection bound
12-02 23:18:21.602  5223  5223 I GoogleInputMethod: onStartInput() : Dummy InputConnection bound
12-02 23:18:21.608  3825  8723 D audio_hw_primary: enable_snd_device: snd_device(2: speaker)
12-02 23:18:21.608  3825  8723 D audio_route: Apply path: speaker
12-02 23:18:21.611  3825  8723 D audio_hw_primary: enable_audio_route: usecase(1) apply and update mixer path: low-latency-playback speaker
12-02 23:18:21.611  3825  8723 D audio_route: Apply path: low-latency-playback speaker
12-02 23:18:21.692  3825  8723 D audio_hw_primary: out_write: retry previous failed cal level set
12-02 23:18:22.208  3825  4344 D audio_hw_primary: disable_audio_route: usecase(1) reset and update mixer path: low-latency-playback speaker
12-02 23:18:22.218  3825  4344 D audio_hw_primary: disable_snd_device: snd_device(2: speaker)
12-02 23:18:22.817  4622  4683 I ActivityManager: START u0 {act=android.intent.action.MAIN cat=[android.intent.category.LAUNCHER] flg=0x10200000 cmp=com.liquidpig.crpg/.CrpgGame (has extras)} from uid 10029
12-02 23:18:22.829  3825  8723 D audio_hw_primary: enable_snd_device: snd_device(2: speaker)
12-02 23:18:22.829  3825  8723 D audio_route: Apply path: speaker
12-02 23:18:22.831  3825  8723 D audio_hw_primary: enable_audio_route: usecase(1) apply and update mixer path: low-latency-playback speaker
12-02 23:18:22.832  3825  8723 D audio_route: Apply path: low-latency-playback speaker
12-02 23:18:22.860  4622 22124 I ActivityManager: Start proc 4579:com.liquidpig.crpg/u0a148 for activity com.liquidpig.crpg/.CrpgGame
12-02 23:18:22.861  4579  4579 I zygote64: Late-enabling -Xcheck:jni
12-02 23:18:22.917  3825  8723 D audio_hw_primary: out_write: retry previous failed cal level set
12-02 23:18:22.963  3825  9283 D sound_trigger_hw: stdev_stop_recognition:[1] Enter
12-02 23:18:22.963  3825  9283 D sound_trigger_hw: check_and_exit_lab: trigger to exit lab
12-02 23:18:22.963  3825  9283 D sound_trigger_hw: route_stop_cpe: ST_EVENT_SESSION_DEREGISTER capture_handle 46 pcm 0xecf36000
12-02 23:18:22.963  3825  9283 I sound_trigger_hw: cpe_stop:[1] Enter
12-02 23:18:22.965  3825  9283 D sound_trigger_hw: cpe_stop:[1] Exit, status=0
12-02 23:18:22.966  3825  9283 D sound_trigger_hw: sound_trigger_set_device: disable device (80000004) = listen-handset-mic
12-02 23:18:22.967  3825  9283 D sound_trigger_hw: stdev_stop_recognition:[1] Exit status 0
12-02 23:18:22.969  7572  7572 I GsaVoiceInteractionSrv: Stop Hotword Recognition status: true
12-02 23:18:23.002  4579  4579 W SoundPool: Use of stream types is deprecated for operations other than volume control
12-02 23:18:23.002  4579  4579 W SoundPool: See the documentation of SoundPool() for what to use instead with android.media.AudioAttributes to qualify your playback use case
12-02 23:18:23.020  4579  4579 I System.out: Loading error.
12-02 23:18:23.050  4579  4598 D OpenGLRenderer: HWUI GL Pipeline
12-02 23:18:23.075  4579  4598 I Adreno  : QUALCOMM build                   : 8e59954, I0be83d0d26
12-02 23:18:23.075  4579  4598 I Adreno  : Build Date                       : 09/22/17
12-02 23:18:23.075  4579  4598 I Adreno  : OpenGL ES Shader Compiler Version: EV031.21.02.00
12-02 23:18:23.075  4579  4598 I Adreno  : Local Branch                     : O17A
12-02 23:18:23.075  4579  4598 I Adreno  : Remote Branch                    : 
12-02 23:18:23.075  4579  4598 I Adreno  : Remote Branch                    : 
12-02 23:18:23.075  4579  4598 I Adreno  : Reconstruct Branch               : 
12-02 23:18:23.076  4579  4598 D vndksupport: Loading /vendor/lib64/hw/gralloc.msm8994.so from current namespace instead of sphal namespace.
12-02 23:18:23.089  4579  4598 I Adreno  : PFP: 0x00000000, ME: 0x00000000
12-02 23:18:23.096   367   367 W /system/bin/hwservicemanager: getTransport: Cannot find entry android.hardware.configstore@1.0::ISurfaceFlingerConfigs/default in either framework or device manifest.
12-02 23:18:23.098  4579  4598 I zygote64: android::hardware::configstore::V1_0::ISurfaceFlingerConfigs::hasWideColorDisplay retrieved: 0
12-02 23:18:23.100  4579  4598 I OpenGLRenderer: Initialized EGL, version 1.4
12-02 23:18:23.100  4579  4598 D OpenGLRenderer: Swap behavior 2
12-02 23:18:23.102  4579  4597 I System.out: Loading error.
12-02 23:18:23.116   367   367 W /system/bin/hwservicemanager: getTransport: Cannot find entry android.hardware.graphics.mapper@2.0::IMapper/default in either framework or device manifest.
12-02 23:18:23.118  4579  4598 D vndksupport: Loading /vendor/lib64/hw/android.hardware.graphics.mapper@2.0-impl.so from current namespace instead of sphal namespace.
12-02 23:18:23.119  4579  4598 D vndksupport: Loading /vendor/lib64/hw/gralloc.msm8994.so from current namespace instead of sphal namespace.
12-02 23:18:23.284  5223  5223 I GoogleInputMethod: onFinishInput() : Dummy InputConnection bound
12-02 23:18:23.288  5223  5223 I GoogleInputMethod: onStartInput() : Dummy InputConnection bound
12-02 23:18:23.289  4622  4862 I chatty  : uid=1000(system) android.display expire 2 lines
12-02 23:18:23.424  7744  7744 I PBSessionCacheImpl: Deleted sessionId[15202442285469] from persistence.
12-02 23:18:23.429  3825  4344 D audio_hw_primary: disable_audio_route: usecase(1) reset and update mixer path: low-latency-playback speaker
12-02 23:18:23.433  4622 22107 I chatty  : uid=1000(system) Binder:4622_13 expire 3 lines
12-02 23:18:23.436  3825  4344 D audio_hw_primary: disable_snd_device: snd_device(2: speaker)
12-02 23:18:23.438  4622  5383 I chatty  : uid=1000(system) Binder:4622_4 expire 3 lines
12-02 23:18:23.443  7744  7744 W SearchServiceCore: Abort, client detached.
12-02 23:18:23.444  7744  7744 I StreamController: cleanUpControllerScope(nowcards--5528507826540213629)
12-02 23:18:23.487  7744  2017 I WorkController: WorkProxy is not enqueued because WorkController is disposed: WorkProxy{Name=context::i, WorkerId=context, id=f9411de}
12-02 23:18:23.487  7744  2017 I WorkController: WorkProxy is not enqueued because WorkController is disposed: WorkProxy{Name=context::k, WorkerId=context, id=f316fbf}
12-02 23:18:23.487  7744  2017 I WorkController: WorkProxy is not enqueued because WorkController is disposed: WorkProxy{Name=context::l, WorkerId=context, id=4d2f68c}
12-02 23:18:23.487  7744  2017 I WorkController: WorkProxy is not enqueued because WorkController is disposed: WorkProxy{Name=context::n, WorkerId=context, id=139d1d5}
12-02 23:18:25.071   425   425 I WifiHAL : Got channel list with 13 channels
12-02 23:18:25.080  2686  2686 I chatty  : uid=10022(com.android.vending) expire 19 lines
12-02 23:18:25.081 15300  4605 I Authzen : [DeviceStateSyncManager] The server is in sync with current state. Nothing to do
12-02 23:18:25.092   425   425 I WifiHAL : Got channel list with 4 channels
12-02 23:18:25.103   425   425 I WifiHAL : Got channel list with 12 channels
12-02 23:18:25.110  2686  4458 I chatty  : uid=10022(com.android.vending) expire 1 line
12-02 23:18:25.128  2686  2737 I chatty  : uid=10022(com.android.vending) libraries-threa expire 1 line
12-02 23:18:25.157  4622 22108 I chatty  : uid=1000(system) Binder:4622_14 expire 2 lines
12-02 23:18:25.882  4622  5046 I chatty  : uid=1000(system) HubConnection expire 10 lines
12-02 23:18:26.558   501   548 I CarrierServices: [6473] bhj.a: FiST: Wifi connectivity status true
12-02 23:18:26.564   501   548 I CarrierServices: [6473] bho.d: Connected state: [1], networkType: [WIFI]
12-02 23:18:26.567   501  4555 I CarrierServices: [6511] cjv.a: CarrierServices.apk is not sim call manager. Not enabling MMTel.
12-02 23:18:26.567   501  4555 I CarrierServices: [6511] asu.e: Should not enable MMTel, not starting CallEngine.
12-02 23:18:26.570   501  4555 I CarrierServices: [6511] cjv.a: CarrierServices.apk is not sim call manager. Not enabling MMTel.
12-02 23:18:26.570   501  4555 I CarrierServices: [6511] apx.run: (MMTel): Ignoring Network Change based on IMS preferences
12-02 23:18:31.859  3816  3908 E QC-QMI  : linux_qmi_qmux_io_wake_lock: Err in writing wakelock=qmuxd_port_wl_0, error [1:Operation not permitted]
12-02 23:18:31.859  3816  3908 E QC-QMI  : linux_qmi_qmux_io_wake_unlock: Err in writing wakelock=qmuxd_port_wl_0, error [1:Operation not permitted]
12-02 23:18:32.087  4622 22124 I ActivityManager: Killing 1603:com.google.process.gapps/u0a12 (adj 904): empty #17
12-02 23:18:34.429  3816  3908 E QC-QMI  : linux_qmi_qmux_io_wake_lock: Err in writing wakelock=qmuxd_port_wl_0, error [1:Operation not permitted]
12-02 23:18:34.430  3816  3908 E QC-QMI  : linux_qmi_qmux_io_wake_unlock: Err in writing wakelock=qmuxd_port_wl_0, error [1:Operation not permitted]
12-02 23:18:38.407  4622  4805 I ActivityManager: Killing 2876:com.google.android.apps.maps/u0a58 (adj 904): empty #17
12-02 23:18:38.409  4622  4820 I chatty  : uid=1000(system) ActivityManager expire 9 lines
12-02 23:18:38.479  4622 22124 D ConnectivityService: ConnectivityService NetworkRequestInfo binderDied(NetworkRequest [ LISTEN id=872, [ Capabilities: INTERNET&NOT_RESTRICTED&TRUSTED&FOREGROUND] ], android.os.BinderProxy@7e9f566)
12-02 23:18:39.550  3816  3908 E QC-QMI  : linux_qmi_qmux_io_wake_lock: Err in writing wakelock=qmuxd_port_wl_0, error [1:Operation not permitted]
12-02 23:18:39.550  3816  3908 E QC-QMI  : linux_qmi_qmux_io_wake_unlock: Err in writing wakelock=qmuxd_port_wl_0, error [1:Operation not permitted]
12-02 23:18:39.551  3816  3908 E QC-QMI  : linux_qmi_qmux_io_wake_lock: Err in writing wakelock=qmuxd_port_wl_0, error [1:Operation not permitted]
12-02 23:18:39.551  3816  3908 E QC-QMI  : linux_qmi_qmux_io_wake_unlock: Err in writing wakelock=qmuxd_port_wl_0, error [1:Operation not permitted]
12-02 23:18:41.176 15300 25840 I ContentMaintenance: Internal cache bytes used: 0; limit: 100000000; download size: 0
12-02 23:18:41.194 15300 25840 I RealtimeCacheCleanup: Beginning Realtime garbage collection.
12-02 23:18:41.196 15300 25840 I RealtimeCacheCleanup: Finished Realtime garbage collection.
12-02 23:18:42.110  3816  3908 E QC-QMI  : linux_qmi_qmux_io_wake_lock: Err in writing wakelock=qmuxd_port_wl_0, error [1:Operation not permitted]
12-02 23:18:42.110  3816  3908 E QC-QMI  : linux_qmi_qmux_io_wake_unlock: Err in writing wakelock=qmuxd_port_wl_0, error [1:Operation not permitted]
12-02 23:18:46.479  2686  2715 I chatty  : uid=10022(com.android.vending) Monitor Thread expire 30 lines
12-02 23:18:49.789  3816  3908 E QC-QMI  : linux_qmi_qmux_io_wake_lock: Err in writing wakelock=qmuxd_port_wl_0, error [1:Operation not permitted]
12-02 23:18:49.790  3816  3908 E QC-QMI  : linux_qmi_qmux_io_wake_unlock: Err in writing wakelock=qmuxd_port_wl_0, error [1:Operation not permitted]
12-02 23:18:52.461  4622  4855 I chatty  : uid=1000(system) batterystats-wo expire 3 lines
12-02 23:18:52.463   425   425 D WifiHAL : In DebugCommand::handleResponse
12-02 23:18:52.463   425   425 D WifiHAL : len = 4, expected len = 4
12-02 23:18:52.465   425   425 D WifiHAL : In DebugCommand::handleResponse
12-02 23:18:52.465   425   425 D WifiHAL : len = 4, expected len = 4
12-02 23:18:52.491  4622  4855 E BatteryExternalStatsWorker: no controller energy info supplied for bluetooth
12-02 23:18:52.499  3816  3908 E QC-QMI  : linux_qmi_qmux_io_wake_lock: Err in writing wakelock=qmuxd_port_wl_0, error [1:Operation not permitted]
12-02 23:18:52.500  3816  3908 E QC-QMI  : linux_qmi_qmux_io_wake_unlock: Err in writing wakelock=qmuxd_port_wl_0, error [1:Operation not permitted]
12-02 23:18:52.501  3816  3908 E QC-QMI  : linux_qmi_qmux_io_wake_lock: Err in writing wakelock=qmuxd_port_wl_0, error [1:Operation not permitted]
12-02 23:18:52.501  3816  3908 E QC-QMI  : linux_qmi_qmux_io_wake_unlock: Err in writing wakelock=qmuxd_port_wl_0, error [1:Operation not permitted]
12-02 23:18:54.910  3816  3908 E QC-QMI  : linux_qmi_qmux_io_wake_lock: Err in writing wakelock=qmuxd_port_wl_0, error [1:Operation not permitted]
12-02 23:18:54.910  3816  3908 E QC-QMI  : linux_qmi_qmux_io_wake_unlock: Err in writing wakelock=qmuxd_port_wl_0, error [1:Operation not permitted]
12-02 23:18:59.290  2686  2730 I chatty  : uid=10022(com.android.vending) ndroid.play.b.g expire 5 lines
12-02 23:19:04.969  3815  3901 I ThermalEngine: ACTION: GPU - Setting GPU[0] to 510000000
12-02 23:19:06.972  3815  3901 I ThermalEngine: ACTION: GPU - Setting GPU[0] to 600000000
12-02 23:19:10.270  3816  3908 E QC-QMI  : linux_qmi_qmux_io_wake_lock: Err in writing wakelock=qmuxd_port_wl_0, error [1:Operation not permitted]
12-02 23:19:10.270  3816  3908 E QC-QMI  : linux_qmi_qmux_io_wake_unlock: Err in writing wakelock=qmuxd_port_wl_0, error [1:Operation not permitted]
12-02 23:19:12.830  3816  3908 E QC-QMI  : linux_qmi_qmux_io_wake_lock: Err in writing wakelock=qmuxd_port_wl_0, error [1:Operation not permitted]
12-02 23:19:12.830  3816  3908 E QC-QMI  : linux_qmi_qmux_io_wake_unlock: Err in writing wakelock=qmuxd_port_wl_0, error [1:Operation not permitted]
12-02 23:19:12.985  3815  3901 I ThermalEngine: ACTION: GPU - Setting GPU[0] to 510000000
12-02 23:19:14.095  3816  3908 E QC-QMI  : linux_qmi_qmux_io_wake_lock: Err in writing wakelock=qmuxd_port_wl_0, error [1:Operation not permitted]
12-02 23:19:14.095  3816  3908 E QC-QMI  : linux_qmi_qmux_io_wake_unlock: Err in writing wakelock=qmuxd_port_wl_0, error [1:Operation not permitted]
12-02 23:19:15.991  3815  3901 I ThermalEngine: ACTION: GPU - Setting GPU[0] to 600000000
12-02 23:19:17.949  3816  3908 E QC-QMI  : linux_qmi_qmux_io_wake_lock: Err in writing wakelock=qmuxd_port_wl_0, error [1:Operation not permitted]
12-02 23:19:17.950  3816  3908 E QC-QMI  : linux_qmi_qmux_io_wake_unlock: Err in writing wakelock=qmuxd_port_wl_0, error [1:Operation not permitted]
12-02 23:19:20.510  3816  3908 E QC-QMI  : linux_qmi_qmux_io_wake_lock: Err in writing wakelock=qmuxd_port_wl_0, error [1:Operation not permitted]
12-02 23:19:20.510  3816  3908 E QC-QMI  : linux_qmi_qmux_io_wake_unlock: Err in writing wakelock=qmuxd_port_wl_0, error [1:Operation not permitted]
12-02 23:19:20.808  4622  5046 I chatty  : uid=1000(system) HubConnection expire 10 lines
12-02 23:19:21.000  3815  3901 I ThermalEngine: ACTION: GPU - Setting GPU[0] to 510000000
12-02 23:19:24.007  3815  3901 I ThermalEngine: ACTION: GPU - Setting GPU[0] to 600000000
12-02 23:19:25.627  3816  3908 E QC-QMI  : linux_qmi_qmux_io_wake_lock: Err in writing wakelock=qmuxd_port_wl_0, error [1:Operation not permitted]
12-02 23:19:25.627  3816  3908 E QC-QMI  : linux_qmi_qmux_io_wake_unlock: Err in writing wakelock=qmuxd_port_wl_0, error [1:Operation not permitted]
12-02 23:19:28.014  3815  3901 I ThermalEngine: ACTION: GPU - Setting GPU[0] to 510000000
12-02 23:19:28.179  3816  3908 E QC-QMI  : linux_qmi_qmux_io_wake_lock: Err in writing wakelock=qmuxd_port_wl_0, error [1:Operation not permitted]
12-02 23:19:28.179  3816  3908 E QC-QMI  : linux_qmi_qmux_io_wake_unlock: Err in writing wakelock=qmuxd_port_wl_0, error [1:Operation not permitted]
12-02 23:19:30.480   425   425 I WifiHAL : Got channel list with 13 channels
12-02 23:19:30.515   425   425 I WifiHAL : Got channel list with 4 channels
12-02 23:19:30.540   425   425 I WifiHAL : Got channel list with 12 channels
12-02 23:19:32.021  3815  3901 I ThermalEngine: ACTION: GPU - Setting GPU[0] to 600000000
12-02 23:19:32.896  4622 22123 I chatty  : uid=1000(system) Binder:4622_1B expire 3 lines
12-02 23:19:33.310  3816  3908 E QC-QMI  : linux_qmi_qmux_io_wake_lock: Err in writing wakelock=qmuxd_port_wl_0, error [1:Operation not permitted]
12-02 23:19:33.310  3816  3908 E QC-QMI  : linux_qmi_qmux_io_wake_unlock: Err in writing wakelock=qmuxd_port_wl_0, error [1:Operation not permitted]
12-02 23:19:33.310  3816  3908 E QC-QMI  : linux_qmi_qmux_io_wake_lock: Err in writing wakelock=qmuxd_port_wl_0, error [1:Operation not permitted]
12-02 23:19:33.311  3816  3908 E QC-QMI  : linux_qmi_qmux_io_wake_unlock: Err in writing wakelock=qmuxd_port_wl_0, error [1:Operation not permitted]
12-02 23:19:35.029  3815  3901 I ThermalEngine: ACTION: GPU - Setting GPU[0] to 510000000
12-02 23:19:35.869  3816  3908 E QC-QMI  : linux_qmi_qmux_io_wake_lock: Err in writing wakelock=qmuxd_port_wl_0, error [1:Operation not permitted]
12-02 23:19:35.870  3816  3908 E QC-QMI  : linux_qmi_qmux_io_wake_unlock: Err in writing wakelock=qmuxd_port_wl_0, error [1:Operation not permitted]
12-02 23:19:36.172  4622 22106 I chatty  : uid=1000(system) Binder:4622_12 expire 3 lines
12-02 23:19:36.222   501   548 I CarrierServices: [6473] bhj.a: FiST: Wifi connectivity status true
12-02 23:19:36.229   501   548 I CarrierServices: [6473] bho.d: Connected state: [1], networkType: [WIFI]
12-02 23:19:36.236   501  4650 I CarrierServices: [6512] cjv.a: CarrierServices.apk is not sim call manager. Not enabling MMTel.
12-02 23:19:36.236   501  4650 I CarrierServices: [6512] asu.e: Should not enable MMTel, not starting CallEngine.
12-02 23:19:36.239   501  4650 I CarrierServices: [6512] cjv.a: CarrierServices.apk is not sim call manager. Not enabling MMTel.
12-02 23:19:36.239   501  4650 I CarrierServices: [6512] apx.run: (MMTel): Ignoring Network Change based on IMS preferences
12-02 23:19:39.035  3815  3901 I ThermalEngine: ACTION: GPU - Setting GPU[0] to 600000000
12-02 23:19:39.218  4622 10091 I chatty  : uid=1000(system) Binder:4622_E expire 2 lines
12-02 23:19:39.257   501   548 I CarrierServices: [6473] bhj.a: FiST: Wifi connectivity status true
12-02 23:19:39.262   501   548 I CarrierServices: [6473] bho.d: Connected state: [1], networkType: [WIFI]
12-02 23:19:39.270   501  4654 I CarrierServices: [6513] cjv.a: CarrierServices.apk is not sim call manager. Not enabling MMTel.
12-02 23:19:39.275   501  4654 I CarrierServices: [6513] asu.e: Should not enable MMTel, not starting CallEngine.
12-02 23:19:39.278   501  4654 I CarrierServices: [6513] cjv.a: CarrierServices.apk is not sim call manager. Not enabling MMTel.
12-02 23:19:39.279   501  4654 I CarrierServices: [6513] apx.run: (MMTel): Ignoring Network Change based on IMS preferences
12-02 23:19:40.989  3816  3908 E QC-QMI  : linux_qmi_qmux_io_wake_lock: Err in writing wakelock=qmuxd_port_wl_0, error [1:Operation not permitted]
12-02 23:19:40.989  3816  3908 E QC-QMI  : linux_qmi_qmux_io_wake_unlock: Err in writing wakelock=qmuxd_port_wl_0, error [1:Operation not permitted]
12-02 23:19:42.040  3815  3901 I ThermalEngine: ACTION: GPU - Setting GPU[0] to 510000000
12-02 23:19:43.549  3816  3908 E QC-QMI  : linux_qmi_qmux_io_wake_lock: Err in writing wakelock=qmuxd_port_wl_0, error [1:Operation not permitted]
12-02 23:19:43.550  3816  3908 E QC-QMI  : linux_qmi_qmux_io_wake_unlock: Err in writing wakelock=qmuxd_port_wl_0, error [1:Operation not permitted]
12-02 23:19:45.280  4622 22105 I chatty  : uid=1000(system) Binder:4622_11 expire 3 lines
12-02 23:19:45.310   501   548 I CarrierServices: [6473] bhj.a: FiST: Wifi connectivity status true
12-02 23:19:45.314   501   548 I CarrierServices: [6473] bho.d: Connected state: [1], networkType: [WIFI]
12-02 23:19:45.320   501  4657 I CarrierServices: [6514] cjv.a: CarrierServices.apk is not sim call manager. Not enabling MMTel.
12-02 23:19:45.320   501  4657 I CarrierServices: [6514] asu.e: Should not enable MMTel, not starting CallEngine.
12-02 23:19:45.325   501  4657 I CarrierServices: [6514] cjv.a: CarrierServices.apk is not sim call manager. Not enabling MMTel.
12-02 23:19:45.326   501  4657 I CarrierServices: [6514] apx.run: (MMTel): Ignoring Network Change based on IMS preferences
12-02 23:19:46.048  3815  3901 I ThermalEngine: ACTION: GPU - Setting GPU[0] to 600000000
12-02 23:19:46.109  3816  3908 E QC-QMI  : linux_qmi_qmux_io_wake_lock: Err in writing wakelock=qmuxd_port_wl_0, error [1:Operation not permitted]
12-02 23:19:46.110  3816  3908 E QC-QMI  : linux_qmi_qmux_io_wake_unlock: Err in writing wakelock=qmuxd_port_wl_0, error [1:Operation not permitted]
12-02 23:19:48.669  3816  3908 E QC-QMI  : linux_qmi_qmux_io_wake_lock: Err in writing wakelock=qmuxd_port_wl_0, error [1:Operation not permitted]
12-02 23:19:48.670  3816  3908 E QC-QMI  : linux_qmi_qmux_io_wake_unlock: Err in writing wakelock=qmuxd_port_wl_0, error [1:Operation not permitted]
12-02 23:19:49.054  3815  3901 I ThermalEngine: ACTION: GPU - Setting GPU[0] to 510000000
12-02 23:19:51.219  3816  3908 E QC-QMI  : linux_qmi_qmux_io_wake_lock: Err in writing wakelock=qmuxd_port_wl_0, error [1:Operation not permitted]
12-02 23:19:51.219  3816  3908 E QC-QMI  : linux_qmi_qmux_io_wake_unlock: Err in writing wakelock=qmuxd_port_wl_0, error [1:Operation not permitted]
12-02 23:19:51.339  4622 22115 I chatty  : uid=1000(system) Binder:4622_16 expire 7 lines
12-02 23:19:51.380   501   548 I CarrierServices: [6473] bhj.a: FiST: Wifi connectivity status true
12-02 23:19:51.386   501   548 I CarrierServices: [6473] bho.d: Connected state: [1], networkType: [WIFI]
12-02 23:19:51.395   501  4661 I CarrierServices: [6515] cjv.a: CarrierServices.apk is not sim call manager. Not enabling MMTel.
12-02 23:19:51.395   501  4661 I CarrierServices: [6515] asu.e: Should not enable MMTel, not starting CallEngine.
12-02 23:19:51.398   501  4661 I CarrierServices: [6515] cjv.a: CarrierServices.apk is not sim call manager. Not enabling MMTel.
12-02 23:19:51.398   501  4661 I CarrierServices: [6515] apx.run: (MMTel): Ignoring Network Change based on IMS preferences
12-02 23:19:54.069  3815  3901 I ThermalEngine: ACTION: GPU - Setting GPU[0] to 600000000
12-02 23:19:54.419   501   548 I CarrierServices: [6473] bhj.a: FiST: Wifi connectivity status true
12-02 23:19:54.424   501  4650 I CarrierServices: [6512] cjv.a: CarrierServices.apk is not sim call manager. Not enabling MMTel.
12-02 23:19:54.425   501  4650 I CarrierServices: [6512] asu.e: Should not enable MMTel, not starting CallEngine.
12-02 23:19:54.428   501  4650 I CarrierServices: [6512] cjv.a: CarrierServices.apk is not sim call manager. Not enabling MMTel.
12-02 23:19:54.428   501  4650 I CarrierServices: [6512] apx.run: (MMTel): Ignoring Network Change based on IMS preferences
12-02 23:19:54.431   501   548 I CarrierServices: [6473] bho.d: Connected state: [1], networkType: [WIFI]
12-02 23:19:56.349  3816  3908 E QC-QMI  : linux_qmi_qmux_io_wake_lock: Err in writing wakelock=qmuxd_port_wl_0, error [1:Operation not permitted]
12-02 23:19:56.350  3816  3908 E QC-QMI  : linux_qmi_qmux_io_wake_unlock: Err in writing wakelock=qmuxd_port_wl_0, error [1:Operation not permitted]
12-02 23:19:57.075  3815  3901 I ThermalEngine: ACTION: GPU - Setting GPU[0] to 510000000
12-02 23:19:57.425  4622  5046 I chatty  : uid=1000(system) HubConnection expire 10 lines
12-02 23:19:57.465   501   548 I CarrierServices: [6473] bhj.a: FiST: Wifi connectivity status true
12-02 23:19:57.470   501  4654 I CarrierServices: [6513] cjv.a: CarrierServices.apk is not sim call manager. Not enabling MMTel.
12-02 23:19:57.471   501  4654 I CarrierServices: [6513] asu.e: Should not enable MMTel, not starting CallEngine.
12-02 23:19:57.474   501  4654 I CarrierServices: [6513] cjv.a: CarrierServices.apk is not sim call manager. Not enabling MMTel.
12-02 23:19:57.474   501  4654 I CarrierServices: [6513] apx.run: (MMTel): Ignoring Network Change based on IMS preferences
12-02 23:19:57.479   501   548 I CarrierServices: [6473] bho.d: Connected state: [1], networkType: [WIFI]
12-02 23:20:03.080  3815  3901 I ThermalEngine: ACTION: GPU - Setting GPU[0] to 600000000
12-02 23:20:03.465  4622  7620 I chatty  : uid=1000(system) Binder:4622_8 expire 6 lines
12-02 23:20:03.500   501   548 I CarrierServices: [6473] bhj.a: FiST: Wifi connectivity status true
12-02 23:20:03.507   501  4657 I CarrierServices: [6514] cjv.a: CarrierServices.apk is not sim call manager. Not enabling MMTel.
12-02 23:20:03.508   501  4657 I CarrierServices: [6514] asu.e: Should not enable MMTel, not starting CallEngine.
12-02 23:20:03.510   501  4657 I CarrierServices: [6514] cjv.a: CarrierServices.apk is not sim call manager. Not enabling MMTel.
12-02 23:20:03.510   501  4657 I CarrierServices: [6514] apx.run: (MMTel): Ignoring Network Change based on IMS preferences
12-02 23:20:03.513   501   548 I CarrierServices: [6473] bho.d: Connected state: [1], networkType: [WIFI]
12-02 23:20:04.029  3816  3908 E QC-QMI  : linux_qmi_qmux_io_wake_lock: Err in writing wakelock=qmuxd_port_wl_0, error [1:Operation not permitted]
12-02 23:20:04.030  3816  3908 E QC-QMI  : linux_qmi_qmux_io_wake_unlock: Err in writing wakelock=qmuxd_port_wl_0, error [1:Operation not permitted]
12-02 23:20:06.093  3815  3901 I ThermalEngine: ACTION: GPU - Setting GPU[0] to 510000000
12-02 23:20:06.536   501   548 I CarrierServices: [6473] bhj.a: FiST: Wifi connectivity status true
12-02 23:20:06.543   501  4661 I CarrierServices: [6515] cjv.a: CarrierServices.apk is not sim call manager. Not enabling MMTel.
12-02 23:20:06.543   501  4661 I CarrierServices: [6515] asu.e: Should not enable MMTel, not starting CallEngine.
12-02 23:20:06.550   501  4661 I CarrierServices: [6515] cjv.a: CarrierServices.apk is not sim call manager. Not enabling MMTel.
12-02 23:20:06.550   501  4661 I CarrierServices: [6515] apx.run: (MMTel): Ignoring Network Change based on IMS preferences
12-02 23:20:06.551   501   548 I CarrierServices: [6473] bho.d: Connected state: [1], networkType: [WIFI]
12-02 23:20:06.578  3816  3908 E QC-QMI  : linux_qmi_qmux_io_wake_lock: Err in writing wakelock=qmuxd_port_wl_0, error [1:Operation not permitted]
12-02 23:20:06.578  3816  3908 E QC-QMI  : linux_qmi_qmux_io_wake_unlock: Err in writing wakelock=qmuxd_port_wl_0, error [1:Operation not permitted]
12-02 23:20:10.910  2686  2715 I chatty  : uid=10022(com.android.vending) Monitor Thread expire 17 lines
12-02 23:20:12.097  3815  3901 I ThermalEngine: ACTION: GPU - Setting GPU[0] to 600000000
12-02 23:20:14.269  3816  3908 E QC-QMI  : linux_qmi_qmux_io_wake_lock: Err in writing wakelock=qmuxd_port_wl_0, error [1:Operation not permitted]
12-02 23:20:14.269  3816  3908 E QC-QMI  : linux_qmi_qmux_io_wake_unlock: Err in writing wakelock=qmuxd_port_wl_0, error [1:Operation not permitted]
12-02 23:20:15.103  3815  3901 I ThermalEngine: ACTION: GPU - Setting GPU[0] to 510000000
12-02 23:20:16.819  3816  3908 E QC-QMI  : linux_qmi_qmux_io_wake_lock: Err in writing wakelock=qmuxd_port_wl_0, error [1:Operation not permitted]
12-02 23:20:16.819  3816  3908 E QC-QMI  : linux_qmi_qmux_io_wake_unlock: Err in writing wakelock=qmuxd_port_wl_0, error [1:Operation not permitted]
12-02 23:20:17.499  5800  8116 I Places  : Converted 15 out of 15 WiFi scans
12-02 23:20:17.515  4622 10090 I chatty  : uid=1000(system) Binder:4622_D expire 1 line
12-02 23:20:17.536  5800  4030 I GCoreUlr: Successfully inserted 1 locations
12-02 23:20:22.117  3815  3901 I ThermalEngine: ACTION: GPU - Setting GPU[0] to 600000000
12-02 23:20:24.121  3815  3901 I ThermalEngine: ACTION: GPU - Setting GPU[0] to 510000000
12-02 23:20:30.133  3815  3901 I ThermalEngine: ACTION: GPU - Setting GPU[0] to 600000000
12-02 23:20:32.136  3815  3901 I ThermalEngine: ACTION: GPU - Setting GPU[0] to 510000000
12-02 23:20:34.015  4622  5046 I chatty  : uid=1000(system) HubConnection expire 10 lines
12-02 23:20:37.310  3816  3908 E QC-QMI  : linux_qmi_qmux_io_wake_lock: Err in writing wakelock=qmuxd_port_wl_0, error [1:Operation not permitted]
12-02 23:20:37.310  3816  3908 E QC-QMI  : linux_qmi_qmux_io_wake_unlock: Err in writing wakelock=qmuxd_port_wl_0, error [1:Operation not permitted]
12-02 23:20:38.150  3815  3901 I ThermalEngine: ACTION: GPU - Setting GPU[0] to 600000000
12-02 23:20:39.869  3816  3908 E QC-QMI  : linux_qmi_qmux_io_wake_lock: Err in writing wakelock=qmuxd_port_wl_0, error [1:Operation not permitted]
12-02 23:20:39.870  3816  3908 E QC-QMI  : linux_qmi_qmux_io_wake_unlock: Err in writing wakelock=qmuxd_port_wl_0, error [1:Operation not permitted]
12-02 23:20:40.154  3815  3901 I ThermalEngine: ACTION: GPU - Setting GPU[0] to 510000000
12-02 23:20:42.890   501   548 I CarrierServices: [6473] bhj.a: FiST: Wifi connectivity status true
12-02 23:20:42.898   501   548 I CarrierServices: [6473] bho.d: Connected state: [1], networkType: [WIFI]
12-02 23:20:42.904   501  4676 I CarrierServices: [6516] cjv.a: CarrierServices.apk is not sim call manager. Not enabling MMTel.
12-02 23:20:42.904   501  4676 I CarrierServices: [6516] asu.e: Should not enable MMTel, not starting CallEngine.
12-02 23:20:42.907   501  4676 I CarrierServices: [6516] cjv.a: CarrierServices.apk is not sim call manager. Not enabling MMTel.
12-02 23:20:42.907   501  4676 I CarrierServices: [6516] apx.run: (MMTel): Ignoring Network Change based on IMS preferences
12-02 23:20:45.896  4622 22099 I chatty  : uid=1000(system) Binder:4622_F expire 1 line
12-02 23:20:45.937   501   548 I CarrierServices: [6473] bhj.a: FiST: Wifi connectivity status true
12-02 23:20:45.940   501   548 I CarrierServices: [6473] bho.d: Connected state: [1], networkType: [WIFI]
12-02 23:20:45.960   501  4677 I CarrierServices: [6517] cjv.a: CarrierServices.apk is not sim call manager. Not enabling MMTel.
12-02 23:20:45.961   501  4677 I CarrierServices: [6517] asu.e: Should not enable MMTel, not starting CallEngine.
12-02 23:20:45.964   501  4677 I CarrierServices: [6517] cjv.a: CarrierServices.apk is not sim call manager. Not enabling MMTel.
12-02 23:20:45.964   501  4677 I CarrierServices: [6517] apx.run: (MMTel): Ignoring Network Change based on IMS preferences
12-02 23:20:47.174  3815  3901 I ThermalEngine: ACTION: GPU - Setting GPU[0] to 600000000
12-02 23:20:49.171  3815  3901 I ThermalEngine: ACTION: GPU - Setting GPU[0] to 510000000
12-02 23:20:58.188  3815  3901 I ThermalEngine: ACTION: GPU - Setting GPU[0] to 600000000
12-02 23:21:00.192  3815  3901 I ThermalEngine: ACTION: GPU - Setting GPU[0] to 510000000
12-02 23:21:01.903   425   425 I WifiHAL : Got channel list with 13 channels
12-02 23:21:01.928   425   425 I WifiHAL : Got channel list with 4 channels
12-02 23:21:01.930  4622  5189 I chatty  : uid=1000(system) Thread-2 expire 12 lines
12-02 23:21:01.955   425   425 I WifiHAL : Got channel list with 12 channels
12-02 23:21:04.393  4622  5235 I chatty  : uid=1000(system) Binder:4622_3 expire 2 lines
12-02 23:21:10.592  3816  3908 E QC-QMI  : linux_qmi_qmux_io_wake_lock: Err in writing wakelock=qmuxd_port_wl_0, error [1:Operation not permitted]
12-02 23:21:10.592  3816  3908 E QC-QMI  : linux_qmi_qmux_io_wake_unlock: Err in writing wakelock=qmuxd_port_wl_0, error [1:Operation not permitted]
12-02 23:21:10.913  2686  2715 I chatty  : uid=10022(com.android.vending) Monitor Thread expire 21 lines
12-02 23:21:14.218  3815  3901 I ThermalEngine: ACTION: GPU - Setting GPU[0] to 600000000
12-02 23:21:15.712  3816  3908 E QC-QMI  : linux_qmi_qmux_io_wake_lock: Err in writing wakelock=qmuxd_port_wl_0, error [1:Operation not permitted]
12-02 23:21:15.712  3816  3908 E QC-QMI  : linux_qmi_qmux_io_wake_unlock: Err in writing wakelock=qmuxd_port_wl_0, error [1:Operation not permitted]
12-02 23:21:16.222  3815  3901 I ThermalEngine: ACTION: GPU - Setting GPU[0] to 510000000
12-02 23:21:18.269  3816  3908 E QC-QMI  : linux_qmi_qmux_io_wake_lock: Err in writing wakelock=qmuxd_port_wl_0, error [1:Operation not permitted]
12-02 23:21:18.269  3816  3908 E QC-QMI  : linux_qmi_qmux_io_wake_unlock: Err in writing wakelock=qmuxd_port_wl_0, error [1:Operation not permitted]
12-02 23:21:25.949  3816  3908 E QC-QMI  : linux_qmi_qmux_io_wake_lock: Err in writing wakelock=qmuxd_port_wl_0, error [1:Operation not permitted]
12-02 23:21:25.949  3816  3908 E QC-QMI  : linux_qmi_qmux_io_wake_unlock: Err in writing wakelock=qmuxd_port_wl_0, error [1:Operation not permitted]
12-02 23:21:31.069  3816  3908 E QC-QMI  : linux_qmi_qmux_io_wake_lock: Err in writing wakelock=qmuxd_port_wl_0, error [1:Operation not permitted]
12-02 23:21:31.069  3816  3908 E QC-QMI  : linux_qmi_qmux_io_wake_unlock: Err in writing wakelock=qmuxd_port_wl_0, error [1:Operation not permitted]
12-02 23:21:33.255  3815  3901 I ThermalEngine: ACTION: GPU - Setting GPU[0] to 600000000
12-02 23:21:35.259  3815  3901 I ThermalEngine: ACTION: GPU - Setting GPU[0] to 510000000
12-02 23:21:40.029  3816  3908 E QC-QMI  : linux_qmi_qmux_io_wake_lock: Err in writing wakelock=qmuxd_port_wl_0, error [1:Operation not permitted]
12-02 23:21:40.029  3816  3908 E QC-QMI  : linux_qmi_qmux_io_wake_unlock: Err in writing wakelock=qmuxd_port_wl_0, error [1:Operation not permitted]
12-02 23:22:17.513  5800  8116 I Places  : Converted 0 out of 20 WiFi scans
12-02 23:22:17.544  5800  4682 I GCoreUlr: Successfully inserted 1 locations
12-02 23:22:22.269  3816  3908 E QC-QMI  : linux_qmi_qmux_io_wake_lock: Err in writing wakelock=qmuxd_port_wl_0, error [1:Operation not permitted]
12-02 23:22:22.269  3816  3908 E QC-QMI  : linux_qmi_qmux_io_wake_unlock: Err in writing wakelock=qmuxd_port_wl_0, error [1:Operation not permitted]
12-02 23:22:29.246  4622  5046 I chatty  : uid=1000(system) HubConnection expire 10 lines
12-02 23:22:33.785  3816  3908 E QC-QMI  : linux_qmi_qmux_io_wake_lock: Err in writing wakelock=qmuxd_port_wl_0, error [1:Operation not permitted]
12-02 23:22:33.785  3816  3908 E QC-QMI  : linux_qmi_qmux_io_wake_unlock: Err in writing wakelock=qmuxd_port_wl_0, error [1:Operation not permitted]
12-02 23:22:37.629  3816  3908 E QC-QMI  : linux_qmi_qmux_io_wake_lock: Err in writing wakelock=qmuxd_port_wl_0, error [1:Operation not permitted]
12-02 23:22:37.629  3816  3908 E QC-QMI  : linux_qmi_qmux_io_wake_unlock: Err in writing wakelock=qmuxd_port_wl_0, error [1:Operation not permitted]
12-02 23:22:43.859  4712  4712 I dex2oat : /system/bin/dex2oat --input-vdex-fd=-1 --output-vdex-fd=14 --compiler-filter=quicken -j4 --debuggable --classpath-dir=/data/app/com.liquidpig.crpg-GtwXaLCZWBxV-2NU9-mXDg== --class-loader-context=PCL[]
12-02 23:22:44.772  4712  4712 I dex2oat : Explicit concurrent copying GC freed 7394(2MB) AllocSpace objects, 0(0B) LOS objects, 92% free, 129KB/1665KB, paused 60us total 6.840ms
12-02 23:22:44.798  4712  4712 I dex2oat : Explicit concurrent copying GC freed 702(209KB) AllocSpace objects, 0(0B) LOS objects, 92% free, 129KB/1665KB, paused 50us total 6.104ms
12-02 23:22:44.860  4712  4712 I dex2oat : dex2oat took 1.002s (2.138s cpu) (threads: 4) arena alloc=527KB (540520B) java alloc=129KB (132648B) native alloc=2MB (2294552B) free=3MB (3996904B)
12-02 23:22:44.874  4622  4806 I ActivityManager: Force stopping com.liquidpig.crpg appid=10148 user=-1: installPackageLI
12-02 23:22:44.875  4622  4806 I ActivityManager: Killing 4579:com.liquidpig.crpg/u0a148 (adj 0): stop com.liquidpig.crpg
12-02 23:22:44.877  4622  4806 W ActivityManager: Force removing ActivityRecord{aaddf3d u0 com.liquidpig.crpg/.CrpgGame t9245}: app died, no saved state
12-02 23:22:44.886  4622  4806 I WindowManager: Failed to capture screenshot of Token{c3ad332 ActivityRecord{aaddf3d u0 com.liquidpig.crpg/.CrpgGame t9245 f}} appWin=Window{58c965 u0 com.liquidpig.crpg/com.liquidpig.crpg.CrpgGame} drawState=4
12-02 23:22:44.989  4622  4868 I PackageManager: Package com.liquidpig.crpg codePath changed from /data/app/com.liquidpig.crpg-GUqSUVflZ86p43-wN1-bPw== to /data/app/com.liquidpig.crpg-GtwXaLCZWBxV-2NU9-mXDg==; Retaining data and using new
12-02 23:22:44.989  4622  4868 W PackageManager: Code path for com.liquidpig.crpg changing from /data/app/com.liquidpig.crpg-GUqSUVflZ86p43-wN1-bPw== to /data/app/com.liquidpig.crpg-GtwXaLCZWBxV-2NU9-mXDg==
12-02 23:22:44.990  4622  4868 W PackageManager: Resource path for com.liquidpig.crpg changing from /data/app/com.liquidpig.crpg-GUqSUVflZ86p43-wN1-bPw== to /data/app/com.liquidpig.crpg-GtwXaLCZWBxV-2NU9-mXDg==
12-02 23:22:45.007  4622  4818 W Looper  : Dispatch took 132ms on android.ui, h=Handler (com.android.server.am.ActivityManagerService$UiHandler) {ee9426c} cb=null msg=53
12-02 23:22:45.007  4622  4862 W ActivityManager: setHasOverlayUi called on unknown pid: 4579
12-02 23:22:45.266   431   431 D SurfaceFlinger: duplicate layer name: changing com.google.android.googlequicksearchbox/com.google.android.launcher.GEL to com.google.android.googlequicksearchbox/com.google.android.launcher.GEL#1
12-02 23:22:45.288  7744  7744 W SessionLifecycleManager: Handover failed. Creating new session controller.
12-02 23:22:45.303  5223  5223 I GoogleInputMethod: onFinishInput() : Dummy InputConnection bound
12-02 23:22:45.303  5223  5223 I GoogleInputMethod: onStartInput() : Dummy InputConnection bound
12-02 23:22:45.323  7744  7744 I StreamController: registerScope: nowcards--5528507826540213629
12-02 23:22:45.372  4622  4684 I chatty  : uid=1000(system) Binder:4622_2 expire 1 line
12-02 23:22:45.390  4622 24338 I chatty  : uid=1000(system) Binder:4622_20 expire 1 line
12-02 23:22:45.399  7744  2017 W LocationOracle: No location history returned by ContextManager
12-02 23:22:45.419  7744  7744 W StaticLayout: maxLineHeight should not be -1.  maxLines:2 lineCount:2
12-02 23:22:45.430  7744  7744 I chatty  : uid=10029 com.google.android.googlequicksearchbox:search identical 12 lines
12-02 23:22:45.432  7744  7744 W StaticLayout: maxLineHeight should not be -1.  maxLines:2 lineCount:2
12-02 23:22:45.468  3825 15104 D sound_trigger_hw: stdev_start_recognition:[1] Enter
12-02 23:22:45.468  3825 15104 D sound_trigger_hw: stdev_start_recognition: No smlib for uuid, sending opaque data
12-02 23:22:45.468  3825 15104 D sound_trigger_platform: platform_stdev_is_session_allowed: stdev->audio_concurrency_active 0 session_allowed 1
12-02 23:22:45.468  3825 15104 D sound_trigger_hw: sound_trigger_set_device: enable device (80000004) = listen-handset-mic
12-02 23:22:45.468  3825 15104 D audio_route: Apply path: listen-handset-mic
12-02 23:22:45.469  7744  7744 W ServiceUpdateReceiver: Ignoring update for non-existing controller.
12-02 23:22:45.469  7744  7744 W MonetServiceEventQueue: No updates to flush
12-02 23:22:45.479  3825 15104 D sound_trigger_hw: cpe_reg_sm_params:[1] Enter
12-02 23:22:45.479  3825 15104 D sound_trigger_hw: cpe_reg_sm_params: dm 1 df 0 ncl 1 lab 1
12-02 23:22:45.479  3825 15104 D sound_trigger_hw: cpe_reg_sm_params: conf_levels[0] = 0
12-02 23:22:45.490  3825 15104 D sound_trigger_hw: cpe_reg_sm_params:[1] Exit, status=0
12-02 23:22:45.490  3825 15104 D sound_trigger_hw: route_start_cpe: ST_EVENT_SESSION_REGISTER capture_handle 46 pcm 0xecf36000
12-02 23:22:45.490  3825 15104 D sound_trigger_hw: cpe_start:[1] Enter
12-02 23:22:45.490  5800  4682 W ctxmgr  : [AclManager]No 3 for (accnt=account#-517948760#, com.google.android.gms(10012):UserVelocityProducer, vrsn=14574019, 0, 3pPkg = null ,  3pMdlId = null ,  pid = 5800). Was: 3 for 1, account#-517948760#
12-02 23:22:45.492  3825 15104 D sound_trigger_hw: cpe_start:[1] Exit, status=0
12-02 23:22:45.492  3825 15104 D sound_trigger_hw: stdev_start_recognition:[1] Exit
12-02 23:22:45.492  4622 22123 I SoundTriggerHelper: startRecognition successful.
12-02 23:22:45.493  7572  7572 I GsaVoiceInteractionSrv: Start Hotword Recognition Status: true
12-02 23:22:45.586  3828  7509 E         : Couldn't opendir /data/app/vmdl688100347.tmp: No such file or directory
12-02 23:22:45.586  3828  7509 E installd: Failed to delete /data/app/vmdl688100347.tmp: No such file or directory
12-02 23:22:45.587  4622  4868 I ActivityManager: Force stopping com.liquidpig.crpg appid=10148 user=0: pkg removed
12-02 23:22:45.638  4622  4806 W BroadcastQueue: Background execution not allowed: receiving Intent { act=android.intent.action.PACKAGE_REMOVED dat=package:com.liquidpig.crpg flg=0x4000010 (has extras) } to com.android.musicfx/.Compatibility$Receiver
12-02 23:22:45.638  4622  4806 W BroadcastQueue: Background execution not allowed: receiving Intent { act=android.intent.action.PACKAGE_REMOVED dat=package:com.liquidpig.crpg flg=0x4000010 (has extras) } to com.android.vending/com.google.android.finsky.packagemanager.impl.PackageMonitorReceiverImpl$RegisteredReceiver
12-02 23:22:45.638  4622  4806 W BroadcastQueue: Background execution not allowed: receiving Intent { act=android.intent.action.PACKAGE_REMOVED dat=package:com.liquidpig.crpg flg=0x4000010 (has extras) } to com.android.vending/com.google.android.finsky.instantapps.appmanagement.InstantAppRemoveMonitor
12-02 23:22:45.638  4622  4806 W BroadcastQueue: Background execution not allowed: receiving Intent { act=android.intent.action.PACKAGE_REMOVED dat=package:com.liquidpig.crpg flg=0x4000010 (has extras) } to com.google.android.gms/.games.chimera.GamesSystemBroadcastReceiverProxy
12-02 23:22:45.645  2686  2686 I chatty  : uid=10022(com.android.vending) expire 4 lines
12-02 23:22:45.664  4622  4806 W BroadcastQueue: Background execution not allowed: receiving Intent { act=android.intent.action.PACKAGE_REMOVED dat=package:com.liquidpig.crpg flg=0x4000010 (has extras) } to com.google.android.gms/.photos.autobackup.PhotosAppUninstalledReceiver
12-02 23:22:45.673   501   501 I CarrierServices: [2] RcsAutoStartReceiver.b: carrierServicesJibeServiceEnabled changed from true to true
12-02 23:22:45.685  4622  4806 W BroadcastQueue: Background execution not allowed: receiving Intent { act=android.intent.action.PACKAGE_REMOVED dat=package:com.liquidpig.crpg flg=0x4000010 (has extras) } to com.google.android.gms/.chimera.GmsIntentOperationService$PersistentTrustedReceiver
12-02 23:22:45.685  4622  4806 W BroadcastQueue: Background execution not allowed: receiving Intent { act=android.intent.action.PACKAGE_REMOVED dat=package:com.liquidpig.crpg flg=0x4000010 (has extras) } to com.google.android.googlequicksearchbox/com.google.android.apps.gsa.googlequicksearchbox.GelStubAppWatcher
12-02 23:22:45.685  4622  4806 W BroadcastQueue: Background execution not allowed: receiving Intent { act=android.intent.action.PACKAGE_REMOVED dat=package:com.liquidpig.crpg flg=0x4000010 (has extras) } to com.binance.dev/cn.jpush.android.service.PushReceiver
12-02 23:22:45.686  4622  4806 W BroadcastQueue: Background execution not allowed: receiving Intent { act=android.intent.action.PACKAGE_REMOVED dat=package:com.liquidpig.crpg flg=0x4000010 (has extras) } to com.commbank.netbank/.receivers.PackageInstallReceiver
12-02 23:22:45.696   501   501 I CarrierServices: [2] RcsAutoStartReceiver.b: enableRcs changed from true to true
12-02 23:22:45.698   501   501 I CarrierServices: [2] RcsAutoStartReceiver.b: RcsAutoStartReceiver triggered. Fetching RCS State. Action: android.intent.action.PACKAGE_ADDED
12-02 23:22:45.706   501   501 I CarrierServices: [2] bdy.a: Migration binding to RcsMigrationService
12-02 23:22:45.707  3339  3416 W System.err: Network is unreachable
12-02 23:22:45.713  5242  5253 I zygote64: Background concurrent copying GC freed 29286(1073KB) AllocSpace objects, 0(0B) LOS objects, 49% free, 13MB/26MB, paused 117us total 105.836ms
12-02 23:22:45.725   501   501 I CarrierServices: [2] RcsAutoStartReceiver.b: carrierServicesJibeServiceEnabled changed from true to true
12-02 23:22:45.730   501   501 I CarrierServices: [2] RcsAutoStartReceiver.b: enableRcs changed from true to true
12-02 23:22:45.730   501   501 I CarrierServices: [2] RcsAutoStartReceiver.b: RcsAutoStartReceiver triggered. Fetching RCS State. Action: android.intent.action.PACKAGE_REPLACED
12-02 23:22:45.735  4622 22122 W BroadcastQueue: Background execution not allowed: receiving Intent { act=android.intent.action.PACKAGE_ADDED dat=package:com.liquidpig.crpg flg=0x4000010 (has extras) } to com.android.musicfx/.Compatibility$Receiver
12-02 23:22:45.738  4622  4806 W BroadcastQueue: Background execution not allowed: receiving Intent { act=android.intent.action.PACKAGE_ADDED dat=package:com.liquidpig.crpg flg=0x4000010 (has extras) } to com.android.vending/com.google.android.finsky.packagemanager.impl.PackageMonitorReceiverImpl$RegisteredReceiver
12-02 23:22:45.739  4622  4806 W BroadcastQueue: Background execution not allowed: receiving Intent { act=android.intent.action.PACKAGE_ADDED dat=package:com.liquidpig.crpg flg=0x4000010 (has extras) } to com.google.android.gms/.games.chimera.GamesSystemBroadcastReceiverProxy
12-02 23:22:45.739  4622  4806 W BroadcastQueue: Background execution not allowed: receiving Intent { act=android.intent.action.PACKAGE_ADDED dat=package:com.liquidpig.crpg flg=0x4000010 (has extras) } to com.google.android.gms/.gass.chimera.PackageChangeBroadcastReceiver
12-02 23:22:45.739  4622  4806 W BroadcastQueue: Background execution not allowed: receiving Intent { act=android.intent.action.PACKAGE_ADDED dat=package:com.liquidpig.crpg flg=0x4000010 (has extras) } to com.google.android.gms/.chimera.GmsIntentOperationService$PersistentTrustedReceiver
12-02 23:22:45.739  4622  4806 W BroadcastQueue: Background execution not allowed: receiving Intent { act=android.intent.action.PACKAGE_ADDED dat=package:com.liquidpig.crpg flg=0x4000010 (has extras) } to com.google.android.googlequicksearchbox/com.google.android.apps.gsa.googlequicksearchbox.GelStubAppWatcher
12-02 23:22:45.739  4622  4806 W BroadcastQueue: Background execution not allowed: receiving Intent { act=android.intent.action.PACKAGE_ADDED dat=package:com.liquidpig.crpg flg=0x4000010 (has extras) } to com.google.android.ims/.receivers.RcsAutoStartReceiver
12-02 23:22:45.739  4622  4806 W BroadcastQueue: Background execution not allowed: receiving Intent { act=android.intent.action.PACKAGE_ADDED dat=package:com.liquidpig.crpg flg=0x4000010 (has extras) } to com.binance.dev/cn.jpush.android.service.PushReceiver
12-02 23:22:45.740  4622  4806 W BroadcastQueue: Background execution not allowed: receiving Intent { act=android.intent.action.PACKAGE_ADDED dat=package:com.liquidpig.crpg flg=0x4000010 (has extras) } to com.commbank.netbank/.receivers.PackageInstallReceiver
12-02 23:22:45.760   501   501 I CarrierServices: [2] bdy.a: Migration binding to RcsMigrationService
12-02 23:22:45.781  3372  3494 I chatty  : uid=10065(com.google.android.apps.messaging) Binder:3372_3 expire 18 lines
12-02 23:22:45.783  4622  4622 I Telecom : DefaultDialerCache: Refreshing default dialer for user 0: now com.google.android.dialer: DDC.oR@MvA
