12-02 16:59:42.352  4622  4805 I chatty  : uid=1000(system) android.bg expire 4 lines
12-02 16:59:43.051  4622  5121 I chatty  : uid=1000(system) ConnectivitySer expire 11 lines
12-02 17:02:28.285  4622  4806 I chatty  : uid=1000(system) ActivityManager expire 14 lines
12-02 17:10:28.523  4622  5095 I chatty  : uid=1000(system) NetworkPolicy expire 34 lines
12-02 17:10:28.581  3857  3857 W wificond: Skip match ssid for pno scan: _Heathrow Wi-Fi, VM4724179, TP-LINK_Extender_2.4GHz, InfoDriverWiFi-CAN, German-Arms-Guest, Any, ODEON_WiFi, CMCC-WEB, Lookers Hawkins Rd, -Free  SYD WiFi-, DXB Free WiFi, BigPond429425, _The QUADRANT Free WiFi, Lounge Room, -Free SYD WiFi-, AIRPORT-FREE-WIFI, first-wi-fi, Darling Harbour Hotel2, _Brewery Free WiFi, _PizzaExpressWiFi, German Arms Guest, Adelaide Virgin Lounge, Trilogy 106, Customer-wifi, studentcom, CommBankFreeWiFi, Chromecast2097, TheManor67, Boingo_Hotspot, Abellio GA WiFi, Connectify-tayla, SmithS, Wireless Network, GA Slate, Airport_Free_WiFi, SouthwestTrainsWiFi, Internode
12-02 17:10:28.604  3857  3857 I wificond: Pno scan started
12-02 17:10:30.697  3857  3857 I wificond: Pno scan result ready event
12-02 17:10:30.706  3857  3857 I wificond: Pno scan stopped
12-02 17:10:30.732  3857  3857 W wificond: Scan is not started. Ignore abort request
12-02 17:10:31.222  4622  5099 I chatty  : uid=1000(system) WifiStateMachin expire 1 line
12-02 17:10:31.896  4622  5185 I chatty  : uid=1000(system) ConnectivityThr expire 2 lines
12-02 17:10:31.899  4622  5432 I chatty  : uid=1000(system) Binder:4622_6 expire 2 lines
12-02 17:10:31.901  4622 22119 I chatty  : uid=1000(system) Binder:4622_17 expire 1 line
12-02 17:10:31.909  4622 22105 I chatty  : uid=1000(system) Binder:4622_11 expire 4 lines
12-02 17:10:31.913  4622  5235 I chatty  : uid=1000(system) Binder:4622_3 expire 1 line
12-02 17:15:42.524  4622  4684 I chatty  : uid=1000(system) Binder:4622_2 expire 1 line
12-02 17:19:37.592  3857  3857 W wificond: Failed to get NL80211_ATTR_STATUS_CODE
12-02 17:19:37.625  4622  7633 I chatty  : uid=1000(system) Binder:4622_A expire 1 line
12-02 17:29:50.710  3857  3857 W wificond: Failed to get NL80211_ATTR_STATUS_CODE
12-02 17:30:28.623  4622  5095 I chatty  : uid=1000(system) NetworkPolicy expire 15 lines
12-02 17:36:09.876  4622  7830 I chatty  : uid=1000(system) Binder:4622_B expire 2 lines
12-02 17:50:53.791  4622  7621 I chatty  : uid=1000(system) Binder:4622_9 expire 3 lines
12-02 17:50:56.364  4622  4683 I chatty  : uid=1000(system) Binder:4622_1 expire 1 line
12-02 17:50:57.541  4622  5430 I chatty  : uid=1000(system) Binder:4622_5 expire 1 line
12-02 17:51:58.349  4622 22110 I chatty  : uid=1000(system) Binder:4622_15 expire 4 lines
12-02 17:53:51.126  4622 22107 I chatty  : uid=1000(system) Binder:4622_13 expire 5 lines
12-02 18:41:35.488  3857  3857 W wificond: Failed to get NL80211_ATTR_STATUS_CODE
12-02 18:44:07.745  4622  4806 I chatty  : uid=1000(system) ActivityManager expire 10 lines
12-02 18:46:09.729  3857  3857 W wificond: Failed to get NL80211_ATTR_STATUS_CODE
12-02 18:50:09.581  4622  4855 I chatty  : uid=1000(system) batterystats-wo expire 5 lines
12-02 18:51:43.314  4622  4622 I chatty  : uid=1000 system_server expire 4 lines
12-02 18:57:26.213  4622  5095 I chatty  : uid=1000(system) NetworkPolicy expire 10 lines
12-02 19:14:51.947  4622  5060 I chatty  : uid=1000(system) HwBinder:4622_2 expire 1 line
12-02 19:14:51.947  4622  4860 I chatty  : uid=1000(system) android.fg expire 2 lines
12-02 19:14:52.578  4622  4864 I chatty  : uid=1000(system) PowerManagerSer expire 3 lines
12-02 19:14:52.617  4622  4862 I chatty  : uid=1000(system) android.display expire 1 line
12-02 19:14:52.753  4622 22106 I chatty  : uid=1000(system) Binder:4622_12 expire 5 lines
12-02 19:14:54.606  4622 10090 I chatty  : uid=1000(system) Binder:4622_D expire 1 line
12-02 19:14:55.288  4622 22266 I chatty  : uid=1000(system) Binder:4622_1E expire 3 lines
12-02 19:14:55.665 25495 25495 D ActivityThread: Loading provider com.google.android.gm.sapi: com.google.android.gm.sapi.SapiUiProvider
12-02 19:14:56.299  4622 22124 I chatty  : uid=1000(system) Binder:4622_1C expire 2 lines
12-02 19:14:58.312  4622 22104 I chatty  : uid=1000(system) Binder:4622_10 expire 2 lines
12-02 19:15:00.247  4622 22122 I chatty  : uid=1000(system) Binder:4622_1A expire 3 lines
12-02 19:15:00.866  4622 22108 I chatty  : uid=1000(system) Binder:4622_14 expire 1 line
12-02 19:15:03.289  4622 22265 I chatty  : uid=1000(system) Binder:4622_1D expire 1 line
12-02 19:15:05.814  4622  4806 I chatty  : uid=1000(system) ActivityManager expire 7 lines
12-02 19:15:13.466  4622 22115 I chatty  : uid=1000(system) Binder:4622_16 expire 1 line
12-02 19:15:33.422  4622 22124 I chatty  : uid=1000(system) Binder:4622_1C expire 3 lines
12-02 19:15:34.840  4622  5061 I chatty  : uid=1000(system) InputDispatcher expire 3 lines
12-02 19:15:35.476  4622 22122 I chatty  : uid=1000(system) Binder:4622_1A expire 1 line
12-02 19:15:52.588  4622 24338 I chatty  : uid=1000(system) Binder:4622_20 expire 3 lines
12-02 19:15:58.639  4622  5095 I chatty  : uid=1000(system) NetworkPolicy expire 15 lines
12-02 19:16:08.949  4622  4683 I chatty  : uid=1000(system) Binder:4622_1 expire 1 line
12-02 19:16:08.991  4622 22266 I chatty  : uid=1000(system) Binder:4622_1E expire 1 line
12-02 19:16:09.248  4622  5432 I chatty  : uid=1000(system) Binder:4622_6 expire 2 lines
12-02 19:16:09.252  4622 22110 I chatty  : uid=1000(system) Binder:4622_15 expire 2 lines
12-02 19:16:09.256  4622 22105 I chatty  : uid=1000(system) Binder:4622_11 expire 2 lines
12-02 19:16:09.283  4622 22123 I chatty  : uid=1000(system) Binder:4622_1B expire 1 line
12-02 19:16:09.289   388   404 D VoldCryptCmdListener: cryptfs isConvertibleToFBE
12-02 19:16:09.293  4622  5091 I chatty  : uid=1000(system) CryptdConnector expire 1 line
12-02 19:16:14.620  4622  9699 I chatty  : uid=1000(system) Binder:4622_1F expire 2 lines
12-02 19:16:14.639  4622  7620 I chatty  : uid=1000(system) Binder:4622_8 expire 3 lines
12-02 19:16:16.197  4622  4855 I chatty  : uid=1000(system) batterystats-wo expire 12 lines
12-02 19:16:16.901  4622  4860 I chatty  : uid=1000(system) android.fg expire 4 lines
12-02 19:16:16.939  4622 22121 I chatty  : uid=1000(system) Binder:4622_19 expire 3 lines
12-02 19:16:18.900  4622  7633 I chatty  : uid=1000(system) Binder:4622_A expire 1 line
12-02 19:18:30.753  4622  4622 I chatty  : uid=1000 system_server expire 10 lines
12-02 19:19:30.790  4622  4806 I chatty  : uid=1000(system) ActivityManager expire 4 lines
12-02 19:20:27.538  4622  7520 I chatty  : uid=1000(system) backup expire 38 lines
12-02 19:20:29.309  4622 22099 I chatty  : uid=1000(system) Binder:4622_F expire 2 lines
12-02 19:20:29.876  4622 10091 I chatty  : uid=1000(system) Binder:4622_E expire 1 line
12-02 19:22:11.274  4622  5383 I chatty  : uid=1000(system) Binder:4622_4 expire 2 lines
12-02 19:24:44.032  4622  4805 I chatty  : uid=1000(system) android.bg expire 3 lines
12-02 19:25:33.804  3857  3857 W wificond: Failed to get NL80211_ATTR_STATUS_CODE
12-02 19:39:05.115  4622 22265 I chatty  : uid=1000(system) Binder:4622_1D expire 1 line
12-02 19:39:05.374  4622  4684 I chatty  : uid=1000(system) Binder:4622_2 expire 1 line
12-02 19:39:05.997 27117 27117 E ActivityThread: Service com.firebase.jobdispatcher.GooglePlayReceiver has leaked ServiceConnection com.firebase.jobdispatcher.JobServiceConnection@7f7bd50 that was originally bound here
12-02 19:39:05.997 27117 27117 E ActivityThread: android.app.ServiceConnectionLeaked: Service com.firebase.jobdispatcher.GooglePlayReceiver has leaked ServiceConnection com.firebase.jobdispatcher.JobServiceConnection@7f7bd50 that was originally bound here
12-02 19:39:05.997 27117 27117 E ActivityThread: 	at android.app.LoadedApk$ServiceDispatcher.<init>(LoadedApk.java:1532)
12-02 19:39:05.997 27117 27117 E ActivityThread: 	at android.app.LoadedApk.getServiceDispatcher(LoadedApk.java:1424)
12-02 19:39:05.997 27117 27117 E ActivityThread: 	at android.app.ContextImpl.bindServiceCommon(ContextImpl.java:1605)
12-02 19:39:05.997 27117 27117 E ActivityThread: 	at android.app.ContextImpl.bindService(ContextImpl.java:1557)
12-02 19:39:05.997 27117 27117 E ActivityThread: 	at android.content.ContextWrapper.bindService(ContextWrapper.java:684)
12-02 19:39:05.997 27117 27117 E ActivityThread: 	at com.firebase.jobdispatcher.ExecutionDelegator.tryBindingToJobService(ExecutionDelegator.java:227)
12-02 19:39:05.997 27117 27117 E ActivityThread: 	at com.firebase.jobdispatcher.ExecutionDelegator$2.run(ExecutionDelegator.java:166)
12-02 19:39:05.997 27117 27117 E ActivityThread: 	at java.util.concurrent.Executors$RunnableAdapter.call(Executors.java:457)
12-02 19:39:05.997 27117 27117 E ActivityThread: 	at java.util.concurrent.FutureTask.run(FutureTask.java:266)
12-02 19:39:05.997 27117 27117 E ActivityThread: 	at java.util.concurrent.ScheduledThreadPoolExecutor$ScheduledFutureTask.run(ScheduledThreadPoolExecutor.java:301)
12-02 19:39:05.997 27117 27117 E ActivityThread: 	at java.util.concurrent.ThreadPoolExecutor.runWorker(ThreadPoolExecutor.java:1162)
12-02 19:39:05.997 27117 27117 E ActivityThread: 	at java.util.concurrent.ThreadPoolExecutor$Worker.run(ThreadPoolExecutor.java:636)
12-02 19:39:05.997 27117 27117 E ActivityThread: 	at java.lang.Thread.run(Thread.java:764)
12-02 19:39:34.114  4622  7830 I chatty  : uid=1000(system) Binder:4622_B expire 3 lines
12-02 19:39:52.614  4622  4855 I chatty  : uid=1000(system) batterystats-wo expire 8 lines
12-02 19:40:31.959  4622 22106 I chatty  : uid=1000(system) Binder:4622_12 expire 1 line
12-02 19:46:00.130  4622  7619 I chatty  : uid=1000(system) Binder:4622_7 expire 1 line
12-02 19:54:09.350  4622  5235 I chatty  : uid=1000(system) Binder:4622_3 expire 1 line
12-02 19:56:37.818  3857  3857 W wificond: Failed to get NL80211_ATTR_STATUS_CODE
12-02 19:58:00.762  3857  3857 W wificond: Failed to get NL80211_ATTR_STATUS_CODE
12-02 20:00:13.823  4622  4818 I chatty  : uid=1000(system) android.ui expire 3 lines
12-02 20:00:14.352  4622  5043 I chatty  : uid=1000(system) android.anim expire 1 line
12-02 20:02:09.432  4622  4855 I chatty  : uid=1000(system) batterystats-wo expire 15 lines
12-02 20:06:39.263  4622  4622 I chatty  : uid=1000 system_server expire 7 lines
12-02 20:06:39.753  4622  7520 I chatty  : uid=1000(system) backup expire 1 line
12-02 20:06:46.543  4622  4683 I chatty  : uid=1000(system) Binder:4622_1 expire 4 lines
12-02 20:09:09.252  4622  5235 I chatty  : uid=1000(system) Binder:4622_3 expire 2 lines
12-02 20:09:39.003  4622  4805 I chatty  : uid=1000(system) android.bg expire 2 lines
12-02 20:10:39.933  4622  5430 I chatty  : uid=1000(system) Binder:4622_5 expire 1 line
12-02 20:11:30.575  4622  5095 I chatty  : uid=1000(system) NetworkPolicy expire 5 lines
12-02 20:14:55.518  4622 10090 I chatty  : uid=1000(system) Binder:4622_D expire 2 lines
12-02 20:15:04.965  4622  5432 I chatty  : uid=1000(system) Binder:4622_6 expire 1 line
12-02 20:15:05.899  4622  7830 I chatty  : uid=1000(system) Binder:4622_B expire 1 line
12-02 20:15:35.505  4622 22115 I chatty  : uid=1000(system) Binder:4622_16 expire 2 lines
12-02 20:15:35.660  4622 22122 I chatty  : uid=1000(system) Binder:4622_1A expire 1 line
12-02 20:17:30.477  4622  4806 I chatty  : uid=1000(system) ActivityManager expire 19 lines
12-02 20:25:26.155  4622 22107 I chatty  : uid=1000(system) Binder:4622_13 expire 1 line
12-02 20:33:00.528  4622 23901 I chatty  : uid=1000(system) HwBinder:4622_4 expire 1 line
12-02 20:33:00.529  4622  4860 I chatty  : uid=1000(system) android.fg expire 9 lines
12-02 20:33:01.640  4622 22120 I chatty  : uid=1000(system) Binder:4622_18 expire 1 line
12-02 20:35:01.385  4622  4864 I chatty  : uid=1000(system) PowerManagerSer expire 8 lines
12-02 20:35:02.080  4622  4862 I chatty  : uid=1000(system) android.display expire 2 lines
12-02 20:35:06.462  4622  7620 I chatty  : uid=1000(system) Binder:4622_8 expire 2 lines
12-02 20:35:45.645  4622 22266 I chatty  : uid=1000(system) Binder:4622_1E expire 3 lines
12-02 20:35:45.703  4622 22124 I chatty  : uid=1000(system) Binder:4622_1C expire 1 line
12-02 20:35:47.177  4622 22123 I chatty  : uid=1000(system) Binder:4622_1B expire 1 line
12-02 20:35:55.649  4622  4684 I chatty  : uid=1000(system) Binder:4622_2 expire 5 lines
12-02 20:38:55.453  4622 23902 I chatty  : uid=1000(system) HwBinder:4622_5 expire 1 line
12-02 20:39:14.504  4622  5059 I chatty  : uid=1000(system) HwBinder:4622_1 expire 1 line
12-02 20:39:21.353  4622 22104 I chatty  : uid=1000(system) Binder:4622_10 expire 1 line
12-02 20:39:21.390  4622 22108 I chatty  : uid=1000(system) Binder:4622_14 expire 1 line
12-02 20:39:26.107  4622 22106 I chatty  : uid=1000(system) Binder:4622_12 expire 3 lines
12-02 20:39:36.012  4622 22124 I chatty  : uid=1000(system) Binder:4622_1C expire 4 lines
12-02 20:39:36.213  4622  7620 I chatty  : uid=1000(system) Binder:4622_8 expire 1 line
12-02 20:39:36.651  4622  4683 I chatty  : uid=1000(system) Binder:4622_1 expire 2 lines
12-02 20:39:39.164  4622  5095 I chatty  : uid=1000(system) NetworkPolicy expire 45 lines
12-02 20:39:43.907  4622  4855 I chatty  : uid=1000(system) batterystats-wo expire 3 lines
12-02 20:39:44.556  4622  5062 I chatty  : uid=1000(system) InputReader expire 7 lines
12-02 20:39:45.057  4622  4864 I chatty  : uid=1000(system) PowerManagerSer expire 15 lines
12-02 20:39:45.110  4622  4862 I chatty  : uid=1000(system) android.display expire 7 lines
12-02 20:41:09.435  4622  5235 I chatty  : uid=1000(system) Binder:4622_3 expire 4 lines
12-02 20:41:09.826  4622  4806 I chatty  : uid=1000(system) ActivityManager expire 10 lines
12-02 20:41:10.841  4622  5061 I chatty  : uid=1000(system) InputDispatcher expire 2 lines
12-02 20:41:11.399  4622  5432 I chatty  : uid=1000(system) Binder:4622_6 expire 2 lines
12-02 20:41:12.458  4622 22265 I chatty  : uid=1000(system) Binder:4622_1D expire 1 line
12-02 20:41:22.655  4622 22105 I chatty  : uid=1000(system) Binder:4622_11 expire 1 line
12-02 20:41:46.215  4622  7621 I chatty  : uid=1000(system) Binder:4622_9 expire 1 line
12-02 20:42:30.389  4622  7830 I chatty  : uid=1000(system) Binder:4622_B expire 1 line
12-02 20:42:30.391  4622 24338 I chatty  : uid=1000(system) Binder:4622_20 expire 1 line
12-02 20:42:30.398  4622 22110 I chatty  : uid=1000(system) Binder:4622_15 expire 1 line
12-02 20:42:30.416  4622 10078 I chatty  : uid=1000(system) Binder:4622_C expire 1 line
12-02 20:42:30.799  4622  5383 I chatty  : uid=1000(system) Binder:4622_4 expire 3 lines
12-02 20:42:33.070  4622 10090 I chatty  : uid=1000(system) Binder:4622_D expire 1 line
12-02 20:48:08.524 31033 31057 E ActivityThread: Failed to find provider info for com.facebook.katana.provider.AttributionIdProvider
12-02 20:50:39.801  4622  4864 I chatty  : uid=1000(system) PowerManagerSer expire 4 lines
12-02 20:50:42.438  4622 22099 I chatty  : uid=1000(system) Binder:4622_F expire 3 lines
12-02 20:50:42.878  4622  4806 I chatty  : uid=1000(system) ActivityManager expire 4 lines
12-02 20:50:43.006  4622 22107 I chatty  : uid=1000(system) Binder:4622_13 expire 2 lines
12-02 20:50:44.618  4622  7619 I chatty  : uid=1000(system) Binder:4622_7 expire 1 line
12-02 20:50:50.132  4622 22119 I chatty  : uid=1000(system) Binder:4622_17 expire 1 line
12-02 20:50:58.103  4622 22122 I chatty  : uid=1000(system) Binder:4622_1A expire 1 line
12-02 20:50:59.431  4622  5430 I chatty  : uid=1000(system) Binder:4622_5 expire 2 lines
12-02 20:51:01.469  4622  4864 I chatty  : uid=1000(system) PowerManagerSer expire 5 lines
12-02 20:51:01.518  4622  4855 I chatty  : uid=1000(system) batterystats-wo expire 3 lines
12-02 20:51:01.527  4622  4862 I chatty  : uid=1000(system) android.display expire 2 lines
12-02 20:51:15.300  4622  4805 I chatty  : uid=1000(system) android.bg expire 1 line
12-02 20:53:40.997  4622 22099 I chatty  : uid=1000(system) Binder:4622_F expire 3 lines
12-02 20:55:14.432  4622  5062 I chatty  : uid=1000(system) InputReader expire 1 line
12-02 20:55:18.173  4622 22104 I chatty  : uid=1000(system) Binder:4622_10 expire 3 lines
12-02 20:55:18.565  4622  4806 I chatty  : uid=1000(system) ActivityManager expire 6 lines
12-02 20:55:18.768  4622  7620 I chatty  : uid=1000(system) Binder:4622_8 expire 4 lines
12-02 20:55:19.853  4622  4684 I chatty  : uid=1000(system) Binder:4622_2 expire 2 lines
12-02 20:55:21.162  4622 10078 I chatty  : uid=1000(system) Binder:4622_C expire 1 line
12-02 20:55:30.992  4622 22110 I chatty  : uid=1000(system) Binder:4622_15 expire 1 line
12-02 20:55:34.394  4622  7633 I chatty  : uid=1000(system) Binder:4622_A expire 1 line
12-02 20:55:36.929  4622 10091 I chatty  : uid=1000(system) Binder:4622_E expire 1 line
12-02 20:55:44.862  4622 22105 I chatty  : uid=1000(system) Binder:4622_11 expire 1 line
12-02 20:55:51.230  4622  5061 I chatty  : uid=1000(system) InputDispatcher expire 1 line
12-02 20:55:51.386  4622  5043 I chatty  : uid=1000(system) android.anim expire 1 line
12-02 20:55:51.497  4622  7830 I chatty  : uid=1000(system) Binder:4622_B expire 3 lines
12-02 20:55:54.934  4622 22266 I chatty  : uid=1000(system) Binder:4622_1E expire 1 line
12-02 20:55:57.106  4622  5095 I chatty  : uid=1000(system) NetworkPolicy expire 57 lines
12-02 20:56:11.200  4622 22122 I chatty  : uid=1000(system) Binder:4622_1A expire 1 line
12-02 20:56:11.223  4622  5383 I chatty  : uid=1000(system) Binder:4622_4 expire 4 lines
12-02 20:56:11.225  4622  5121 I chatty  : uid=1000(system) ConnectivitySer expire 1 line
12-02 20:56:11.664  4622 10090 I chatty  : uid=1000(system) Binder:4622_D expire 1 line
12-02 20:56:12.095  4622 22106 I chatty  : uid=1000(system) Binder:4622_12 expire 2 lines
12-02 20:56:12.164  4622 24338 I chatty  : uid=1000(system) Binder:4622_20 expire 3 lines
12-02 20:56:12.215  4622 22265 I chatty  : uid=1000(system) Binder:4622_1D expire 1 line
12-02 20:56:12.219  4622 22120 I chatty  : uid=1000(system) Binder:4622_18 expire 1 line
12-02 20:56:12.394  4622  5235 I chatty  : uid=1000(system) Binder:4622_3 expire 1 line
12-02 20:56:12.609  4622  4683 I chatty  : uid=1000(system) Binder:4622_1 expire 1 line
12-02 20:56:12.633  4622 22108 I chatty  : uid=1000(system) Binder:4622_14 expire 1 line
12-02 20:56:12.865  4622  7621 I chatty  : uid=1000(system) Binder:4622_9 expire 1 line
12-02 20:56:13.297  4622  5095 I chatty  : uid=1000(system) NetworkPolicy expire 48 lines
12-02 20:56:14.220  4622 22122 I chatty  : uid=1000(system) Binder:4622_1A expire 2 lines
12-02 20:56:15.126  4622  4855 I chatty  : uid=1000(system) batterystats-wo expire 3 lines
12-02 20:56:15.447  4622 22123 I chatty  : uid=1000(system) Binder:4622_1B expire 3 lines
12-02 20:56:15.946  4622 24338 I chatty  : uid=1000(system) Binder:4622_20 expire 1 line
12-02 20:56:16.013  4622  4684 I chatty  : uid=1000(system) Binder:4622_2 expire 1 line
12-02 20:56:16.581  4622 22104 I chatty  : uid=1000(system) Binder:4622_10 expire 2 lines
12-02 20:56:18.768  4622 22110 I chatty  : uid=1000(system) Binder:4622_15 expire 1 line
12-02 20:56:22.257  4622  4806 I chatty  : uid=1000(system) ActivityManager expire 6 lines
12-02 20:56:22.323  4622  5383 I chatty  : uid=1000(system) Binder:4622_4 expire 1 line
12-02 20:56:22.678  4622 22106 I chatty  : uid=1000(system) Binder:4622_12 expire 3 lines
12-02 20:56:23.721  4622  9699 I chatty  : uid=1000(system) Binder:4622_1F expire 2 lines
12-02 20:56:23.734  4622 10090 I chatty  : uid=1000(system) Binder:4622_D expire 2 lines
12-02 20:56:31.184  5242  5242 V DeadZone: consuming errant click: (288.0,25.0)
12-02 20:56:34.335  4622  4622 I chatty  : uid=1000 system_server expire 4 lines
12-02 20:56:34.400  4622  5432 I chatty  : uid=1000(system) Binder:4622_6 expire 1 line
12-02 20:56:37.479  4622  5095 I chatty  : uid=1000(system) NetworkPolicy expire 10 lines
12-02 20:56:42.400  4622 22107 I chatty  : uid=1000(system) Binder:4622_13 expire 5 lines
12-02 20:56:42.430  4622  5430 I chatty  : uid=1000(system) Binder:4622_5 expire 1 line
12-02 20:56:43.775  4622 22120 I chatty  : uid=1000(system) Binder:4622_18 expire 1 line
12-02 20:56:45.683  4622  5062 I chatty  : uid=1000(system) InputReader expire 1 line
12-02 20:56:46.266  4622  4864 I chatty  : uid=1000(system) PowerManagerSer expire 3 lines
12-02 20:56:46.382  4622  4862 I chatty  : uid=1000(system) android.display expire 1 line
12-02 20:56:47.711  4622  7830 I chatty  : uid=1000(system) Binder:4622_B expire 1 line
12-02 20:58:19.929  4622 22121 I chatty  : uid=1000(system) Binder:4622_19 expire 1 line
12-02 20:58:20.543  4622 10078 I chatty  : uid=1000(system) Binder:4622_C expire 1 line
12-02 20:58:20.650  4622 22108 I chatty  : uid=1000(system) Binder:4622_14 expire 2 lines
12-02 20:59:41.011  1184  1202 E ActivityThread: Failed to find provider info for com.facebook.katana.provider.AttributionIdProvider
12-02 21:16:18.217  4622  7830 I ActivityManager: Start proc 1603:com.google.process.gapps/u0a12 for content provider com.google.android.gsf/.subscribedfeeds.SubscribedFeedsProvider
12-02 21:16:19.248  4622  4805 I ActivityManager: Start proc 1619:com.google.android.gm/u0a68 for service com.google.android.gm/.provider.MailSyncAdapterService
12-02 21:16:20.463  1619  1619 D ActivityThread: Loading provider com.google.android.gm.sapi: com.google.android.gm.sapi.SapiUiProvider
12-02 21:19:16.294  4622  4855 E BatteryExternalStatsWorker: no controller energy info supplied for bluetooth
12-02 21:29:15.264  4622  4806 D BatteryStatsImpl: Reading cpu stats took 448 ms
12-02 21:29:41.835  4622  4806 I ActivityManager: Waited long enough for: ServiceRecord{ea6d4f1 u0 com.facebook.mlite/.syncprotocol.MLitePushNotificationService}
12-02 21:30:53.917  4622  4806 W ProcessCpuTracker: Skipping unknown process pid 1872
12-02 21:37:22.513  4622  4622 I NotificationService: Cannot find enqueued record for key: 0|com.whatsapp|12|null|10092
12-02 21:40:15.747  4622  4806 W ActivityManager: Stopping service due to app idle: u0a134 -12m58s727ms com.facebook.mlite/.syncprotocol.MLitePushNotificationService
12-02 21:43:55.881  3857  3857 W wificond: Failed to get NL80211_ATTR_STATUS_CODE
12-02 21:45:45.351  4622  5095 D NetworkStats: Resolving plan for NetworkTemplate: matchRule=MOBILE_ALL, subscriberId=505025..., matchSubscriberIds=[505025...]
12-02 21:45:45.353  4622  5095 D NetworkStats: Resolved to plan null
12-02 21:45:45.380  4622  5095 D NetworkStats: Resolving plan for NetworkTemplate: matchRule=MOBILE_ALL, subscriberId=234200..., matchSubscriberIds=[234200...]
12-02 21:45:45.382  4622  5095 D NetworkStats: Found active matching subId 2
12-02 21:45:45.390  4622  5095 D NetworkStats: Resolved to plan null
12-02 21:49:14.047  4622  4806 I ActivityManager: Waited long enough for: ServiceRecord{bffb0a0 u0 com.facebook.mlite/.syncprotocol.MLitePushNotificationService}
12-02 21:50:35.155  4622  4806 W ActivityManager: Stopping service due to app idle: u0a134 -4m56s302ms com.facebook.mlite/.syncprotocol.MLitePushNotificationService
12-02 21:50:44.968  4622  4622 I NotificationService: Cannot find enqueued record for key: 0|com.whatsapp|14|null|10092
12-02 21:50:45.327  4622  4855 E BatteryExternalStatsWorker: no controller energy info supplied for bluetooth
12-02 21:56:58.333  4622  4622 D AnyMotionDetector: angleBetween: this = timeMillisSinceBoot=697583901 | x=0.084534764, y=-0.09228449, z=0.99213785, other = timeMillisSinceBoot=697591435 | x=0.083170615, y=-0.09374592, z=0.9921161, degrees = 0.11455086
12-02 21:56:58.463  4622  4805 D ConnectivityService: requestNetwork for uid/pid:1000/4622 NetworkRequest [ REQUEST id=868, legacyType=3, [ Transports: CELLULAR Capabilities: SUPL&NOT_RESTRICTED&TRUSTED&NOT_VPN] ]
12-02 21:56:59.173  4622  5121 D ConnectivityService: releasing NetworkRequest [ REQUEST id=868, legacyType=3, [ Transports: CELLULAR Capabilities: SUPL&NOT_RESTRICTED&TRUSTED&NOT_VPN] ] (release request)
12-02 22:01:04.365  3857  3857 W wificond: Failed to get NL80211_ATTR_STATUS_CODE
12-02 22:03:05.806  4622  4818 W Looper  : Dispatch took 405ms on android.ui, h=Handler (com.android.server.am.ActivityManagerService$UiHandler) {ee9426c} cb=null msg=53
12-02 22:07:08.490  3857  3857 W wificond: Failed to get NL80211_ATTR_STATUS_CODE
12-02 22:11:09.311  4622  5095 D NetworkStats: Resolving plan for NetworkTemplate: matchRule=MOBILE_ALL, subscriberId=505025..., matchSubscriberIds=[505025...]
12-02 22:11:09.313  4622  5095 D NetworkStats: Resolved to plan null
12-02 22:11:09.337  4622  5095 D NetworkStats: Resolving plan for NetworkTemplate: matchRule=MOBILE_ALL, subscriberId=234200..., matchSubscriberIds=[234200...]
12-02 22:11:09.341  4622  5095 D NetworkStats: Found active matching subId 2
12-02 22:11:09.350  4622  5095 D NetworkStats: Resolved to plan null
12-02 22:11:34.582  4622  4806 W ProcessCpuTracker: Skipping unknown process pid 2198
12-02 22:16:18.451  4622  4622 I NotificationService: Cannot find enqueued record for key: 0|com.whatsapp|12|null|10092
12-02 22:22:09.017  4622  4806 I ActivityManager: Waited long enough for: ServiceRecord{f12d149 u0 com.facebook.mlite/.syncprotocol.MLitePushNotificationService}
12-02 22:53:10.317  4622  5095 D NetworkStats: Resolving plan for NetworkTemplate: matchRule=MOBILE_ALL, subscriberId=505025..., matchSubscriberIds=[505025...]
12-02 22:53:10.320  4622  5095 D NetworkStats: Resolved to plan null
12-02 22:53:10.345  4622  5095 D NetworkStats: Resolving plan for NetworkTemplate: matchRule=MOBILE_ALL, subscriberId=234200..., matchSubscriberIds=[234200...]
12-02 22:53:10.351  4622  5095 D NetworkStats: Found active matching subId 2
12-02 22:53:10.358  4622  5095 D NetworkStats: Resolved to plan null
12-02 22:54:04.615  4622  4622 I NotificationService: Cannot find enqueued record for key: 0|com.whatsapp|14|null|10092
12-02 22:54:47.039  4622 22106 D ConnectivityService: Returning UNBLOCKED NetworkInfo to uid=10087
12-02 22:54:48.455  4622  4622 I ActivityManager: Start proc 2290:com.android.vending:instant_app_installer/u0a22 for service com.android.vending/com.google.android.finsky.instantapps.InstantAppHygieneService
12-02 22:54:48.591  4622 22099 I ActivityManager: Start proc 2309:com.google.android.youtube/u0a75 for service com.google.android.youtube/com.google.android.libraries.youtube.common.gcore.gcoreclient.gcm.impl.GcmTaskServiceDelegator
12-02 22:54:49.283  4622  4855 E BatteryExternalStatsWorker: no controller energy info supplied for bluetooth
12-02 22:54:49.552  4622  4818 W Looper  : Dispatch took 197ms on android.ui, h=Handler (com.android.server.am.ActivityManagerService$UiHandler) {ee9426c} cb=null msg=53
12-02 22:54:58.602  4622  4806 W ActivityManager: Stopping service due to app idle: u0a134 -39m15s510ms com.facebook.mlite/.syncprotocol.MLitePushNotificationService
12-02 22:55:18.904  4622  7621 D ConnectivityService: Returning BLOCKED NetworkInfo to uid=10092
12-02 22:59:14.960  4622  4855 E BatteryExternalStatsWorker: no controller energy info supplied for bluetooth
12-02 23:13:57.383  4622  5060 I UsbPortManager: ClientCallback: otg_default
12-02 23:13:57.383  4622  4860 I UsbPortManager: USB port changed: port=UsbPort{id=otg_default, supportedModes=dual}, status=UsbPortStatus{connected=true, currentMode=ufp, currentPowerRole=sink, currentDataRole=device, supportedRoleCombinations=[source:host, sink:device]}, canChangeMode=true, canChangePowerRole=false, canChangeDataRole=false
12-02 23:13:57.997  4622  4622 I EntropyMixer: Writing entropy...
12-02 23:13:58.001  4622  4864 I PowerManagerService: Waking up from sleep (uid=1000 reason=android.server.power:POWER)...
12-02 23:13:58.007  4622  4806 W BroadcastQueue: Background execution not allowed: receiving Intent { act=android.intent.action.ACTION_POWER_CONNECTED flg=0x4000010 (has extras) } to com.google.android.music/.autocache.AutoCacheSchedulingService$ActionReceiver
12-02 23:13:58.008  4622  4806 W BroadcastQueue: Background execution not allowed: receiving Intent { act=android.intent.action.ACTION_POWER_CONNECTED flg=0x4000010 (has extras) } to com.google.android.apps.photos/.scheduler.PowerReceiver
12-02 23:13:58.008  4622  4806 W BroadcastQueue: Background execution not allowed: receiving Intent { act=android.intent.action.ACTION_POWER_CONNECTED flg=0x4000010 (has extras) } to com.google.android.gms/.gcm.nts.SchedulerReceiver
12-02 23:13:58.008  4622  4806 W BroadcastQueue: Background execution not allowed: receiving Intent { act=android.intent.action.ACTION_POWER_CONNECTED flg=0x4000010 (has extras) } to com.google.android.gms/com.google.android.libraries.social.autobackup.AutoBackupEnvironment$BatteryReceiver
12-02 23:13:58.008  4622  4806 W BroadcastQueue: Background execution not allowed: receiving Intent { act=android.intent.action.ACTION_POWER_CONNECTED flg=0x4000010 (has extras) } to com.google.android.gms/.chimera.GmsIntentOperationService$PersistentTrustedReceiver
12-02 23:13:58.031  4622  4855 E BatteryExternalStatsWorker: no controller energy info supplied for bluetooth
12-02 23:13:58.033  4622  4864 I DisplayPowerController: Blocking screen on until initial contents have been drawn.
12-02 23:13:58.044  4622  4862 I DisplayManagerService: Display device changed state: "Built-in Screen", ON
12-02 23:13:58.128  4622  4622 I ActivityManager: Start proc 2603:com.google.android.partnersetup/u0a18 for service com.google.android.partnersetup/.InstalledAppJobService
12-02 23:13:58.168  4622 22115 I ActivityManager: Start proc 2623:mega.privacy.android.app/u0a139 for broadcast mega.privacy.android.app/.receivers.ChargeEventReceiver
12-02 23:13:58.224  4622  5235 I ActivityManager: Start proc 2640:com.google.android.apps.walletnfcrel/u0a73 for service com.google.android.apps.walletnfcrel/com.google.commerce.tapandpay.android.feed.data.UpdateTriggersTaskService
12-02 23:13:58.373  4622  5062 I WindowManager: Suppressed redundant power key press while already in the process of turning the screen on.
12-02 23:13:58.422  4622  4864 I DisplayPowerController: Unblocked screen on after 388 ms
12-02 23:13:58.423  4622  4864 W PowerManagerService: Screen on took 423 ms
12-02 23:13:58.488  4622  4860 D UsbDeviceManager: push notification:USB charging this device
12-02 23:13:58.942  4622 22119 I ActivityManager: Start proc 2686:com.android.vending/u0a22 for service com.android.vending/com.google.android.finsky.contentfilterui.ContentFiltersService
12-02 23:13:59.025  4622 22104 I ActivityManager: Start proc 2702:com.google.android.videos/u0a72 for service com.google.android.videos/com.google.android.apps.play.movies.common.service.drm.RefreshLicenseTaskService
12-02 23:14:00.415  4622 10078 I ActivityManager: Start proc 2839:com.google.android.talk/u0a53 for service com.google.android.talk/com.google.android.apps.hangouts.concurrent.impl.GcmTriggeredNotifier
12-02 23:14:00.780  4622  5095 D NetworkStats: Resolving plan for NetworkTemplate: matchRule=MOBILE_ALL, subscriberId=505025..., matchSubscriberIds=[505025...]
12-02 23:14:00.788  4622  5095 D NetworkStats: Resolved to plan null
12-02 23:14:00.789  4622  5094 I ActivityManager: Start proc 2876:com.google.android.apps.maps/u0a58 for broadcast com.google.android.apps.maps/com.google.android.apps.gmm.ugc.ataplace.AtAPlaceService
12-02 23:14:00.811  4622  5095 D NetworkStats: Resolving plan for NetworkTemplate: matchRule=MOBILE_ALL, subscriberId=234200..., matchSubscriberIds=[234200...]
12-02 23:14:00.818  4622  5095 D NetworkStats: Found active matching subId 2
12-02 23:14:00.826  4622  5095 D NetworkStats: Resolved to plan null
12-02 23:14:01.528  4622 22121 I LockSettingsService: Unlocking user 0 with secret only, length 64
12-02 23:14:01.532  4622 22121 W ActivityManager: Expected user 0 in state RUNNING_LOCKED but was in state RUNNING_UNLOCKED
12-02 23:14:01.532  4622 22121 I LockSettingsService: Disabling escrow token on user 0
12-02 23:14:02.964  4622  5061 I ActivityManager: START u0 {act=android.intent.action.MAIN cat=[android.intent.category.HOME] flg=0x10200000 cmp=com.google.android.googlequicksearchbox/com.google.android.launcher.GEL (has extras)} from uid 1000
12-02 23:14:03.027  4622 22104 D ConnectivityService: Returning UNBLOCKED NetworkInfo to uid=10058
12-02 23:14:03.503  4622  4806 W ActivityManager: Activity pause timeout for ActivityRecord{84b199a u0 com.snapchat.android/.LandingPageActivity t9179}
12-02 23:14:10.292  4622  5430 I SoundTriggerHelper: startRecognition successful.
12-02 23:14:10.516  4622  5061 I ActivityManager: START u0 {act=android.intent.action.MAIN cat=[android.intent.category.HOME] flg=0x10200000 cmp=com.google.android.googlequicksearchbox/com.google.android.launcher.GEL (has extras)} from uid 1000
12-02 23:14:12.746  4622 22123 I ActivityManager: Process com.google.android.apps.messaging (pid 1094) has died: cch+6CEM 
12-02 23:14:13.053  4622 22105 I ActivityManager: START u0 {act=android.intent.action.MAIN cat=[android.intent.category.LAUNCHER] flg=0x10200000 cmp=com.snapchat.android/.LandingPageActivity bnds=[43,894][331,1222] (has extras)} from uid 10029
12-02 23:14:14.653  4622  5430 I ActivityManager: Process com.google.android.gm (pid 1619) has died: cch+6CEM 
12-02 23:14:15.373  4622 10078 I ActivityManager: Process com.discord (pid 1184) has died: cch+6CEM 
12-02 23:14:17.683  4622  5061 I ActivityManager: START u0 {act=android.intent.action.MAIN cat=[android.intent.category.HOME] flg=0x10200000 cmp=com.google.android.googlequicksearchbox/com.google.android.launcher.GEL (has extras)} from uid 1000
12-02 23:14:17.816  4622  4806 W ActivityManager: Stopping service due to app idle: u0a92 -20m13s822ms com.whatsapp/.messaging.MessageService
12-02 23:14:17.866  4622  4806 I ActivityManager: Waited long enough for: ServiceRecord{f22e73 u0 mega.privacy.android.app/.CameraSyncService}
12-02 23:14:18.187  4622  4806 W ActivityManager: Activity pause timeout for ActivityRecord{84b199a u0 com.snapchat.android/.LandingPageActivity t9179}
12-02 23:14:18.627  4622 10091 D ConnectivityService: ConnectivityService NetworkRequestInfo binderDied(NetworkRequest [ LISTEN id=870, [ Capabilities: INTERNET&NOT_RESTRICTED&TRUSTED] ], android.os.BinderProxy@a80b42a)
12-02 23:14:18.628  4622 22110 I ActivityManager: Process com.android.vending:instant_app_installer (pid 2290) has died: cch+4CEM 
12-02 23:14:18.736  4622  7621 I ActivityManager: Process com.google.android.partnersetup (pid 2603) has died: cch+6CEM 
12-02 23:14:18.791  4622  5432 I SoundTriggerHelper: startRecognition successful.
12-02 23:14:18.993  4622 22124 I ActivityManager: Process com.google.android.dialer (pid 1496) has died: cch+6CEM 
12-02 23:14:19.177  4622 22265 I ActivityManager: Process com.eyefilter.nightmode.bluelightfilter (pid 1109) has died: cch+6CEM 
12-02 23:14:21.418  4622 22124 W BroadcastQueue: Background execution not allowed: receiving Intent { act=android.intent.action.USER_PRESENT flg=0x24200010 } to com.google.android.gms/.auth.setup.devicesignals.LockScreenReceiver
12-02 23:14:21.419  4622  4806 W BroadcastQueue: Background execution not allowed: receiving Intent { act=android.intent.action.USER_PRESENT flg=0x24200010 } to com.google.android.gms/.trustagent.UserPresentBroadcastReceiver
12-02 23:14:21.419  4622  4806 W BroadcastQueue: Background execution not allowed: receiving Intent { act=android.intent.action.USER_PRESENT flg=0x24200010 } to com.google.android.gms/.chimera.GmsIntentOperationService$PersistentTrustedReceiver
12-02 23:14:21.419  4622  4806 W BroadcastQueue: Background execution not allowed: receiving Intent { act=android.intent.action.USER_PRESENT flg=0x24200010 } to com.binance.dev/cn.jpush.android.service.PushReceiver
12-02 23:14:30.915  4622  7830 I Telecom : PhoneAccountRegistrar: SimCallManager queried, returning: null: TSI.gSCM@Msw
12-02 23:14:30.978  4622 22106 I Telecom : PhoneAccountRegistrar: SimCallManager queried, returning: null: TSI.gSCM@Ms4
12-02 23:14:37.048  4622  5095 D NetworkStats: Resolving plan for NetworkTemplate: matchRule=MOBILE_ALL, subscriberId=505025..., matchSubscriberIds=[505025...]
12-02 23:14:37.050  4622  5095 D NetworkStats: Resolved to plan null
12-02 23:14:37.074  4622  5095 D NetworkStats: Resolving plan for NetworkTemplate: matchRule=MOBILE_ALL, subscriberId=234200..., matchSubscriberIds=[234200...]
12-02 23:14:37.079  4622  5095 D NetworkStats: Found active matching subId 2
12-02 23:14:37.087  4622  5095 D NetworkStats: Resolved to plan null
12-02 23:14:42.416  4622  4855 E BatteryExternalStatsWorker: no controller energy info supplied for bluetooth
12-02 23:14:42.946  4622  4868 I ActivityManager: Start proc 3316:com.android.defcontainer/u0a7 for service com.android.defcontainer/.DefaultContainerService
12-02 23:14:45.338  4622  4806 I ActivityManager: Force stopping com.liquidpig.crpg appid=10145 user=-1: installPackageLI
12-02 23:14:45.446  4622  4868 I PackageManager: Package com.liquidpig.crpg codePath changed from /data/app/com.liquidpig.crpg-Rf-MeUNxYpDBKh3lIPbqAg== to /data/app/com.liquidpig.crpg-4lF3n7IM1Mm5pTTEa4GRAg==; Retaining data and using new
12-02 23:14:45.447  4622  4868 W PackageManager: Code path for com.liquidpig.crpg changing from /data/app/com.liquidpig.crpg-Rf-MeUNxYpDBKh3lIPbqAg== to /data/app/com.liquidpig.crpg-4lF3n7IM1Mm5pTTEa4GRAg==
12-02 23:14:45.447  4622  4868 W PackageManager: Resource path for com.liquidpig.crpg changing from /data/app/com.liquidpig.crpg-Rf-MeUNxYpDBKh3lIPbqAg== to /data/app/com.liquidpig.crpg-4lF3n7IM1Mm5pTTEa4GRAg==
12-02 23:14:45.978  4622  4868 I ActivityManager: Force stopping com.liquidpig.crpg appid=10145 user=0: pkg removed
12-02 23:14:45.996  4622  4806 W BroadcastQueue: Background execution not allowed: receiving Intent { act=android.intent.action.PACKAGE_REMOVED dat=package:com.liquidpig.crpg flg=0x4000010 (has extras) } to com.android.musicfx/.Compatibility$Receiver
12-02 23:14:45.997  4622  4806 W BroadcastQueue: Background execution not allowed: receiving Intent { act=android.intent.action.PACKAGE_REMOVED dat=package:com.liquidpig.crpg flg=0x4000010 (has extras) } to com.android.vending/com.google.android.finsky.packagemanager.impl.PackageMonitorReceiverImpl$RegisteredReceiver
12-02 23:14:45.997  4622  4806 W BroadcastQueue: Background execution not allowed: receiving Intent { act=android.intent.action.PACKAGE_REMOVED dat=package:com.liquidpig.crpg flg=0x4000010 (has extras) } to com.android.vending/com.google.android.finsky.instantapps.appmanagement.InstantAppRemoveMonitor
12-02 23:14:45.998  4622  4806 W BroadcastQueue: Background execution not allowed: receiving Intent { act=android.intent.action.PACKAGE_REMOVED dat=package:com.liquidpig.crpg flg=0x4000010 (has extras) } to com.google.android.gms/.games.chimera.GamesSystemBroadcastReceiverProxy
12-02 23:14:45.999  4622  4806 W BroadcastQueue: Background execution not allowed: receiving Intent { act=android.intent.action.PACKAGE_REMOVED dat=package:com.liquidpig.crpg flg=0x4000010 (has extras) } to com.google.android.gms/.photos.autobackup.PhotosAppUninstalledReceiver
12-02 23:14:46.000  4622  4806 W BroadcastQueue: Background execution not allowed: receiving Intent { act=android.intent.action.PACKAGE_REMOVED dat=package:com.liquidpig.crpg flg=0x4000010 (has extras) } to com.google.android.gms/.chimera.GmsIntentOperationService$PersistentTrustedReceiver
12-02 23:14:46.001  4622  4806 W BroadcastQueue: Background execution not allowed: receiving Intent { act=android.intent.action.PACKAGE_REMOVED dat=package:com.liquidpig.crpg flg=0x4000010 (has extras) } to com.google.android.googlequicksearchbox/com.google.android.apps.gsa.googlequicksearchbox.GelStubAppWatcher
12-02 23:14:46.001  4622  4806 W BroadcastQueue: Background execution not allowed: receiving Intent { act=android.intent.action.PACKAGE_REMOVED dat=package:com.liquidpig.crpg flg=0x4000010 (has extras) } to com.binance.dev/cn.jpush.android.service.PushReceiver
12-02 23:14:46.001  4622  4806 W BroadcastQueue: Background execution not allowed: receiving Intent { act=android.intent.action.PACKAGE_REMOVED dat=package:com.liquidpig.crpg flg=0x4000010 (has extras) } to com.commbank.netbank/.receivers.PackageInstallReceiver
12-02 23:14:46.021  4622  4806 I ActivityManager: Start proc 3339:com.eyefilter.nightmode.bluelightfilter/u0a77 for broadcast com.eyefilter.nightmode.bluelightfilter/com.mobi.sdk.AR
12-02 23:14:46.040  4622  4622 I ActivityManager: Start proc 3352:com.android.keychain/1000 for service com.android.keychain/.KeyChainService
12-02 23:14:46.305  4622  7620 I ActivityManager: Start proc 3372:com.google.android.apps.messaging/u0a65 for service com.google.android.apps.messaging/.rcsmigration.RcsMigrationService
12-02 23:14:47.130  4622  5235 W BroadcastQueue: Background execution not allowed: receiving Intent { act=android.intent.action.PACKAGE_ADDED dat=package:com.liquidpig.crpg flg=0x4000010 (has extras) } to com.android.musicfx/.Compatibility$Receiver
12-02 23:14:47.131  4622  4806 W BroadcastQueue: Background execution not allowed: receiving Intent { act=android.intent.action.PACKAGE_ADDED dat=package:com.liquidpig.crpg flg=0x4000010 (has extras) } to com.android.vending/com.google.android.finsky.packagemanager.impl.PackageMonitorReceiverImpl$RegisteredReceiver
12-02 23:14:47.131  4622  4806 W BroadcastQueue: Background execution not allowed: receiving Intent { act=android.intent.action.PACKAGE_ADDED dat=package:com.liquidpig.crpg flg=0x4000010 (has extras) } to com.google.android.gms/.games.chimera.GamesSystemBroadcastReceiverProxy
12-02 23:14:47.131  4622  4806 W BroadcastQueue: Background execution not allowed: receiving Intent { act=android.intent.action.PACKAGE_ADDED dat=package:com.liquidpig.crpg flg=0x4000010 (has extras) } to com.google.android.gms/.gass.chimera.PackageChangeBroadcastReceiver
12-02 23:14:47.131  4622  4806 W BroadcastQueue: Background execution not allowed: receiving Intent { act=android.intent.action.PACKAGE_ADDED dat=package:com.liquidpig.crpg flg=0x4000010 (has extras) } to com.google.android.gms/.chimera.GmsIntentOperationService$PersistentTrustedReceiver
12-02 23:14:47.131  4622  4806 W BroadcastQueue: Background execution not allowed: receiving Intent { act=android.intent.action.PACKAGE_ADDED dat=package:com.liquidpig.crpg flg=0x4000010 (has extras) } to com.google.android.googlequicksearchbox/com.google.android.apps.gsa.googlequicksearchbox.GelStubAppWatcher
12-02 23:14:47.131  4622  4806 W BroadcastQueue: Background execution not allowed: receiving Intent { act=android.intent.action.PACKAGE_ADDED dat=package:com.liquidpig.crpg flg=0x4000010 (has extras) } to com.google.android.ims/.receivers.RcsAutoStartReceiver
12-02 23:14:47.132  4622  4806 W BroadcastQueue: Background execution not allowed: receiving Intent { act=android.intent.action.PACKAGE_ADDED dat=package:com.liquidpig.crpg flg=0x4000010 (has extras) } to com.binance.dev/cn.jpush.android.service.PushReceiver
12-02 23:14:47.132  4622  4806 W BroadcastQueue: Background execution not allowed: receiving Intent { act=android.intent.action.PACKAGE_ADDED dat=package:com.liquidpig.crpg flg=0x4000010 (has extras) } to com.commbank.netbank/.receivers.PackageInstallReceiver
12-02 23:14:47.491  4622 22266 W BroadcastQueue: Background execution not allowed: receiving Intent { act=android.intent.action.PACKAGE_REPLACED dat=package:com.liquidpig.crpg flg=0x4000010 (has extras) } to com.android.musicfx/.Compatibility$Receiver
12-02 23:14:47.493  4622  4806 W BroadcastQueue: Background execution not allowed: receiving Intent { act=android.intent.action.PACKAGE_REPLACED dat=package:com.liquidpig.crpg flg=0x4000010 (has extras) } to com.google.android.apps.photos/.account.full.FetchAccountPropertiesAppUpgradeBroadcastReceiver
12-02 23:14:47.493  4622  4806 W BroadcastQueue: Background execution not allowed: receiving Intent { act=android.intent.action.PACKAGE_REPLACED dat=package:com.liquidpig.crpg flg=0x4000010 (has extras) } to com.google.android.apps.photos/.account.full.SyncAccountsForLoginBroadcastReceiver
12-02 23:14:47.495  4622  4806 W BroadcastQueue: Background execution not allowed: receiving Intent { act=android.intent.action.PACKAGE_REPLACED dat=package:com.liquidpig.crpg flg=0x4000010 (has extras) } to com.google.android.apps.photos/.experiments.phenotype.full.PhenotypeAppUpgradeBroadcastReceiver
12-02 23:14:47.496  4622  4806 W BroadcastQueue: Background execution not allowed: receiving Intent { act=android.intent.action.PACKAGE_REPLACED dat=package:com.liquidpig.crpg flg=0x4000010 (has extras) } to com.google.android.apps.photos/.notificationchannels.AppUpdateBroadcastReceiver
12-02 23:14:47.497  4622  4806 W BroadcastQueue: Background execution not allowed: receiving Intent { act=android.intent.action.PACKAGE_REPLACED dat=package:com.liquidpig.crpg flg=0x4000010 (has extras) } to com.google.android.gms/.gass.chimera.PackageChangeBroadcastReceiver
12-02 23:14:47.497  4622  4806 W BroadcastQueue: Background execution not allowed: receiving Intent { act=android.intent.action.PACKAGE_REPLACED dat=package:com.liquidpig.crpg flg=0x4000010 (has extras) } to com.google.android.gms/.chimera.GmsIntentOperationService$PersistentTrustedReceiver
12-02 23:14:47.497  4622  4806 W BroadcastQueue: Background execution not allowed: receiving Intent { act=android.intent.action.PACKAGE_REPLACED dat=package:com.liquidpig.crpg flg=0x4000010 (has extras) } to com.google.android.googlequicksearchbox/com.google.android.apps.gsa.googlequicksearchbox.GelStubAppWatcher
12-02 23:14:47.497  4622  4806 W BroadcastQueue: Background execution not allowed: receiving Intent { act=android.intent.action.PACKAGE_REPLACED dat=package:com.liquidpig.crpg flg=0x4000010 (has extras) } to com.google.android.ims/.receivers.RcsAutoStartReceiver
12-02 23:14:47.516  4622  4806 I ActivityManager: Start proc 3449:com.authy.authy/u0a118 for broadcast com.authy.authy/.receivers.GcmBroadcastReceiver
12-02 23:14:47.844  4622  4622 I Telecom : DefaultDialerCache: Refreshing default dialer for user 0: now com.google.android.dialer: DDC.oR@MtQ
12-02 23:14:48.462  4622 22107 W ActivityManager: Background start not allowed: service Intent { cmp=com.google.android.apps.messaging/.shared.datamodel.action.ActionExecutorImpl$EmptyService } to com.google.android.apps.messaging/.shared.datamodel.action.ActionExecutorImpl$EmptyService from pid=3372 uid=10065 pkg=com.google.android.apps.messaging
12-02 23:14:49.964  4622  4683 W ActivityManager: Background start not allowed: service Intent { cmp=com.google.android.apps.messaging/.shared.datamodel.action.ActionExecutorImpl$EmptyService } to com.google.android.apps.messaging/.shared.datamodel.action.ActionExecutorImpl$EmptyService from pid=3372 uid=10065 pkg=com.google.android.apps.messaging
12-02 23:14:51.423  4622  7619 I ActivityManager: START u0 {act=android.intent.action.MAIN cat=[android.intent.category.LAUNCHER] flg=0x10200000 cmp=net.danyburton.game/.trog.Trog (has extras)} from uid 10029
12-02 23:14:51.568  4622 22099 I ActivityManager: Start proc 3536:net.danyburton.game/u0a132 for activity net.danyburton.game/.trog.Trog
12-02 23:14:52.307  4622  5061 I ActivityManager: START u0 {act=android.intent.action.MAIN cat=[android.intent.category.HOME] flg=0x10200000 cmp=com.google.android.googlequicksearchbox/com.google.android.launcher.GEL (has extras)} from uid 1000
12-02 23:14:52.344  4622  5061 I WindowManager: Failed to capture screenshot of Token{2894725 ActivityRecord{acaf1c u0 net.danyburton.game/.trog.Trog t9240}} appWin=Window{94a445a u0 net.danyburton.game/net.danyburton.game.trog.Trog} drawState=1
12-02 23:14:52.422  4622 22124 I SoundTriggerHelper: startRecognition successful.
12-02 23:14:54.002  4622  7621 W ActivityManager: Background start not allowed: service Intent { cmp=com.google.android.apps.messaging/.shared.datamodel.action.ActionExecutorImpl$EmptyService } to com.google.android.apps.messaging/.shared.datamodel.action.ActionExecutorImpl$EmptyService from pid=3372 uid=10065 pkg=com.google.android.apps.messaging
12-02 23:14:54.012  4622  7619 W ActivityManager: Background start not allowed: service Intent { cmp=com.google.android.apps.messaging/.shared.datamodel.action.ActionExecutorImpl$EmptyService } to com.google.android.apps.messaging/.shared.datamodel.action.ActionExecutorImpl$EmptyService from pid=3372 uid=10065 pkg=com.google.android.apps.messaging
12-02 23:14:54.476  4622  4622 I ActivityManager: Start proc 3576:com.android.vending:instant_app_installer/u0a22 for service com.android.vending/com.google.android.finsky.instantapps.metrics.LogFlushJob
12-02 23:14:56.052  4622 22104 W ActivityManager: Background start not allowed: service Intent { cmp=com.google.android.apps.messaging/.shared.datamodel.action.ActionExecutorImpl$EmptyService } to com.google.android.apps.messaging/.shared.datamodel.action.ActionExecutorImpl$EmptyService from pid=3372 uid=10065 pkg=com.google.android.apps.messaging
12-02 23:14:58.052  4622  4855 E BatteryExternalStatsWorker: no controller energy info supplied for bluetooth
12-02 23:14:58.122  4622 22110 I ActivityManager: START u0 {act=android.intent.action.MAIN cat=[android.intent.category.LAUNCHER] flg=0x10200000 cmp=com.liquidpig.crpg/.CrpgGame (has extras)} from uid 10029
12-02 23:14:58.160  4622 22108 I ActivityManager: Start proc 3632:com.liquidpig.crpg/u0a145 for activity com.liquidpig.crpg/.CrpgGame
12-02 23:15:11.704  4622 22120 I ActivityManager: Killing 2640:com.google.android.apps.walletnfcrel/u0a73 (adj 906): empty #17
12-02 23:15:15.998  4622  4805 I ActivityManager: Killing 1320:android.process.acore/u0a2 (adj 906): empty #17
12-02 23:16:00.711  4622 22266 I ActivityManager: Killing 2702:com.google.android.videos/u0a72 (adj 906): empty #17
12-02 23:16:16.286  5242  5242 V DeadZone: consuming errant click: (640.0,10.0)
