12-01 22:31:37.782  3857  3857 W wificond: Skip match ssid for pno scan: _Heathrow Wi-Fi, VM4724179, TP-LINK_Extender_2.4GHz, InfoDriverWiFi-CAN, German-Arms-Guest, Any, ODEON_WiFi, CMCC-WEB, Lookers Hawkins Rd, -Free  SYD WiFi-, DXB Free WiFi, BigPond429425, _The QUADRANT Free WiFi, Lounge Room, -Free SYD WiFi-, AIRPORT-FREE-WIFI, first-wi-fi, Darling Harbour Hotel2, _Brewery Free WiFi, _PizzaExpressWiFi, German Arms Guest, Adelaide Virgin Lounge, Trilogy 106, Customer-wifi, studentcom, CommBankFreeWiFi, Chromecast2097, TheManor67, Boingo_Hotspot, Abellio GA WiFi, Connectify-tayla, SmithS, Wireless Network, GA Slate, Airport_Free_WiFi, SouthwestTrainsWiFi, Internode
12-01 22:31:37.853  3857  3857 I wificond: Pno scan started
12-01 22:31:39.927  3857  3857 I wificond: Pno scan result ready event
12-01 22:31:39.938  3857  3857 I wificond: Pno scan stopped
12-01 22:31:39.969  3857  3857 W wificond: Scan is not started. Ignore abort request
12-01 22:31:40.188  4622  5121 I chatty  : uid=1000(system) ConnectivitySer expire 18 lines
12-01 22:31:46.336  4622  5095 I chatty  : uid=1000(system) NetworkPolicy expire 29 lines
12-01 22:31:46.405  4622 22119 I chatty  : uid=1000(system) Binder:4622_17 expire 1 line
12-01 22:31:49.537  3857  3857 W wificond: Skip match ssid for pno scan: _Heathrow Wi-Fi, VM4724179, TP-LINK_Extender_2.4GHz, InfoDriverWiFi-CAN, German-Arms-Guest, Any, ODEON_WiFi, CMCC-WEB, Lookers Hawkins Rd, -Free  SYD WiFi-, DXB Free WiFi, BigPond429425, _The QUADRANT Free WiFi, Lounge Room, -Free SYD WiFi-, AIRPORT-FREE-WIFI, first-wi-fi, Darling Harbour Hotel2, _Brewery Free WiFi, _PizzaExpressWiFi, German Arms Guest, Adelaide Virgin Lounge, Trilogy 106, Customer-wifi, studentcom, CommBankFreeWiFi, Chromecast2097, TheManor67, Boingo_Hotspot, Abellio GA WiFi, Connectify-tayla, SmithS, Wireless Network, GA Slate, Airport_Free_WiFi, SouthwestTrainsWiFi, Internode
12-01 22:31:49.547  3857  3857 I wificond: Pno scan started
12-01 22:32:51.495  3857  3857 I wificond: Pno scan result ready event
12-01 22:32:51.503  3857  3857 I wificond: Pno scan stopped
12-01 22:32:51.526  3857  3857 W wificond: Scan is not started. Ignore abort request
12-01 22:32:54.134  4622  5095 I chatty  : uid=1000(system) NetworkPolicy expire 29 lines
12-01 22:32:57.343  3857  3857 W wificond: Skip match ssid for pno scan: _Heathrow Wi-Fi, VM4724179, TP-LINK_Extender_2.4GHz, InfoDriverWiFi-CAN, German-Arms-Guest, Any, ODEON_WiFi, CMCC-WEB, Lookers Hawkins Rd, -Free  SYD WiFi-, DXB Free WiFi, BigPond429425, _The QUADRANT Free WiFi, Lounge Room, -Free SYD WiFi-, AIRPORT-FREE-WIFI, first-wi-fi, Darling Harbour Hotel2, _Brewery Free WiFi, _PizzaExpressWiFi, German Arms Guest, Adelaide Virgin Lounge, Trilogy 106, Customer-wifi, studentcom, CommBankFreeWiFi, Chromecast2097, TheManor67, Boingo_Hotspot, Abellio GA WiFi, Connectify-tayla, SmithS, Wireless Network, GA Slate, Airport_Free_WiFi, SouthwestTrainsWiFi, Internode
12-01 22:32:57.363  3857  3857 I wificond: Pno scan started
12-01 22:33:38.070  3857  3857 I wificond: Pno scan stopped
12-01 22:33:43.070  3857  3857 W wificond: Skip match ssid for pno scan: _Heathrow Wi-Fi, VM4724179, TP-LINK_Extender_2.4GHz, InfoDriverWiFi-CAN, German-Arms-Guest, Any, ODEON_WiFi, CMCC-WEB, Lookers Hawkins Rd, -Free  SYD WiFi-, DXB Free WiFi, BigPond429425, _The QUADRANT Free WiFi, Lounge Room, -Free SYD WiFi-, AIRPORT-FREE-WIFI, first-wi-fi, Darling Harbour Hotel2, _Brewery Free WiFi, _PizzaExpressWiFi, German Arms Guest, Adelaide Virgin Lounge, Trilogy 106, Customer-wifi, studentcom, CommBankFreeWiFi, Chromecast2097, TheManor67, Boingo_Hotspot, Abellio GA WiFi, Connectify-tayla, SmithS, Wireless Network, GA Slate, Airport_Free_WiFi, SouthwestTrainsWiFi, Internode
12-01 22:33:43.163  3857  3857 I wificond: Pno scan started
12-01 22:33:45.006  3857  3857 I wificond: Pno scan result ready event
12-01 22:33:45.014  3857  3857 I wificond: Pno scan stopped
12-01 22:33:45.039  3857  3857 W wificond: Scan is not started. Ignore abort request
12-01 22:33:45.169  4622  5121 I chatty  : uid=1000(system) ConnectivitySer expire 11 lines
12-01 22:33:50.627  4622  5095 I chatty  : uid=1000(system) NetworkPolicy expire 21 lines
12-01 22:35:42.822  3857  3857 W wificond: Skip match ssid for pno scan: _Heathrow Wi-Fi, VM4724179, TP-LINK_Extender_2.4GHz, InfoDriverWiFi-CAN, German-Arms-Guest, Any, ODEON_WiFi, CMCC-WEB, Lookers Hawkins Rd, -Free  SYD WiFi-, DXB Free WiFi, BigPond429425, _The QUADRANT Free WiFi, Lounge Room, -Free SYD WiFi-, AIRPORT-FREE-WIFI, first-wi-fi, Darling Harbour Hotel2, _Brewery Free WiFi, _PizzaExpressWiFi, German Arms Guest, Adelaide Virgin Lounge, Trilogy 106, Customer-wifi, studentcom, CommBankFreeWiFi, Chromecast2097, TheManor67, Boingo_Hotspot, Abellio GA WiFi, Connectify-tayla, SmithS, Wireless Network, GA Slate, Airport_Free_WiFi, SouthwestTrainsWiFi, Internode
12-01 22:35:42.823  4622  5121 I chatty  : uid=1000(system) ConnectivitySer expire 9 lines
12-01 22:35:42.824  4622  5095 I chatty  : uid=1000(system) NetworkPolicy expire 13 lines
12-01 22:35:42.845  3857  3857 I wificond: Pno scan started
12-01 22:37:41.874  3857  3857 I wificond: Pno scan stopped
12-01 22:37:42.532  3857  3857 W wificond: Scan is not started. Ignore abort request
12-01 22:37:47.779  3857  3857 W wificond: Skip match ssid for pno scan: _Heathrow Wi-Fi, VM4724179, TP-LINK_Extender_2.4GHz, InfoDriverWiFi-CAN, German-Arms-Guest, Any, ODEON_WiFi, CMCC-WEB, Lookers Hawkins Rd, -Free  SYD WiFi-, DXB Free WiFi, BigPond429425, _The QUADRANT Free WiFi, Lounge Room, -Free SYD WiFi-, AIRPORT-FREE-WIFI, first-wi-fi, Darling Harbour Hotel2, _Brewery Free WiFi, _PizzaExpressWiFi, German Arms Guest, Adelaide Virgin Lounge, Trilogy 106, Customer-wifi, studentcom, CommBankFreeWiFi, Chromecast2097, TheManor67, Boingo_Hotspot, Abellio GA WiFi, Connectify-tayla, SmithS, Wireless Network, GA Slate, Airport_Free_WiFi, SouthwestTrainsWiFi, Internode
12-01 22:37:47.801  3857  3857 I wificond: Pno scan started
12-01 22:37:49.713  3857  3857 I wificond: Pno scan result ready event
12-01 22:37:49.720  3857  3857 I wificond: Pno scan stopped
12-01 22:37:49.734  3857  3857 W wificond: Scan is not started. Ignore abort request
12-01 22:37:54.893  3857  3857 W wificond: Skip match ssid for pno scan: _Heathrow Wi-Fi, VM4724179, TP-LINK_Extender_2.4GHz, InfoDriverWiFi-CAN, German-Arms-Guest, Any, ODEON_WiFi, CMCC-WEB, Lookers Hawkins Rd, -Free  SYD WiFi-, DXB Free WiFi, BigPond429425, _The QUADRANT Free WiFi, Lounge Room, -Free SYD WiFi-, AIRPORT-FREE-WIFI, first-wi-fi, Darling Harbour Hotel2, _Brewery Free WiFi, _PizzaExpressWiFi, German Arms Guest, Adelaide Virgin Lounge, Trilogy 106, Customer-wifi, studentcom, CommBankFreeWiFi, Chromecast2097, TheManor67, Boingo_Hotspot, Abellio GA WiFi, Connectify-tayla, SmithS, Wireless Network, GA Slate, Airport_Free_WiFi, SouthwestTrainsWiFi, Internode
12-01 22:37:54.911  3857  3857 I wificond: Pno scan started
12-01 22:37:57.050  3857  3857 I wificond: Pno scan result ready event
12-01 22:37:57.056  3857  3857 I wificond: Pno scan stopped
12-01 22:37:57.066  3857  3857 W wificond: Scan is not started. Ignore abort request
12-01 22:38:02.238  3857  3857 W wificond: Skip match ssid for pno scan: _Heathrow Wi-Fi, VM4724179, TP-LINK_Extender_2.4GHz, InfoDriverWiFi-CAN, German-Arms-Guest, Any, ODEON_WiFi, CMCC-WEB, Lookers Hawkins Rd, -Free  SYD WiFi-, DXB Free WiFi, BigPond429425, _The QUADRANT Free WiFi, Lounge Room, -Free SYD WiFi-, AIRPORT-FREE-WIFI, first-wi-fi, Darling Harbour Hotel2, _Brewery Free WiFi, _PizzaExpressWiFi, German Arms Guest, Adelaide Virgin Lounge, Trilogy 106, Customer-wifi, studentcom, CommBankFreeWiFi, Chromecast2097, TheManor67, Boingo_Hotspot, Abellio GA WiFi, Connectify-tayla, SmithS, Wireless Network, GA Slate, Airport_Free_WiFi, SouthwestTrainsWiFi, Internode
12-01 22:38:02.255  3857  3857 I wificond: Pno scan started
12-01 22:38:04.144  3857  3857 I wificond: Pno scan result ready event
12-01 22:38:04.154  3857  3857 I wificond: Pno scan stopped
12-01 22:38:04.176  3857  3857 W wificond: Scan is not started. Ignore abort request
12-01 22:38:09.328  3857  3857 W wificond: Skip match ssid for pno scan: _Heathrow Wi-Fi, VM4724179, TP-LINK_Extender_2.4GHz, InfoDriverWiFi-CAN, German-Arms-Guest, Any, ODEON_WiFi, CMCC-WEB, Lookers Hawkins Rd, -Free  SYD WiFi-, DXB Free WiFi, BigPond429425, _The QUADRANT Free WiFi, Lounge Room, -Free SYD WiFi-, AIRPORT-FREE-WIFI, first-wi-fi, Darling Harbour Hotel2, _Brewery Free WiFi, _PizzaExpressWiFi, German Arms Guest, Adelaide Virgin Lounge, Trilogy 106, Customer-wifi, studentcom, CommBankFreeWiFi, Chromecast2097, TheManor67, Boingo_Hotspot, Abellio GA WiFi, Connectify-tayla, SmithS, Wireless Network, GA Slate, Airport_Free_WiFi, SouthwestTrainsWiFi, Internode
12-01 22:38:09.408  3857  3857 I wificond: Pno scan started
12-01 22:38:11.493  3857  3857 I wificond: Pno scan result ready event
12-01 22:38:11.505  3857  3857 I wificond: Pno scan stopped
12-01 22:38:11.528  3857  3857 W wificond: Scan is not started. Ignore abort request
12-01 22:38:16.675  3857  3857 W wificond: Skip match ssid for pno scan: _Heathrow Wi-Fi, VM4724179, TP-LINK_Extender_2.4GHz, InfoDriverWiFi-CAN, German-Arms-Guest, Any, ODEON_WiFi, CMCC-WEB, Lookers Hawkins Rd, -Free  SYD WiFi-, DXB Free WiFi, BigPond429425, _The QUADRANT Free WiFi, Lounge Room, -Free SYD WiFi-, AIRPORT-FREE-WIFI, first-wi-fi, Darling Harbour Hotel2, _Brewery Free WiFi, _PizzaExpressWiFi, German Arms Guest, Adelaide Virgin Lounge, Trilogy 106, Customer-wifi, studentcom, CommBankFreeWiFi, Chromecast2097, TheManor67, Boingo_Hotspot, Abellio GA WiFi, Connectify-tayla, SmithS, Wireless Network, GA Slate, Airport_Free_WiFi, SouthwestTrainsWiFi, Internode
12-01 22:38:16.704  3857  3857 I wificond: Pno scan started
12-01 22:38:18.910  3857  3857 I wificond: Pno scan result ready event
12-01 22:38:18.919  3857  3857 I wificond: Pno scan stopped
12-01 22:38:18.948  3857  3857 W wificond: Scan is not started. Ignore abort request
12-01 22:38:23.994  3857  3857 W wificond: Skip match ssid for pno scan: _Heathrow Wi-Fi, VM4724179, TP-LINK_Extender_2.4GHz, InfoDriverWiFi-CAN, German-Arms-Guest, Any, ODEON_WiFi, CMCC-WEB, Lookers Hawkins Rd, -Free  SYD WiFi-, DXB Free WiFi, BigPond429425, _The QUADRANT Free WiFi, Lounge Room, -Free SYD WiFi-, AIRPORT-FREE-WIFI, first-wi-fi, Darling Harbour Hotel2, _Brewery Free WiFi, _PizzaExpressWiFi, German Arms Guest, Adelaide Virgin Lounge, Trilogy 106, Customer-wifi, studentcom, CommBankFreeWiFi, Chromecast2097, TheManor67, Boingo_Hotspot, Abellio GA WiFi, Connectify-tayla, SmithS, Wireless Network, GA Slate, Airport_Free_WiFi, SouthwestTrainsWiFi, Internode
12-01 22:38:24.020  3857  3857 I wificond: Pno scan started
12-01 22:38:26.221  3857  3857 I wificond: Pno scan result ready event
12-01 22:38:26.233  3857  3857 I wificond: Pno scan stopped
12-01 22:38:31.400  3857  3857 W wificond: Skip match ssid for pno scan: _Heathrow Wi-Fi, VM4724179, TP-LINK_Extender_2.4GHz, InfoDriverWiFi-CAN, German-Arms-Guest, Any, ODEON_WiFi, CMCC-WEB, Lookers Hawkins Rd, -Free  SYD WiFi-, DXB Free WiFi, BigPond429425, _The QUADRANT Free WiFi, Lounge Room, -Free SYD WiFi-, AIRPORT-FREE-WIFI, first-wi-fi, Darling Harbour Hotel2, _Brewery Free WiFi, _PizzaExpressWiFi, German Arms Guest, Adelaide Virgin Lounge, Trilogy 106, Customer-wifi, studentcom, CommBankFreeWiFi, Chromecast2097, TheManor67, Boingo_Hotspot, Abellio GA WiFi, Connectify-tayla, SmithS, Wireless Network, GA Slate, Airport_Free_WiFi, SouthwestTrainsWiFi, Internode
12-01 22:38:31.472  3857  3857 I wificond: Pno scan started
12-01 22:38:43.149  3852  4020 E FrameworkListener: read() failed (Connection reset by peer)
12-01 22:39:44.064  3857  3857 I wificond: Pno scan stopped
12-01 22:39:49.741  3857  3857 W wificond: Skip match ssid for pno scan: _Heathrow Wi-Fi, VM4724179, TP-LINK_Extender_2.4GHz, InfoDriverWiFi-CAN, German-Arms-Guest, Any, ODEON_WiFi, CMCC-WEB, Lookers Hawkins Rd, -Free  SYD WiFi-, DXB Free WiFi, BigPond429425, _The QUADRANT Free WiFi, Lounge Room, -Free SYD WiFi-, AIRPORT-FREE-WIFI, first-wi-fi, Darling Harbour Hotel2, _Brewery Free WiFi, _PizzaExpressWiFi, German Arms Guest, Adelaide Virgin Lounge, Trilogy 106, Customer-wifi, studentcom, CommBankFreeWiFi, Chromecast2097, TheManor67, Boingo_Hotspot, Abellio GA WiFi, Connectify-tayla, SmithS, Wireless Network, GA Slate, Airport_Free_WiFi, SouthwestTrainsWiFi, Internode
12-01 22:39:49.809  3857  3857 I wificond: Pno scan started
12-01 22:41:45.296  3857  3857 I wificond: Pno scan stopped
12-01 22:41:51.761  3857  3857 W wificond: Skip match ssid for pno scan: _Heathrow Wi-Fi, VM4724179, TP-LINK_Extender_2.4GHz, InfoDriverWiFi-CAN, German-Arms-Guest, Any, ODEON_WiFi, CMCC-WEB, Lookers Hawkins Rd, -Free  SYD WiFi-, DXB Free WiFi, BigPond429425, _The QUADRANT Free WiFi, Lounge Room, -Free SYD WiFi-, AIRPORT-FREE-WIFI, first-wi-fi, Darling Harbour Hotel2, _Brewery Free WiFi, _PizzaExpressWiFi, German Arms Guest, Adelaide Virgin Lounge, Trilogy 106, Customer-wifi, studentcom, CommBankFreeWiFi, Chromecast2097, TheManor67, Boingo_Hotspot, Abellio GA WiFi, Connectify-tayla, SmithS, Wireless Network, GA Slate, Airport_Free_WiFi, SouthwestTrainsWiFi, Internode
12-01 22:41:51.851  3857  3857 I wificond: Pno scan started
12-01 22:43:46.897  3857  3857 I wificond: Pno scan stopped
12-01 22:43:52.782  3857  3857 W wificond: Skip match ssid for pno scan: _Heathrow Wi-Fi, VM4724179, TP-LINK_Extender_2.4GHz, InfoDriverWiFi-CAN, German-Arms-Guest, Any, ODEON_WiFi, CMCC-WEB, Lookers Hawkins Rd, -Free  SYD WiFi-, DXB Free WiFi, BigPond429425, _The QUADRANT Free WiFi, Lounge Room, -Free SYD WiFi-, AIRPORT-FREE-WIFI, first-wi-fi, Darling Harbour Hotel2, _Brewery Free WiFi, _PizzaExpressWiFi, German Arms Guest, Adelaide Virgin Lounge, Trilogy 106, Customer-wifi, studentcom, CommBankFreeWiFi, Chromecast2097, TheManor67, Boingo_Hotspot, Abellio GA WiFi, Connectify-tayla, SmithS, Wireless Network, GA Slate, Airport_Free_WiFi, SouthwestTrainsWiFi, Internode
12-01 22:43:52.862  3857  3857 I wificond: Pno scan started
12-01 22:45:25.177  3857  3857 I wificond: Pno scan result ready event
12-01 22:45:25.180  3857  3857 I wificond: Pno scan stopped
12-01 22:45:25.191  3857  3857 W wificond: Scan is not started. Ignore abort request
12-01 22:45:30.697  4622  5095 I chatty  : uid=1000(system) NetworkPolicy expire 5 lines
12-01 22:45:30.776  4622  5185 I chatty  : uid=1000(system) ConnectivityThr expire 2 lines
12-01 22:45:30.788  4622  9699 I chatty  : uid=1000(system) Binder:4622_1F expire 1 line
12-01 22:45:30.813  4622  4622 I chatty  : uid=1000 system_server expire 3 lines
12-01 22:45:30.842  4622 22108 I chatty  : uid=1000(system) Binder:4622_14 expire 1 line
12-01 22:45:31.375  4622  7619 I chatty  : uid=1000(system) Binder:4622_7 expire 1 line
12-01 22:45:31.609  4622  5432 I chatty  : uid=1000(system) Binder:4622_6 expire 1 line
12-01 22:45:32.236  4622  4683 I chatty  : uid=1000(system) Binder:4622_1 expire 1 line
12-01 22:45:35.816  4622  5095 I chatty  : uid=1000(system) NetworkPolicy expire 12 lines
12-01 22:46:24.890  3857  3857 W wificond: Failed to get NL80211_ATTR_STATUS_CODE
12-01 22:46:32.728  4622 22110 I chatty  : uid=1000(system) Binder:4622_15 expire 1 line
12-01 22:46:32.741  4622 10091 I chatty  : uid=1000(system) Binder:4622_E expire 2 lines
12-01 22:46:42.184  5389  5389 D MccTable: updateMccMncConfiguration mccmnc='' fromServiceState=true
12-01 22:46:42.184  5389  5389 D MccTable: WIFI_COUNTRY_CODE set to 
12-01 22:46:42.185  4622  4684 I chatty  : uid=1000(system) Binder:4622_2 expire 1 line
12-01 22:46:42.215  5389  5389 I Telephony: PstnIncomingCallNotifier: Unregistering: Handler (com.android.internal.telephony.GsmCdmaPhone) {15d1a80}
12-01 22:46:42.233  4622  7830 I chatty  : uid=1000(system) Binder:4622_B expire 1 line
12-01 22:46:42.237  5389  5389 I Telephony: AccountEntry: Registered phoneAccount: [[ ] PhoneAccount: ComponentInfo{com.android.phone/com.android.services.telephony.TelephonyConnectionService}, [****], UserHandle{0} Capabilities: CallProvider MultiUser PlaceEmerg SimSub  Audio Routes: BESW Schemes: tel voicemail  Extras: Bundle[{android.telecom.extra.SUPPORTS_VIDEO_CALLING_FALLBACK=true}] GroupId: [****]] with handle: ComponentInfo{com.android.phone/com.android.services.telephony.TelephonyConnectionService}, [****], UserHandle{0}
12-01 22:46:42.238  5389  5389 I Telephony: PstnIncomingCallNotifier: Registering: Handler (com.android.internal.telephony.GsmCdmaPhone) {15d1a80}
12-01 22:46:42.248  5389  5389 I Telephony: PstnPhoneCapabilitiesNotifier: handleVideoCapabilitesChanged. Video capability - false
12-01 22:46:42.257  4622  7621 I chatty  : uid=1000(system) Binder:4622_9 expire 1 line
12-01 22:46:43.164  5389  5389 I Telephony: PstnIncomingCallNotifier: Unregistering: Handler (com.android.internal.telephony.GsmCdmaPhone) {15d1a80}
12-01 22:46:43.179  4622 22266 I chatty  : uid=1000(system) Binder:4622_1E expire 1 line
12-01 22:46:43.183  5389  5389 I Telephony: AccountEntry: Registered phoneAccount: [[ ] PhoneAccount: ComponentInfo{com.android.phone/com.android.services.telephony.TelephonyConnectionService}, [****], UserHandle{0} Capabilities: CallProvider MultiUser PlaceEmerg SimSub  Audio Routes: BESW Schemes: tel voicemail  Extras: Bundle[{android.telecom.extra.SUPPORTS_VIDEO_CALLING_FALLBACK=true}] GroupId: [****]] with handle: ComponentInfo{com.android.phone/com.android.services.telephony.TelephonyConnectionService}, [****], UserHandle{0}
12-01 22:46:43.183  5389  5389 I Telephony: PstnIncomingCallNotifier: Registering: Handler (com.android.internal.telephony.GsmCdmaPhone) {15d1a80}
12-01 22:46:43.221  5389  5389 I Telephony: PstnPhoneCapabilitiesNotifier: handleVideoCapabilitesChanged. Video capability - false
12-01 22:46:43.234  4622  5383 I chatty  : uid=1000(system) Binder:4622_4 expire 1 line
12-01 22:47:03.748  3857  3857 W wificond: Failed to get NL80211_ATTR_STATUS_CODE
12-01 22:47:03.786  4622 22119 I chatty  : uid=1000(system) Binder:4622_17 expire 1 line
12-01 22:47:37.914  3857  3857 W wificond: Failed to get NL80211_ATTR_STATUS_CODE
12-01 22:48:08.903  4622  5121 I chatty  : uid=1000(system) ConnectivitySer expire 3 lines
12-01 22:48:08.965  4622  5095 I chatty  : uid=1000(system) NetworkPolicy expire 9 lines
12-01 22:48:08.971  4622  5121 I chatty  : uid=1000(system) ConnectivitySer expire 2 lines
12-01 22:48:08.984  3857  3857 W wificond: Skip match ssid for pno scan: _Heathrow Wi-Fi, VM4724179, TP-LINK_Extender_2.4GHz, InfoDriverWiFi-CAN, German-Arms-Guest, Any, ODEON_WiFi, CMCC-WEB, Lookers Hawkins Rd, -Free  SYD WiFi-, DXB Free WiFi, BigPond429425, _The QUADRANT Free WiFi, Lounge Room, -Free SYD WiFi-, AIRPORT-FREE-WIFI, first-wi-fi, Darling Harbour Hotel2, _Brewery Free WiFi, _PizzaExpressWiFi, German Arms Guest, Adelaide Virgin Lounge, Trilogy 106, Customer-wifi, studentcom, CommBankFreeWiFi, Chromecast2097, TheManor67, Boingo_Hotspot, Abellio GA WiFi, Connectify-tayla, SmithS, Wireless Network, GA Slate, Airport_Free_WiFi, SouthwestTrainsWiFi, Internode
12-01 22:48:08.996  3857  3857 I wificond: Pno scan started
12-01 22:48:09.053  4622  5095 I chatty  : uid=1000(system) NetworkPolicy expire 3 lines
12-01 22:48:42.219  4622  5432 I chatty  : uid=1000(system) Binder:4622_6 expire 1 line
12-01 22:49:11.144  3857  3857 I wificond: Pno scan result ready event
12-01 22:49:11.149  3857  3857 I wificond: Pno scan stopped
12-01 22:49:11.161  3857  3857 W wificond: Scan is not started. Ignore abort request
12-01 22:49:11.288  4622  5099 I chatty  : uid=1000(system) WifiStateMachin expire 1 line
12-01 22:49:16.789  4622  5121 I chatty  : uid=1000(system) ConnectivitySer expire 3 lines
12-01 22:49:16.862  4622  5095 I chatty  : uid=1000(system) NetworkPolicy expire 2 lines
12-01 22:49:16.884  4622  5121 I chatty  : uid=1000(system) ConnectivitySer expire 2 lines
12-01 22:49:16.903  4622  5095 I chatty  : uid=1000(system) NetworkPolicy expire 3 lines
12-01 22:49:16.929  4622  5185 I chatty  : uid=1000(system) ConnectivityThr expire 2 lines
12-01 22:49:16.932  4622  5383 I chatty  : uid=1000(system) Binder:4622_4 expire 1 line
12-01 22:49:16.933  4622  7620 I chatty  : uid=1000(system) Binder:4622_8 expire 1 line
12-01 22:49:16.934  4622  5235 I chatty  : uid=1000(system) Binder:4622_3 expire 1 line
12-01 22:49:16.935  4622  7830 I chatty  : uid=1000(system) Binder:4622_B expire 1 line
12-01 22:49:16.965  4622  5121 I chatty  : uid=1000(system) ConnectivitySer expire 2 lines
12-01 22:49:17.020  4622  4806 I chatty  : uid=1000(system) ActivityManager expire 1 line
12-01 22:49:21.976  4622  5095 I chatty  : uid=1000(system) NetworkPolicy expire 6 lines
12-01 22:49:26.981  4622  4806 I chatty  : uid=1000(system) ActivityManager expire 2 lines
12-01 22:49:27.066  4622  5095 I chatty  : uid=1000(system) NetworkPolicy expire 6 lines
12-01 22:49:54.845  4622  5121 I chatty  : uid=1000(system) ConnectivitySer expire 4 lines
12-01 22:49:54.900  4622  5095 I chatty  : uid=1000(system) NetworkPolicy expire 12 lines
12-01 22:49:54.904  3857  3857 W wificond: Skip match ssid for pno scan: _Heathrow Wi-Fi, VM4724179, TP-LINK_Extender_2.4GHz, InfoDriverWiFi-CAN, German-Arms-Guest, Any, ODEON_WiFi, CMCC-WEB, Lookers Hawkins Rd, -Free  SYD WiFi-, DXB Free WiFi, BigPond429425, _The QUADRANT Free WiFi, Lounge Room, -Free SYD WiFi-, AIRPORT-FREE-WIFI, first-wi-fi, Darling Harbour Hotel2, _Brewery Free WiFi, _PizzaExpressWiFi, German Arms Guest, Adelaide Virgin Lounge, Trilogy 106, Customer-wifi, studentcom, CommBankFreeWiFi, Chromecast2097, TheManor67, Boingo_Hotspot, Abellio GA WiFi, Connectify-tayla, SmithS, Wireless Network, GA Slate, Airport_Free_WiFi, SouthwestTrainsWiFi, Internode
12-01 22:49:54.924  3857  3857 I wificond: Pno scan started
12-01 22:49:58.487  4622  4855 I chatty  : uid=1000(system) batterystats-wo expire 1 line
12-01 22:50:57.074  3857  3857 I wificond: Pno scan result ready event
12-01 22:50:57.081  3857  3857 I wificond: Pno scan stopped
12-01 22:50:57.103  3857  3857 W wificond: Scan is not started. Ignore abort request
12-01 22:50:57.234  4622  5099 I chatty  : uid=1000(system) WifiStateMachin expire 1 line
12-01 22:50:57.234  4622  5121 I chatty  : uid=1000(system) ConnectivitySer expire 6 lines
12-01 22:51:02.760  4622  5095 I chatty  : uid=1000(system) NetworkPolicy expire 17 lines
12-01 22:51:02.831  4622  5121 I chatty  : uid=1000(system) ConnectivitySer expire 17 lines
12-01 22:51:02.866  4622  5185 I chatty  : uid=1000(system) ConnectivityThr expire 6 lines
12-01 22:51:02.931  4622  4806 I chatty  : uid=1000(system) ActivityManager expire 4 lines
12-01 22:51:40.793  3857  3857 W wificond: Skip match ssid for pno scan: _Heathrow Wi-Fi, VM4724179, TP-LINK_Extender_2.4GHz, InfoDriverWiFi-CAN, German-Arms-Guest, Any, ODEON_WiFi, CMCC-WEB, Lookers Hawkins Rd, -Free  SYD WiFi-, DXB Free WiFi, BigPond429425, _The QUADRANT Free WiFi, Lounge Room, -Free SYD WiFi-, AIRPORT-FREE-WIFI, first-wi-fi, Darling Harbour Hotel2, _Brewery Free WiFi, _PizzaExpressWiFi, German Arms Guest, Adelaide Virgin Lounge, Trilogy 106, Customer-wifi, studentcom, CommBankFreeWiFi, Chromecast2097, TheManor67, Boingo_Hotspot, Abellio GA WiFi, Connectify-tayla, SmithS, Wireless Network, GA Slate, Airport_Free_WiFi, SouthwestTrainsWiFi, Internode
12-01 22:51:40.807  4622  5095 I chatty  : uid=1000(system) NetworkPolicy expire 12 lines
12-01 22:51:40.814  3857  3857 I wificond: Pno scan started
12-01 22:51:50.900  3857  3857 I wificond: Pno scan stopped
12-01 22:51:55.898  3857  3857 W wificond: Skip match ssid for pno scan: _Heathrow Wi-Fi, VM4724179, TP-LINK_Extender_2.4GHz, InfoDriverWiFi-CAN, German-Arms-Guest, Any, ODEON_WiFi, CMCC-WEB, Lookers Hawkins Rd, -Free  SYD WiFi-, DXB Free WiFi, BigPond429425, _The QUADRANT Free WiFi, Lounge Room, -Free SYD WiFi-, AIRPORT-FREE-WIFI, first-wi-fi, Darling Harbour Hotel2, _Brewery Free WiFi, _PizzaExpressWiFi, German Arms Guest, Adelaide Virgin Lounge, Trilogy 106, Customer-wifi, studentcom, CommBankFreeWiFi, Chromecast2097, TheManor67, Boingo_Hotspot, Abellio GA WiFi, Connectify-tayla, SmithS, Wireless Network, GA Slate, Airport_Free_WiFi, SouthwestTrainsWiFi, Internode
12-01 22:51:55.976  3857  3857 I wificond: Pno scan started
12-01 22:52:13.281  4622 22115 I chatty  : uid=1000(system) Binder:4622_16 expire 1 line
12-01 22:52:13.283  4622 10091 I chatty  : uid=1000(system) Binder:4622_E expire 1 line
12-01 22:52:13.289  4622  7619 I chatty  : uid=1000(system) Binder:4622_7 expire 1 line
12-01 22:52:13.297  4622  4683 I chatty  : uid=1000(system) Binder:4622_1 expire 1 line
12-01 22:52:13.303  4622  4862 I chatty  : uid=1000(system) android.display expire 1 line
12-01 22:52:13.326  4622  4855 I chatty  : uid=1000(system) batterystats-wo expire 1 line
12-01 22:52:28.053  3857  3857 I wificond: Pno scan result ready event
12-01 22:52:28.063  3857  3857 I wificond: Pno scan stopped
12-01 22:52:28.085  3857  3857 W wificond: Scan is not started. Ignore abort request
12-01 22:52:28.221  4622  5099 I chatty  : uid=1000(system) WifiStateMachin expire 2 lines
12-01 22:52:33.767  4622  5095 I chatty  : uid=1000(system) NetworkPolicy expire 19 lines
12-01 22:53:04.308  3857  3857 W wificond: Skip match ssid for pno scan: _Heathrow Wi-Fi, VM4724179, TP-LINK_Extender_2.4GHz, InfoDriverWiFi-CAN, German-Arms-Guest, Any, ODEON_WiFi, CMCC-WEB, Lookers Hawkins Rd, -Free  SYD WiFi-, DXB Free WiFi, BigPond429425, _The QUADRANT Free WiFi, Lounge Room, -Free SYD WiFi-, AIRPORT-FREE-WIFI, first-wi-fi, Darling Harbour Hotel2, _Brewery Free WiFi, _PizzaExpressWiFi, German Arms Guest, Adelaide Virgin Lounge, Trilogy 106, Customer-wifi, studentcom, CommBankFreeWiFi, Chromecast2097, TheManor67, Boingo_Hotspot, Abellio GA WiFi, Connectify-tayla, SmithS, Wireless Network, GA Slate, Airport_Free_WiFi, SouthwestTrainsWiFi, Internode
12-01 22:53:04.309  4622  5121 I chatty  : uid=1000(system) ConnectivitySer expire 9 lines
12-01 22:53:04.316  4622  5095 I chatty  : uid=1000(system) NetworkPolicy expire 10 lines
12-01 22:53:04.354  3857  3857 I wificond: Pno scan started
12-01 22:53:36.325  3857  3857 I wificond: Pno scan result ready event
12-01 22:53:36.336  3857  3857 I wificond: Pno scan stopped
12-01 22:53:36.362  3857  3857 W wificond: Scan is not started. Ignore abort request
12-01 22:53:41.998  4622  5095 I chatty  : uid=1000(system) NetworkPolicy expire 19 lines
12-01 22:53:47.054  3852  4001 W SocketClient: write error (Broken pipe)
12-01 22:53:47.054  3852  4001 W SocketClient: Unable to send msg '616 Route removed fe80::/64 dev r_rmnet_data0'
12-01 22:53:47.054  3852  4001 W SocketListener: Error sending broadcast (Broken pipe)
12-01 22:54:07.130  4622  5121 I chatty  : uid=1000(system) ConnectivitySer expire 4 lines
12-01 22:54:07.210  4622  5095 I chatty  : uid=1000(system) NetworkPolicy expire 10 lines
12-01 22:54:07.214  3857  3857 W wificond: Skip match ssid for pno scan: _Heathrow Wi-Fi, VM4724179, TP-LINK_Extender_2.4GHz, InfoDriverWiFi-CAN, German-Arms-Guest, Any, ODEON_WiFi, CMCC-WEB, Lookers Hawkins Rd, -Free  SYD WiFi-, DXB Free WiFi, BigPond429425, _The QUADRANT Free WiFi, Lounge Room, -Free SYD WiFi-, AIRPORT-FREE-WIFI, first-wi-fi, Darling Harbour Hotel2, _Brewery Free WiFi, _PizzaExpressWiFi, German Arms Guest, Adelaide Virgin Lounge, Trilogy 106, Customer-wifi, studentcom, CommBankFreeWiFi, Chromecast2097, TheManor67, Boingo_Hotspot, Abellio GA WiFi, Connectify-tayla, SmithS, Wireless Network, GA Slate, Airport_Free_WiFi, SouthwestTrainsWiFi, Internode
12-01 22:54:07.237  3857  3857 I wificond: Pno scan started
12-01 22:54:39.250  3857  3857 I wificond: Pno scan result ready event
12-01 22:54:39.261  3857  3857 I wificond: Pno scan stopped
12-01 22:54:39.284  3857  3857 W wificond: Scan is not started. Ignore abort request
12-01 22:54:39.398  4622  5099 I chatty  : uid=1000(system) WifiStateMachin expire 1 line
12-01 22:54:39.398  4622  5121 I chatty  : uid=1000(system) ConnectivitySer expire 4 lines
12-01 22:54:44.870  4622  5095 I chatty  : uid=1000(system) NetworkPolicy expire 2 lines
12-01 22:54:44.880  4622  5121 I chatty  : uid=1000(system) ConnectivitySer expire 2 lines
12-01 22:54:44.906  4622  5095 I chatty  : uid=1000(system) NetworkPolicy expire 15 lines
12-01 22:54:44.928  4622  5185 I chatty  : uid=1000(system) ConnectivityThr expire 6 lines
12-01 22:54:46.146  4622  5121 I chatty  : uid=1000(system) ConnectivitySer expire 18 lines
12-01 22:54:46.147  4622  4806 I chatty  : uid=1000(system) ActivityManager expire 2 lines
12-01 22:55:20.331  3857  3857 W wificond: Failed to get NL80211_ATTR_STATUS_CODE
12-01 22:55:29.981  4622  5095 I chatty  : uid=1000(system) NetworkPolicy expire 12 lines
12-01 22:55:30.020  3857  3857 W wificond: Skip match ssid for pno scan: _Heathrow Wi-Fi, VM4724179, TP-LINK_Extender_2.4GHz, InfoDriverWiFi-CAN, German-Arms-Guest, Any, ODEON_WiFi, CMCC-WEB, Lookers Hawkins Rd, -Free  SYD WiFi-, DXB Free WiFi, BigPond429425, _The QUADRANT Free WiFi, Lounge Room, -Free SYD WiFi-, AIRPORT-FREE-WIFI, first-wi-fi, Darling Harbour Hotel2, _Brewery Free WiFi, _PizzaExpressWiFi, German Arms Guest, Adelaide Virgin Lounge, Trilogy 106, Customer-wifi, studentcom, CommBankFreeWiFi, Chromecast2097, TheManor67, Boingo_Hotspot, Abellio GA WiFi, Connectify-tayla, SmithS, Wireless Network, GA Slate, Airport_Free_WiFi, SouthwestTrainsWiFi, Internode
12-01 22:55:30.044  3857  3857 I wificond: Pno scan started
12-01 22:55:55.994  3857  3857 I wificond: Pno scan stopped
12-01 22:55:56.626  3857  3857 W wificond: Scan is not started. Ignore abort request
12-01 22:55:56.799  4622  5099 I chatty  : uid=1000(system) WifiStateMachin expire 2 lines
12-01 22:56:02.292  4622  5095 I chatty  : uid=1000(system) NetworkPolicy expire 19 lines
12-01 22:57:10.440  3857  3857 W wificond: Skip match ssid for pno scan: _Heathrow Wi-Fi, VM4724179, TP-LINK_Extender_2.4GHz, InfoDriverWiFi-CAN, German-Arms-Guest, Any, ODEON_WiFi, CMCC-WEB, Lookers Hawkins Rd, -Free  SYD WiFi-, DXB Free WiFi, BigPond429425, _The QUADRANT Free WiFi, Lounge Room, -Free SYD WiFi-, AIRPORT-FREE-WIFI, first-wi-fi, Darling Harbour Hotel2, _Brewery Free WiFi, _PizzaExpressWiFi, German Arms Guest, Adelaide Virgin Lounge, Trilogy 106, Customer-wifi, studentcom, CommBankFreeWiFi, Chromecast2097, TheManor67, Boingo_Hotspot, Abellio GA WiFi, Connectify-tayla, SmithS, Wireless Network, GA Slate, Airport_Free_WiFi, SouthwestTrainsWiFi, Internode
12-01 22:57:10.450  4622  5095 I chatty  : uid=1000(system) NetworkPolicy expire 10 lines
12-01 22:57:10.461  3857  3857 I wificond: Pno scan started
12-01 22:57:34.675  4622  4855 I chatty  : uid=1000(system) batterystats-wo expire 1 line
12-01 22:57:39.697  4622  4805 I chatty  : uid=1000(system) android.bg expire 1 line
12-01 22:57:42.409  3857  3857 I wificond: Pno scan result ready event
12-01 22:57:42.420  3857  3857 I wificond: Pno scan stopped
12-01 22:57:42.449  3857  3857 W wificond: Scan is not started. Ignore abort request
12-01 22:57:42.588  4622  5121 I chatty  : uid=1000(system) ConnectivitySer expire 8 lines
12-01 22:57:48.134  4622  5095 I chatty  : uid=1000(system) NetworkPolicy expire 5 lines
12-01 22:57:48.203  4622  5383 I chatty  : uid=1000(system) Binder:4622_4 expire 1 line
12-01 22:57:48.213  4622 22123 I chatty  : uid=1000(system) Binder:4622_1B expire 1 line
12-01 22:57:48.214  4622 10090 I chatty  : uid=1000(system) Binder:4622_D expire 1 line
12-01 22:57:48.216  4622 22115 I chatty  : uid=1000(system) Binder:4622_16 expire 1 line
12-01 22:57:48.216  4622  4684 I chatty  : uid=1000(system) Binder:4622_2 expire 1 line
12-01 22:57:48.216  4622  7633 I chatty  : uid=1000(system) Binder:4622_A expire 1 line
12-01 22:57:48.305  4622 22108 I chatty  : uid=1000(system) Binder:4622_14 expire 1 line
12-01 22:57:48.310  4622  4806 I chatty  : uid=1000(system) ActivityManager expire 1 line
12-01 22:57:48.529  4622 22099 I chatty  : uid=1000(system) Binder:4622_F expire 1 line
12-01 22:57:53.261  4622  5095 I chatty  : uid=1000(system) NetworkPolicy expire 12 lines
12-01 22:58:27.056  4622  5121 I chatty  : uid=1000(system) ConnectivitySer expire 3 lines
12-01 22:58:27.116  3857  3857 W wificond: Skip match ssid for pno scan: _Heathrow Wi-Fi, VM4724179, TP-LINK_Extender_2.4GHz, InfoDriverWiFi-CAN, German-Arms-Guest, Any, ODEON_WiFi, CMCC-WEB, Lookers Hawkins Rd, -Free  SYD WiFi-, DXB Free WiFi, BigPond429425, _The QUADRANT Free WiFi, Lounge Room, -Free SYD WiFi-, AIRPORT-FREE-WIFI, first-wi-fi, Darling Harbour Hotel2, _Brewery Free WiFi, _PizzaExpressWiFi, German Arms Guest, Adelaide Virgin Lounge, Trilogy 106, Customer-wifi, studentcom, CommBankFreeWiFi, Chromecast2097, TheManor67, Boingo_Hotspot, Abellio GA WiFi, Connectify-tayla, SmithS, Wireless Network, GA Slate, Airport_Free_WiFi, SouthwestTrainsWiFi, Internode
12-01 22:58:27.118  4622  5095 I chatty  : uid=1000(system) NetworkPolicy expire 12 lines
12-01 22:58:27.156  3857  3857 I wificond: Pno scan started
12-01 22:58:27.156  4622  5121 I chatty  : uid=1000(system) ConnectivitySer expire 2 lines
12-01 22:58:27.314  4622 22121 I chatty  : uid=1000(system) Binder:4622_19 expire 1 line
12-01 22:58:42.177  4622  5432 I chatty  : uid=1000(system) Binder:4622_6 expire 1 line
12-01 22:58:59.174  3857  3857 I wificond: Pno scan result ready event
12-01 22:58:59.185  3857  3857 I wificond: Pno scan stopped
12-01 22:58:59.212  3857  3857 W wificond: Scan is not started. Ignore abort request
12-01 22:58:59.335  4622  5099 I chatty  : uid=1000(system) WifiStateMachin expire 1 line
12-01 22:59:04.755  4622  5121 I chatty  : uid=1000(system) ConnectivitySer expire 3 lines
12-01 22:59:04.835  4622  5095 I chatty  : uid=1000(system) NetworkPolicy expire 2 lines
12-01 22:59:04.846  4622  5121 I chatty  : uid=1000(system) ConnectivitySer expire 2 lines
12-01 22:59:04.872  4622  5095 I chatty  : uid=1000(system) NetworkPolicy expire 15 lines
12-01 22:59:04.889  4622 22107 I chatty  : uid=1000(system) Binder:4622_13 expire 2 lines
12-01 22:59:04.889  4622  7633 I chatty  : uid=1000(system) Binder:4622_A expire 2 lines
12-01 22:59:04.889  4622  7830 I chatty  : uid=1000(system) Binder:4622_B expire 1 line
12-01 22:59:04.890  4622 22104 I chatty  : uid=1000(system) Binder:4622_10 expire 1 line
12-01 22:59:04.891  4622  7620 I chatty  : uid=1000(system) Binder:4622_8 expire 2 lines
12-01 22:59:04.897  4622  5235 I chatty  : uid=1000(system) Binder:4622_3 expire 3 lines
12-01 22:59:04.904  4622  5121 I chatty  : uid=1000(system) ConnectivitySer expire 7 lines
12-01 22:59:04.909  4622  5185 I chatty  : uid=1000(system) ConnectivityThr expire 2 lines
12-01 22:59:04.967  4622  4806 I chatty  : uid=1000(system) ActivityManager expire 1 line
12-01 22:59:26.910  3857  3857 W wificond: Failed to get NL80211_ATTR_STATUS_CODE
12-01 22:59:27.167  4622  4855 I chatty  : uid=1000(system) batterystats-wo expire 2 lines
12-01 22:59:55.397  3857  3857 W wificond: Failed to get NL80211_ATTR_STATUS_CODE
12-01 22:59:58.286  4622 10090 I chatty  : uid=1000(system) Binder:4622_D expire 3 lines
12-01 22:59:58.434  4622 22108 I chatty  : uid=1000(system) Binder:4622_14 expire 1 line
12-01 22:59:58.459  4622  5432 I chatty  : uid=1000(system) Binder:4622_6 expire 2 lines
12-01 22:59:58.795  4622 22121 I chatty  : uid=1000(system) Binder:4622_19 expire 2 lines
12-01 23:00:17.175  3857  3857 W wificond: Failed to get NL80211_ATTR_STATUS_CODE
12-01 23:00:19.802  4622 22110 I chatty  : uid=1000(system) Binder:4622_15 expire 3 lines
12-01 23:00:33.496  5389  5389 D MccTable: updateMccMncConfiguration mccmnc='23420' fromServiceState=true
12-01 23:00:33.498  5389  5389 D MccTable: updateMccMncConfiguration defaultMccMnc=23420
12-01 23:00:33.498  5389  5389 D MccTable: updateMccMncConfiguration: mcc=234, mnc=20
12-01 23:00:33.498  5389  5389 D MccTable: WIFI_COUNTRY_CODE set to gb
12-01 23:00:33.498  4622 22119 I chatty  : uid=1000(system) Binder:4622_17 expire 1 line
12-01 23:00:33.527  4622  4622 I chatty  : uid=1000 system_server expire 4 lines
12-01 23:00:33.549  5389  5389 I Telephony: PstnIncomingCallNotifier: Unregistering: Handler (com.android.internal.telephony.GsmCdmaPhone) {15d1a80}
12-01 23:00:33.567  5389  5389 I Telephony: AccountEntry: Registered phoneAccount: [[ ] PhoneAccount: ComponentInfo{com.android.phone/com.android.services.telephony.TelephonyConnectionService}, [****], UserHandle{0} Capabilities: CallProvider MultiUser PlaceEmerg SimSub  Audio Routes: BESW Schemes: tel voicemail  Extras: Bundle[{android.telecom.extra.SUPPORTS_VIDEO_CALLING_FALLBACK=true}] GroupId: [****]] with handle: ComponentInfo{com.android.phone/com.android.services.telephony.TelephonyConnectionService}, [****], UserHandle{0}
12-01 23:00:33.567  5389  5389 I Telephony: PstnIncomingCallNotifier: Registering: Handler (com.android.internal.telephony.GsmCdmaPhone) {15d1a80}
12-01 23:00:33.571  5389  5389 I Telephony: PstnIncomingCallNotifier: Unregistering: Handler (com.android.internal.telephony.GsmCdmaPhone) {15d1a80}
12-01 23:00:33.583  4622  4684 I chatty  : uid=1000(system) Binder:4622_2 expire 2 lines
12-01 23:00:33.587  5389  5389 I Telephony: AccountEntry: Registered phoneAccount: [[ ] PhoneAccount: ComponentInfo{com.android.phone/com.android.services.telephony.TelephonyConnectionService}, [****], UserHandle{0} Capabilities: CallProvider MultiUser PlaceEmerg SimSub  Audio Routes: BESW Schemes: tel voicemail  Extras: Bundle[{android.telecom.extra.SUPPORTS_VIDEO_CALLING_FALLBACK=true}] GroupId: [****]] with handle: ComponentInfo{com.android.phone/com.android.services.telephony.TelephonyConnectionService}, [****], UserHandle{0}
12-01 23:00:33.588  5389  5389 I Telephony: PstnIncomingCallNotifier: Registering: Handler (com.android.internal.telephony.GsmCdmaPhone) {15d1a80}
12-01 23:00:33.742  5389  5389 I Telephony: PstnPhoneCapabilitiesNotifier: handleVideoCapabilitesChanged. Video capability - false
12-01 23:00:33.742  5389  5389 I Telephony: PstnPhoneCapabilitiesNotifier: handleVideoCapabilitesChanged. Video capability - false
12-01 23:00:33.756  4622 22120 I chatty  : uid=1000(system) Binder:4622_18 expire 1 line
12-01 23:00:36.363  3857  3857 W wificond: Failed to get NL80211_ATTR_STATUS_CODE
12-01 23:01:06.403  3857  3857 I chatty  : uid=1010(wifi) /system/bin/wificond identical 1 line
12-01 23:01:19.275  3857  3857 W wificond: Failed to get NL80211_ATTR_STATUS_CODE
12-01 23:01:53.581  5389  5389 D MccTable: updateMccMncConfiguration mccmnc='' fromServiceState=true
12-01 23:01:53.581  5389  5389 D MccTable: WIFI_COUNTRY_CODE set to 
12-01 23:01:53.582  4622  9699 I chatty  : uid=1000(system) Binder:4622_1F expire 3 lines
12-01 23:01:53.613  5389  5389 I Telephony: PstnIncomingCallNotifier: Unregistering: Handler (com.android.internal.telephony.GsmCdmaPhone) {15d1a80}
12-01 23:01:53.629  4622 24338 I chatty  : uid=1000(system) Binder:4622_20 expire 2 lines
12-01 23:01:53.633  5389  5389 I Telephony: AccountEntry: Registered phoneAccount: [[ ] PhoneAccount: ComponentInfo{com.android.phone/com.android.services.telephony.TelephonyConnectionService}, [****], UserHandle{0} Capabilities: CallProvider MultiUser PlaceEmerg SimSub  Audio Routes: BESW Schemes: tel voicemail  Extras: Bundle[{android.telecom.extra.SUPPORTS_VIDEO_CALLING_FALLBACK=true}] GroupId: [****]] with handle: ComponentInfo{com.android.phone/com.android.services.telephony.TelephonyConnectionService}, [****], UserHandle{0}
12-01 23:01:53.633  5389  5389 I Telephony: PstnIncomingCallNotifier: Registering: Handler (com.android.internal.telephony.GsmCdmaPhone) {15d1a80}
12-01 23:01:53.641  5389  5389 I Telephony: PstnPhoneCapabilitiesNotifier: handleVideoCapabilitesChanged. Video capability - false
12-01 23:01:54.613  5389  5389 I Telephony: PstnIncomingCallNotifier: Unregistering: Handler (com.android.internal.telephony.GsmCdmaPhone) {15d1a80}
12-01 23:01:54.632  5389  5389 I Telephony: AccountEntry: Registered phoneAccount: [[ ] PhoneAccount: ComponentInfo{com.android.phone/com.android.services.telephony.TelephonyConnectionService}, [****], UserHandle{0} Capabilities: CallProvider MultiUser PlaceEmerg SimSub  Audio Routes: BESW Schemes: tel voicemail  Extras: Bundle[{android.telecom.extra.SUPPORTS_VIDEO_CALLING_FALLBACK=true}] GroupId: [****]] with handle: ComponentInfo{com.android.phone/com.android.services.telephony.TelephonyConnectionService}, [****], UserHandle{0}
12-01 23:01:54.632  5389  5389 I Telephony: PstnIncomingCallNotifier: Registering: Handler (com.android.internal.telephony.GsmCdmaPhone) {15d1a80}
12-01 23:01:54.673  5389  5389 I Telephony: PstnPhoneCapabilitiesNotifier: handleVideoCapabilitesChanged. Video capability - false
12-01 23:01:54.686  4622 22115 I chatty  : uid=1000(system) Binder:4622_16 expire 2 lines
12-01 23:02:09.789  5389  5389 I Telephony: PstnIncomingCallNotifier: Unregistering: Handler (com.android.internal.telephony.GsmCdmaPhone) {15d1a80}
12-01 23:02:09.805  4622 22105 I chatty  : uid=1000(system) Binder:4622_11 expire 1 line
12-01 23:02:09.810  5389  5389 I Telephony: AccountEntry: Registered phoneAccount: [[ ] PhoneAccount: ComponentInfo{com.android.phone/com.android.services.telephony.TelephonyConnectionService}, [****], UserHandle{0} Capabilities: CallProvider MultiUser PlaceEmerg SimSub  Audio Routes: BESW Schemes: tel voicemail  Extras: Bundle[{android.telecom.extra.SUPPORTS_VIDEO_CALLING_FALLBACK=true}] GroupId: [****]] with handle: ComponentInfo{com.android.phone/com.android.services.telephony.TelephonyConnectionService}, [****], UserHandle{0}
12-01 23:02:09.811  5389  5389 I Telephony: PstnIncomingCallNotifier: Registering: Handler (com.android.internal.telephony.GsmCdmaPhone) {15d1a80}
12-01 23:02:09.820  5389  5389 I Telephony: PstnPhoneCapabilitiesNotifier: handleVideoCapabilitesChanged. Video capability - false
12-01 23:02:33.498  4622  4683 I chatty  : uid=1000(system) Binder:4622_1 expire 1 line
12-01 23:02:49.440  4622  5430 I chatty  : uid=1000(system) Binder:4622_5 expire 2 lines
12-01 23:03:47.533  4622  5062 I chatty  : uid=1000(system) InputReader expire 1 line
12-01 23:03:47.565  4622  4864 I chatty  : uid=1000(system) PowerManagerSer expire 7 lines
12-01 23:03:47.571  4622  4862 I chatty  : uid=1000(system) android.display expire 2 lines
12-01 23:04:35.638  5389  5389 D MccTable: updateMccMncConfiguration mccmnc='23420' fromServiceState=true
12-01 23:04:35.646  5389  5389 D MccTable: updateMccMncConfiguration defaultMccMnc=23420
12-01 23:04:35.646  5389  5389 D MccTable: updateMccMncConfiguration: mcc=234, mnc=20
12-01 23:04:35.646  5389  5389 D MccTable: WIFI_COUNTRY_CODE set to gb
12-01 23:04:35.689  5389  5389 I Telephony: PstnIncomingCallNotifier: Unregistering: Handler (com.android.internal.telephony.GsmCdmaPhone) {15d1a80}
12-01 23:04:35.708  5389  5389 I Telephony: AccountEntry: Registered phoneAccount: [[ ] PhoneAccount: ComponentInfo{com.android.phone/com.android.services.telephony.TelephonyConnectionService}, [****], UserHandle{0} Capabilities: CallProvider MultiUser PlaceEmerg SimSub  Audio Routes: BESW Schemes: tel voicemail  Extras: Bundle[{android.telecom.extra.SUPPORTS_VIDEO_CALLING_FALLBACK=true}] GroupId: [****]] with handle: ComponentInfo{com.android.phone/com.android.services.telephony.TelephonyConnectionService}, [****], UserHandle{0}
12-01 23:04:35.708  5389  5389 I Telephony: PstnIncomingCallNotifier: Registering: Handler (com.android.internal.telephony.GsmCdmaPhone) {15d1a80}
12-01 23:04:35.712  5389  5389 I Telephony: PstnIncomingCallNotifier: Unregistering: Handler (com.android.internal.telephony.GsmCdmaPhone) {15d1a80}
12-01 23:04:35.730  5389  5389 I Telephony: AccountEntry: Registered phoneAccount: [[ ] PhoneAccount: ComponentInfo{com.android.phone/com.android.services.telephony.TelephonyConnectionService}, [****], UserHandle{0} Capabilities: CallProvider MultiUser PlaceEmerg SimSub  Audio Routes: BESW Schemes: tel voicemail  Extras: Bundle[{android.telecom.extra.SUPPORTS_VIDEO_CALLING_FALLBACK=true}] GroupId: [****]] with handle: ComponentInfo{com.android.phone/com.android.services.telephony.TelephonyConnectionService}, [****], UserHandle{0}
12-01 23:04:35.730  5389  5389 I Telephony: PstnIncomingCallNotifier: Registering: Handler (com.android.internal.telephony.GsmCdmaPhone) {15d1a80}
12-01 23:04:35.737  5389  5389 I Telephony: PstnPhoneCapabilitiesNotifier: handleVideoCapabilitesChanged. Video capability - false
12-01 23:04:35.737  5389  5389 I Telephony: PstnPhoneCapabilitiesNotifier: handleVideoCapabilitesChanged. Video capability - false
12-01 23:06:24.824  3857  3857 W wificond: Failed to get NL80211_ATTR_STATUS_CODE
12-01 23:06:39.558  3857  3857 W wificond: Skip match ssid for pno scan: _Heathrow Wi-Fi, VM4724179, TP-LINK_Extender_2.4GHz, InfoDriverWiFi-CAN, German-Arms-Guest, Any, ODEON_WiFi, CMCC-WEB, Lookers Hawkins Rd, -Free  SYD WiFi-, DXB Free WiFi, BigPond429425, _The QUADRANT Free WiFi, Lounge Room, -Free SYD WiFi-, AIRPORT-FREE-WIFI, first-wi-fi, Darling Harbour Hotel2, _Brewery Free WiFi, _PizzaExpressWiFi, German Arms Guest, Adelaide Virgin Lounge, Trilogy 106, Customer-wifi, studentcom, CommBankFreeWiFi, Chromecast2097, TheManor67, Boingo_Hotspot, Abellio GA WiFi, Connectify-tayla, SmithS, Wireless Network, GA Slate, Airport_Free_WiFi, SouthwestTrainsWiFi, Internode
12-01 23:06:39.561  4622  5095 I chatty  : uid=1000(system) NetworkPolicy expire 12 lines
12-01 23:06:39.578  3857  3857 I wificond: Pno scan started
12-01 23:07:01.309  4622  7619 I chatty  : uid=1000(system) Binder:4622_7 expire 1 line
12-01 23:07:19.318  5389  5389 D MccTable: updateMccMncConfiguration mccmnc='' fromServiceState=true
12-01 23:07:19.318  5389  5389 D MccTable: WIFI_COUNTRY_CODE set to 
12-01 23:07:19.318  4622 10078 I chatty  : uid=1000(system) Binder:4622_C expire 1 line
12-01 23:07:19.402  5389  5389 I Telephony: PstnIncomingCallNotifier: Unregistering: Handler (com.android.internal.telephony.GsmCdmaPhone) {15d1a80}
12-01 23:07:19.419  4622 22123 I chatty  : uid=1000(system) Binder:4622_1B expire 1 line
12-01 23:07:19.424  5389  5389 I Telephony: AccountEntry: Registered phoneAccount: [[ ] PhoneAccount: ComponentInfo{com.android.phone/com.android.services.telephony.TelephonyConnectionService}, [****], UserHandle{0} Capabilities: CallProvider MultiUser PlaceEmerg SimSub  Audio Routes: BESW Schemes: tel voicemail  Extras: Bundle[{android.telecom.extra.SUPPORTS_VIDEO_CALLING_FALLBACK=true}] GroupId: [****]] with handle: ComponentInfo{com.android.phone/com.android.services.telephony.TelephonyConnectionService}, [****], UserHandle{0}
12-01 23:07:19.424  5389  5389 I Telephony: PstnIncomingCallNotifier: Registering: Handler (com.android.internal.telephony.GsmCdmaPhone) {15d1a80}
12-01 23:07:19.433  5389  5389 I Telephony: PstnPhoneCapabilitiesNotifier: handleVideoCapabilitesChanged. Video capability - false
12-01 23:07:21.349  5389  5389 I Telephony: PstnIncomingCallNotifier: Unregistering: Handler (com.android.internal.telephony.GsmCdmaPhone) {15d1a80}
12-01 23:07:21.366  4622 22099 I chatty  : uid=1000(system) Binder:4622_F expire 1 line
12-01 23:07:21.370  5389  5389 I Telephony: AccountEntry: Registered phoneAccount: [[ ] PhoneAccount: ComponentInfo{com.android.phone/com.android.services.telephony.TelephonyConnectionService}, [****], UserHandle{0} Capabilities: CallProvider MultiUser PlaceEmerg SimSub  Audio Routes: BESW Schemes: tel voicemail  Extras: Bundle[{android.telecom.extra.SUPPORTS_VIDEO_CALLING_FALLBACK=true}] GroupId: [****]] with handle: ComponentInfo{com.android.phone/com.android.services.telephony.TelephonyConnectionService}, [****], UserHandle{0}
12-01 23:07:21.370  5389  5389 I Telephony: PstnIncomingCallNotifier: Registering: Handler (com.android.internal.telephony.GsmCdmaPhone) {15d1a80}
12-01 23:07:21.418  5389  5389 I Telephony: PstnPhoneCapabilitiesNotifier: handleVideoCapabilitesChanged. Video capability - false
12-01 23:07:34.171  3857  3857 I wificond: Pno scan stopped
12-01 23:07:34.762  3857  3857 I wificond: Unexpected empty scan result!
12-01 23:07:34.764  3857  3857 I wificond: Unexpected empty scan result!
12-01 23:07:39.172  3857  3857 W wificond: Skip match ssid for pno scan: _Heathrow Wi-Fi, VM4724179, TP-LINK_Extender_2.4GHz, InfoDriverWiFi-CAN, German-Arms-Guest, Any, ODEON_WiFi, CMCC-WEB, Lookers Hawkins Rd, -Free  SYD WiFi-, DXB Free WiFi, BigPond429425, _The QUADRANT Free WiFi, Lounge Room, -Free SYD WiFi-, AIRPORT-FREE-WIFI, first-wi-fi, Darling Harbour Hotel2, _Brewery Free WiFi, _PizzaExpressWiFi, German Arms Guest, Adelaide Virgin Lounge, Trilogy 106, Customer-wifi, studentcom, CommBankFreeWiFi, Chromecast2097, TheManor67, Boingo_Hotspot, Abellio GA WiFi, Connectify-tayla, SmithS, Wireless Network, GA Slate, Airport_Free_WiFi, SouthwestTrainsWiFi, Internode
12-01 23:07:39.256  3857  3857 I wificond: Pno scan started
12-01 23:09:41.926  3857  3857 I wificond: Pno scan stopped
12-01 23:09:42.589  3857  3857 W wificond: Scan is not started. Ignore abort request
12-01 23:09:42.748  4622  5099 I chatty  : uid=1000(system) WifiStateMachin expire 1 line
12-01 23:09:53.063  4622  5121 I chatty  : uid=1000(system) ConnectivitySer expire 2 lines
12-01 23:09:53.122  3857  3857 W wificond: Skip match ssid for pno scan: _Heathrow Wi-Fi, VM4724179, TP-LINK_Extender_2.4GHz, InfoDriverWiFi-CAN, German-Arms-Guest, Any, ODEON_WiFi, CMCC-WEB, Lookers Hawkins Rd, -Free  SYD WiFi-, DXB Free WiFi, BigPond429425, _The QUADRANT Free WiFi, Lounge Room, -Free SYD WiFi-, AIRPORT-FREE-WIFI, first-wi-fi, Darling Harbour Hotel2, _Brewery Free WiFi, _PizzaExpressWiFi, German Arms Guest, Adelaide Virgin Lounge, Trilogy 106, Customer-wifi, studentcom, CommBankFreeWiFi, Chromecast2097, TheManor67, Boingo_Hotspot, Abellio GA WiFi, Connectify-tayla, SmithS, Wireless Network, GA Slate, Airport_Free_WiFi, SouthwestTrainsWiFi, Internode
12-01 23:09:53.124  4622  5095 I chatty  : uid=1000(system) NetworkPolicy expire 5 lines
